06-27 15:21:13.816  2098  2825 D SDM     : DisplayBuiltIn::SetPanelBrightness: Primary: Display Setting brightness to level 229 (1.392486 percent)
06-27 15:21:13.817  2098  2188 I MiStcImpl: Dispatching command: 3 PCC
06-27 15:21:13.824  2098  2825 D SDM     : DisplayBuiltIn::SetPanelBrightness: Primary: Display Setting brightness to level 220 (1.337818 percent)
06-27 15:21:13.825  2098  2188 I MiStcImpl: Dispatching command: 3 PCC
06-27 15:21:13.833  2098  2825 D SDM     : DisplayBuiltIn::SetPanelBrightness: Primary: Display Setting brightness to level 212 (1.285298 percent)
06-27 15:21:13.834  2098  2188 I MiStcImpl: Dispatching command: 3 PCC
06-27 15:21:13.844  2098  2825 D SDM     : DisplayBuiltIn::SetPanelBrightness: Primary: Display Setting brightness to level 203 (1.234841 percent)
06-27 15:21:13.845  2098  2188 I MiStcImpl: Dispatching command: 3 PCC
06-27 15:21:13.849  2098  2825 D SDM     : DisplayBuiltIn::SetPanelBrightness: Primary: Display Setting brightness to level 195 (1.186366 percent)
06-27 15:21:13.855  2098  2188 I MiStcImpl: Dispatching command: 3 PCC
06-27 15:21:13.862  2098  2825 D SDM     : DisplayBuiltIn::SetPanelBrightness: Primary: Display Setting brightness to level 188 (1.139793 percent)
06-27 15:21:13.864  2098  2188 I MiStcImpl: Dispatching command: 3 PCC
06-27 15:21:13.870  2098  2825 D SDM     : DisplayBuiltIn::SetPanelBrightness: Primary: Display Setting brightness to level 180 (1.095051 percent)
06-27 15:21:13.873  2098  2188 I MiStcImpl: Dispatching command: 3 PCC
06-27 15:21:13.874  2098  2825 D SDM     : DisplayBuiltIn::SetPanelBrightness: Primary: Display Setting brightness to level 173 (1.052067 percent)
06-27 15:21:13.877  3542  4887 I libsensor-displayalgo: the value of channelCali C:2.530927,R:3.602771,G:0.242922,B:-0.001972,scales C:1.094388,R:1.064690,G:1.151685,B:0.982580
06-27 15:21:13.877  3542  4887 D libsensor-displayalgo: brightness:100.000000,R:21.235955,G:21.216900,B:21.223788,EVENT C:2498.000000,R:1482.500000,G:920.000000,B:578.500000, lux: 32.862450,cct:6559.581055, irPara: 1
06-27 15:21:13.879  2098  2188 I MiStcImpl: Dispatching command: 3 PCC
06-27 15:21:13.887  2098  2825 D SDM     : DisplayBuiltIn::SetPanelBrightness: Primary: Display Setting brightness to level 167 (1.010771 percent)
06-27 15:21:13.889  2098  2188 I MiStcImpl: Dispatching command: 3 PCC
06-27 15:21:13.890  2098  2825 D SDM     : DisplayBuiltIn::SetPanelBrightness: Primary: Display Setting brightness to level 160 (0.971094 percent)
06-27 15:21:13.898  2098  2188 I MiStcImpl: Dispatching command: 3 PCC
06-27 15:21:13.901 30864 24118 D PipelineWatcher: [0xb400007b57daa900] pipelineFull: too many frames in pipeline (4)
06-27 15:21:13.903  2098  2825 D SDM     : DisplayBuiltIn::SetPanelBrightness: Primary: Display Setting brightness to level 154 (0.932975 percent)
06-27 15:21:13.905  2098  2188 I MiStcImpl: Dispatching command: 3 PCC
06-27 15:21:13.912  2098  2823 D SDM     : DisplayBuiltIn::SetPanelBrightness: Primary: Display Setting brightness to level 148 (0.896353 percent)
06-27 15:21:13.913  2098  2188 I MiStcImpl: Dispatching command: 3 PCC
06-27 15:21:13.920  2098  2823 D SDM     : DisplayBuiltIn::SetPanelBrightness: Primary: Display Setting brightness to level 142 (0.861167 percent)
06-27 15:21:13.925  2098  2188 I MiStcImpl: Dispatching command: 3 PCC
06-27 15:21:13.925  2098  2823 D SDM     : DisplayBuiltIn::SetPanelBrightness: Primary: Display Setting brightness to level 137 (0.827362 percent)
06-27 15:21:13.930  2098  2188 I MiStcImpl: Dispatching command: 3 PCC
06-27 15:21:13.937  2098  2823 D SDM     : DisplayBuiltIn::SetPanelBrightness: Primary: Display Setting brightness to level 131 (0.794884 percent)
06-27 15:21:13.939  2098  2814 I vendor.qti.hardware.display.composer-service: FrameNotifyProcess Sensor: notify citsensorservice to trigger cwb
06-27 15:21:13.940  3542  4880 I libsensor-parseRGB: request dump start for mRequestDisplayId 0
06-27 15:21:13.940  3542  4880 D vendor.xiaomi.sensor.citsensorservice@2.0-service: handle id:22 wxh:1536x3200 uwxuh:1440x3200 size: 14745600 fd:16 fd_meta:17 flags:0x228 usage:0x33  format:0x3 layer_count: 1 reserved_size = 0
06-27 15:21:13.940  2098  2823 W SDM     : HWCSession::GetDisplayIndex: Display index not found for display 3.
06-27 15:21:13.940  2098  2823 D SDM     : HWCSession::SetCWBOutputBuffer: CWB config passed by cwb_client : tappoint 1  CWB_ROI : (473.000000 173.000000 714.000000 414.000000). Display 0
06-27 15:21:13.940  2098  2188 I MiStcImpl: Dispatching command: 3 PCC
06-27 15:21:13.940  2098  2825 D SDM     : DisplayBuiltIn::SetPanelBrightness: Primary: Display Setting brightness to level 126 (0.763681 percent)
06-27 15:21:13.947  2098  2190 I MiStcImpl: Dispatching command: 35 SET_HISTOGRAM
06-27 15:21:13.950  2098  2825 D SDM     : DisplayBuiltIn::SetPanelBrightness: Primary: Display Setting brightness to level 121 (0.733702 percent)
06-27 15:21:13.955  2098  2188 I MiStcImpl: Dispatching command: 3 PCC
06-27 15:21:13.957  2098  2236 D SDM     : HWDeviceDRM::SetupConcurrentWriteback: Tear down the Concurrent Writeback topology
06-27 15:21:13.962  2098  2825 D SDM     : DisplayBuiltIn::SetPanelBrightness: Primary: Display Setting brightness to level 116 (0.704901 percent)
06-27 15:21:13.964  2098  2188 I MiStcImpl: Dispatching command: 3 PCC
06-27 15:21:13.970  2098  2825 D SDM     : DisplayBuiltIn::SetPanelBrightness: Primary: Display Setting brightness to level 112 (0.677231 percent)
06-27 15:21:13.970  2098  4902 D SDM     : HWCSession::NotifyCWBStatus: Notify the client about buffer status 0. Display: 0
06-27 15:21:13.971  2098  4902 I SDM     : HWCSession::ProcessCWBStatus: CWB queue is empty. display_index: 0
06-27 15:21:13.971  2098  2188 I MiStcImpl: Dispatching command: 3 PCC
06-27 15:21:13.972 21349  4750 D MiPlay MiPlay_Session: [readMore:680][DID8899:CMD_1551] Session readMore [2]:[250] [250]
06-27 15:21:13.972 21349  4748 I MiPlay MiPlay_RemoteClient: [onMultiDisplayInfo:153][DID8899:CMD_1551] onMultiDisplayInfo what:100002, index:1
06-27 15:21:13.973 21349  4748 I MiPlay MiPlay_RemoteClient: [onMultiDisplayInfo:153][DID8899:CMD_1551] onMultiDisplayInfo what:100003, index:1
06-27 15:21:13.974  3542  4881 D libsensor-parseRGB: the value of RGB [3.058837 3.057274 3.057815]
06-27 15:21:13.978  2098  2825 D SDM     : DisplayBuiltIn::SetPanelBrightness: Primary: Display Setting brightness to level 108 (0.650646 percent)
06-27 15:21:13.982  2098  2188 I MiStcImpl: Dispatching command: 3 PCC
06-27 15:21:13.982  2098  2825 D SDM     : DisplayBuiltIn::SetPanelBrightness: Primary: Display Setting brightness to level 103 (0.625104 percent)
06-27 15:21:13.989  2098  2188 I MiStcImpl: Dispatching command: 3 PCC
06-27 15:21:13.995  2098  2825 D SDM     : DisplayBuiltIn::SetPanelBrightness: Primary: Display Setting brightness to level 99 (0.600565 percent)
06-27 15:21:13.998  2098  2188 I MiStcImpl: Dispatching command: 3 PCC
06-27 15:21:13.999  2098  2825 D SDM     : DisplayBuiltIn::SetPanelBrightness: Primary: Display Setting brightness to level 96 (0.576988 percent)
06-27 15:21:14.005  2098  2188 I MiStcImpl: Dispatching command: 3 PCC
06-27 15:21:14.011  2098  2825 D SDM     : DisplayBuiltIn::SetPanelBrightness: Primary: Display Setting brightness to level 92 (0.554336 percent)
06-27 15:21:14.016  2098  2825 D SDM     : DisplayBuiltIn::SetPanelBrightness: Primary: Display Setting brightness to level 88 (0.532571 percent)
06-27 15:21:14.016  2098  2188 I MiStcImpl: Dispatching command: 3 PCC
06-27 15:21:14.021  2098  2188 I MiStcImpl: Dispatching command: 3 PCC
06-27 15:21:14.028  2098  2825 D SDM     : DisplayBuiltIn::SetPanelBrightness: Primary: Display Setting brightness to level 85 (0.511660 percent)
06-27 15:21:14.031  2098  2188 I MiStcImpl: Dispatching command: 3 PCC
06-27 15:21:14.031  2098  2825 D SDM     : DisplayBuiltIn::SetPanelBrightness: Primary: Display Setting brightness to level 82 (0.491570 percent)
06-27 15:21:14.037  2098  2188 I MiStcImpl: Dispatching command: 3 PCC
06-27 15:21:14.038  2098  2188 I MiStcImpl: Dispatching command: 3 PCC
06-27 15:21:14.045  2098  2825 D SDM     : DisplayBuiltIn::SetPanelBrightness: Primary: Display Setting brightness to level 78 (0.472270 percent)
06-27 15:21:14.046  2098  2188 I MiStcImpl: Dispatching command: 3 PCC
06-27 15:21:14.053  2098  2825 D SDM     : DisplayBuiltIn::SetPanelBrightness: Primary: Display Setting brightness to level 75 (0.453729 percent)
06-27 15:21:14.053  2098  2188 I MiStcImpl: Dispatching command: 3 PCC
06-27 15:21:14.061  2098  2825 D SDM     : DisplayBuiltIn::SetPanelBrightness: Primary: Display Setting brightness to level 72 (0.435916 percent)
06-27 15:21:14.063  2098  2188 I MiStcImpl: Dispatching command: 3 PCC
06-27 15:21:14.070  2098  2825 D SDM     : DisplayBuiltIn::SetPanelBrightness: Primary: Display Setting brightness to level 70 (0.418802 percent)
06-27 15:21:14.071  2098  2188 I MiStcImpl: Dispatching command: 3 PCC
06-27 15:21:14.076  3542  4887 I libsensor-displayalgo: the value of channelCali C:1.040486,R:1.734574,G:0.161466,B:-0.000158,scales C:1.094388,R:1.064690,G:1.151685,B:0.982580
06-27 15:21:14.076  3542  4887 D libsensor-displayalgo: brightness:100.000000,R:11.701025,G:11.687878,B:11.692430,EVENT C:2491.000000,R:1479.000000,G:917.000000,B:579.500000, lux: 32.658413,cct:6523.305176, irPara: 1
06-27 15:21:14.078  2098  2825 D SDM     : DisplayBuiltIn::SetPanelBrightness: Primary: Display Setting brightness to level 67 (0.402360 percent)
06-27 15:21:14.079  2098  2188 I MiStcImpl: Dispatching command: 3 PCC
06-27 15:21:14.082  2098  2825 D SDM     : DisplayBuiltIn::SetPanelBrightness: Primary: Display Setting brightness to level 64 (0.386565 percent)
06-27 15:21:14.083  2098  2188 I MiStcImpl: Dispatching command: 3 PCC
06-27 15:21:14.091  2098  2825 D SDM     : DisplayBuiltIn::SetPanelBrightness: Primary: Display Setting brightness to level 62 (0.371390 percent)
06-27 15:21:14.091  2098  2188 I MiStcImpl: Dispatching command: 3 PCC
06-27 15:21:14.099  2098  2825 D SDM     : DisplayBuiltIn::SetPanelBrightness: Primary: Display Setting brightness to level 59 (0.356811 percent)
06-27 15:21:14.100  2098  2188 I MiStcImpl: Dispatching command: 3 PCC
06-27 15:21:14.107  2098  2825 D SDM     : DisplayBuiltIn::SetPanelBrightness: Primary: Display Setting brightness to level 57 (0.342805 percent)
06-27 15:21:14.108  2098  2188 I MiStcImpl: Dispatching command: 3 PCC
06-27 15:21:14.115 30864 24118 D PipelineWatcher: [0xb400007b57daa900] pipelineFull: too many frames in pipeline (4)
06-27 15:21:14.117 10502 11668 D JavaheapMonitor: Java heap used=25M max=256M, proc: com.miui.securitycenter.remote
06-27 15:21:14.117 10502 11668 V JavaheapMonitor: Check java heap usage finished! Next check delay: 300000
06-27 15:21:14.117  2098  2825 D SDM     : DisplayBuiltIn::SetPanelBrightness: Primary: Display Setting brightness to level 55 (0.329349 percent)
06-27 15:21:14.118  2098  2188 I MiStcImpl: Dispatching command: 3 PCC
06-27 15:21:14.124  2098  2825 D SDM     : DisplayBuiltIn::SetPanelBrightness: Primary: Display Setting brightness to level 53 (0.316422 percent)
06-27 15:21:14.125  2098  2188 I MiStcImpl: Dispatching command: 3 PCC
06-27 15:21:14.133  2098  2825 D SDM     : DisplayBuiltIn::SetPanelBrightness: Primary: Display Setting brightness to level 51 (0.304002 percent)
06-27 15:21:14.134  2098  2188 I MiStcImpl: Dispatching command: 3 PCC
06-27 15:21:14.140  2098  2814 I vendor.qti.hardware.display.composer-service: FrameNotifyProcess Sensor: notify citsensorservice to trigger cwb
06-27 15:21:14.141  3542  4880 I libsensor-parseRGB: request dump start for mRequestDisplayId 0
06-27 15:21:14.141  2098  2825 D SDM     : DisplayBuiltIn::SetPanelBrightness: Primary: Display Setting brightness to level 49 (0.292069 percent)
06-27 15:21:14.142  3542  4880 D vendor.xiaomi.sensor.citsensorservice@2.0-service: handle id:22 wxh:1536x3200 uwxuh:1440x3200 size: 14745600 fd:16 fd_meta:17 flags:0x228 usage:0x33  format:0x3 layer_count: 1 reserved_size = 0
06-27 15:21:14.142  2098  2188 I MiStcImpl: Dispatching command: 3 PCC
06-27 15:21:14.142  2098  2825 W SDM     : HWCSession::GetDisplayIndex: Display index not found for display 3.
06-27 15:21:14.142  2098  2825 D SDM     : HWCSession::SetCWBOutputBuffer: CWB config passed by cwb_client : tappoint 1  CWB_ROI : (473.000000 173.000000 714.000000 414.000000). Display 0
06-27 15:21:14.149  2098  2823 D SDM     : DisplayBuiltIn::SetPanelBrightness: Primary: Display Setting brightness to level 47 (0.280604 percent)
06-27 15:21:14.148  2098  2188 I MiStcImpl: Dispatching command: 35 SET_HISTOGRAM
06-27 15:21:14.150  2098  2188 I MiStcImpl: Dispatching command: 3 PCC
06-27 15:21:14.156  2098  2236 D SDM     : HWDeviceDRM::SetupConcurrentWriteback: Tear down the Concurrent Writeback topology
06-27 15:21:14.158  2098  2823 D SDM     : DisplayBuiltIn::SetPanelBrightness: Primary: Display Setting brightness to level 45 (0.269589 percent)
06-27 15:21:14.160  2098  2188 I MiStcImpl: Dispatching command: 3 PCC
06-27 15:21:14.166  2098  2823 D SDM     : DisplayBuiltIn::SetPanelBrightness: Primary: Display Setting brightness to level 43 (0.259006 percent)
06-27 15:21:14.166  2098  2188 I MiStcImpl: Dispatching command: 3 PCC
06-27 15:21:14.169  2098  4902 D SDM     : HWCSession::NotifyCWBStatus: Notify the client about buffer status 0. Display: 0
06-27 15:21:14.170  2098  4902 I SDM     : HWCSession::ProcessCWBStatus: CWB queue is empty. display_index: 0
06-27 15:21:14.173  3542  4881 D libsensor-parseRGB: the value of RGB [2.410817 2.409036 2.409596]
06-27 15:21:14.174  2098  2823 D SDM     : DisplayBuiltIn::SetPanelBrightness: Primary: Display Setting brightness to level 42 (0.248838 percent)
06-27 15:21:14.174  2098  2188 I MiStcImpl: Dispatching command: 3 PCC
06-27 15:21:14.183  2098  2823 D SDM     : DisplayBuiltIn::SetPanelBrightness: Primary: Display Setting brightness to level 40 (0.239070 percent)
06-27 15:21:14.183  2098  2188 I MiStcImpl: Dispatching command: 3 PCC
06-27 15:21:14.191  2098  2823 D SDM     : DisplayBuiltIn::SetPanelBrightness: Primary: Display Setting brightness to level 39 (0.229685 percent)
06-27 15:21:14.191  2098  2188 I MiStcImpl: Dispatching command: 3 PCC
06-27 15:21:14.199  2098  2823 D SDM     : DisplayBuiltIn::SetPanelBrightness: Primary: Display Setting brightness to level 37 (0.220668 percent)
06-27 15:21:14.199  2098  2188 I MiStcImpl: Dispatching command: 3 PCC
06-27 15:21:14.207  2098  2823 D SDM     : DisplayBuiltIn::SetPanelBrightness: Primary: Display Setting brightness to level 36 (0.212004 percent)
06-27 15:21:14.208  2098  2188 I MiStcImpl: Dispatching command: 3 PCC
06-27 15:21:14.215  2098  2823 D SDM     : DisplayBuiltIn::SetPanelBrightness: Primary: Display Setting brightness to level 34 (0.203681 percent)
06-27 15:21:14.216  2098  2188 I MiStcImpl: Dispatching command: 3 PCC
06-27 15:21:14.224  2098  2823 D SDM     : DisplayBuiltIn::SetPanelBrightness: Primary: Display Setting brightness to level 33 (0.195685 percent)
06-27 15:21:14.225  2098  2188 I MiStcImpl: Dispatching command: 3 PCC
06-27 15:21:14.226 30864 24118 D PipelineWatcher: [0xb400007b57daa900] pipelineFull: too many frames in pipeline (4)
06-27 15:21:14.232  2098  2823 D SDM     : DisplayBuiltIn::SetPanelBrightness: Primary: Display Setting brightness to level 32 (0.188002 percent)
06-27 15:21:14.233  2098  2188 I MiStcImpl: Dispatching command: 3 PCC
06-27 15:21:14.234 21349  4750 D MiPlay MiPlay_Session: [readMore:680][DID8899:CMD_1551] Session readMore [2]:[250] [250]
06-27 15:21:14.235 21349  4748 I MiPlay MiPlay_RemoteClient: [onMultiDisplayInfo:153][DID8899:CMD_1551] onMultiDisplayInfo what:100002, index:1
06-27 15:21:14.235 21349  4748 I MiPlay MiPlay_RemoteClient: [onMultiDisplayInfo:153][DID8899:CMD_1551] onMultiDisplayInfo what:100003, index:1
06-27 15:21:14.244  2098  2823 D SDM     : DisplayBuiltIn::SetPanelBrightness: Primary: Display Setting brightness to level 31 (0.180620 percent)
06-27 15:21:14.245  2098  2188 I MiStcImpl: Dispatching command: 3 PCC
06-27 15:21:14.253  2098  2823 D SDM     : DisplayBuiltIn::SetPanelBrightness: Primary: Display Setting brightness to level 29 (0.173529 percent)
06-27 15:21:14.256  2098  2188 I MiStcImpl: Dispatching command: 3 PCC
06-27 15:21:14.256  2098  2823 D SDM     : DisplayBuiltIn::SetPanelBrightness: Primary: Display Setting brightness to level 28 (0.166715 percent)
06-27 15:21:14.263  2098  2188 I MiStcImpl: Dispatching command: 3 PCC
06-27 15:21:14.269  2098  2823 D SDM     : DisplayBuiltIn::SetPanelBrightness: Primary: Display Setting brightness to level 27 (0.160168 percent)
06-27 15:21:14.272  2098  2823 D SDM     : DisplayBuiltIn::SetPanelBrightness: Primary: Display Setting brightness to level 26 (0.153879 percent)
06-27 15:21:14.273  2098  2188 I MiStcImpl: Dispatching command: 3 PCC
06-27 15:21:14.276  3542  4887 I libsensor-displayalgo: the value of channelCali C:0.074496,R:0.006040,G:-0.002222,B:-0.002323,scales C:1.094388,R:1.064690,G:1.151685,B:0.982580
06-27 15:21:14.276  3542  4887 D libsensor-displayalgo: brightness:58.000000,R:6.930448,G:6.919187,B:6.922730,EVENT C:2487.000000,R:1475.000000,G:915.500000,B:576.500000, lux: 32.687832,cct:6566.064453, irPara: 0
06-27 15:21:14.279  2098  2188 I MiStcImpl: Dispatching command: 3 PCC
06-27 15:21:14.286  2098  2823 D SDM     : DisplayBuiltIn::SetPanelBrightness: Primary: Display Setting brightness to level 25 (0.147837 percent)
06-27 15:21:14.288  2098  2188 I MiStcImpl: Dispatching command: 3 PCC
06-27 15:21:14.294  2098  2825 D SDM     : DisplayBuiltIn::SetPanelBrightness: Primary: Display Setting brightness to level 24 (0.142032 percent)
06-27 15:21:14.298  2098  2188 I MiStcImpl: Dispatching command: 3 PCC
06-27 15:21:14.299  2098  2825 D SDM     : DisplayBuiltIn::SetPanelBrightness: Primary: Display Setting brightness to level 23 (0.136456 percent)
06-27 15:21:14.305  2098  2188 I MiStcImpl: Dispatching command: 3 PCC
06-27 15:21:14.311  2098  2825 D SDM     : DisplayBuiltIn::SetPanelBrightness: Primary: Display Setting brightness to level 22 (0.131098 percent)
06-27 15:21:14.313  2098  2188 I MiStcImpl: Dispatching command: 3 PCC
06-27 15:21:14.324  2098  2823 D SDM     : DisplayBuiltIn::SetPanelBrightness: Primary: Display Setting brightness to level 21 (0.121005 percent)
06-27 15:21:14.324  2098  2188 I MiStcImpl: Dispatching command: 3 PCC
06-27 15:21:14.332  2098  2823 D SDM     : DisplayBuiltIn::SetPanelBrightness: Primary: Display Setting brightness to level 20 (0.116253 percent)
06-27 15:21:14.333  2098  2188 I MiStcImpl: Dispatching command: 3 PCC
06-27 15:21:14.340  2098  2823 D SDM     : DisplayBuiltIn::SetPanelBrightness: Primary: Display Setting brightness to level 19 (0.111688 percent)
06-27 15:21:14.340  2098  2188 I MiStcImpl: Dispatching command: 3 PCC
06-27 15:21:14.347  2098  2814 I vendor.qti.hardware.display.composer-service: FrameNotifyProcess Sensor: notify citsensorservice to trigger cwb
06-27 15:21:14.348  3542  4880 I libsensor-parseRGB: request dump start for mRequestDisplayId 0
06-27 15:21:14.348  3542  4880 D vendor.xiaomi.sensor.citsensorservice@2.0-service: handle id:22 wxh:1536x3200 uwxuh:1440x3200 size: 14745600 fd:16 fd_meta:17 flags:0x228 usage:0x33  format:0x3 layer_count: 1 reserved_size = 0
06-27 15:21:14.349  2098  2823 W SDM     : HWCSession::GetDisplayIndex: Display index not found for display 3.
06-27 15:21:14.349  2098  2823 D SDM     : HWCSession::SetCWBOutputBuffer: CWB config passed by cwb_client : tappoint 1  CWB_ROI : (473.000000 173.000000 714.000000 414.000000). Display 0
06-27 15:21:14.351  2098  2188 I MiStcImpl: Dispatching command: 35 SET_HISTOGRAM
06-27 15:21:14.359  2098  2825 D SDM     : DisplayBuiltIn::SetPanelBrightness: Primary: Display Setting brightness to level 18 (0.103089 percent)
06-27 15:21:14.360  2098  2188 I MiStcImpl: Dispatching command: 3 PCC
06-27 15:21:14.364  2098  2236 D SDM     : HWDeviceDRM::SetupConcurrentWriteback: Tear down the Concurrent Writeback topology
06-27 15:21:14.365  2098  2825 D SDM     : DisplayBuiltIn::SetPanelBrightness: Primary: Display Setting brightness to level 17 (0.099041 percent)
06-27 15:21:14.367  2098  2188 I MiStcImpl: Dispatching command: 3 PCC
06-27 15:21:14.378  2098  4902 D SDM     : HWCSession::NotifyCWBStatus: Notify the client about buffer status 0. Display: 0
06-27 15:21:14.378  2098  4902 I SDM     : HWCSession::ProcessCWBStatus: CWB queue is empty. display_index: 0
06-27 15:21:14.381  2098  2825 D SDM     : DisplayBuiltIn::SetPanelBrightness: Primary: Display Setting brightness to level 16 (0.091416 percent)
06-27 15:21:14.381  3542  4881 D libsensor-parseRGB: the value of RGB [2.147504 2.145423 2.146075]
06-27 15:21:14.382  2098  2188 I MiStcImpl: Dispatching command: 3 PCC
06-27 15:21:14.390  2098  2825 D SDM     : DisplayBuiltIn::SetPanelBrightness: Primary: Display Setting brightness to level 15 (0.087827 percent)
06-27 15:21:14.391  2098  2188 I MiStcImpl: Dispatching command: 3 PCC
06-27 15:21:14.398  5901 24122 I SafeBinderCall: onPositionChange binder cost:1
06-27 15:21:14.398  5901  5901 D MiPlayDetailViewModel: onPositionChangeSelf position = 77862
06-27 15:21:14.438 30864 24118 D PipelineWatcher: [0xb400007b57daa900] pipelineFull: too many frames in pipeline (4)
06-27 15:21:14.477  3542  4887 I libsensor-displayalgo: the value of channelCali C:0.122998,R:0.003538,G:-0.000919,B:0.008413,scales C:1.094388,R:1.064690,G:1.151685,B:0.982580
06-27 15:21:14.477  3542  4887 D libsensor-displayalgo: brightness:27.000000,R:5.373471,G:5.362021,B:5.365604,EVENT C:2488.500000,R:1476.500000,G:917.000000,B:576.500000, lux: 32.743252,cct:6546.739258, irPara: 0
06-27 15:21:14.484 21349  4750 D MiPlay MiPlay_Session: [readMore:680][DID8899:CMD_1551] Session readMore [2]:[250] [250]
06-27 15:21:14.485 21349  4748 I MiPlay MiPlay_RemoteClient: [onMultiDisplayInfo:153][DID8899:CMD_1551] onMultiDisplayInfo what:100002, index:1
06-27 15:21:14.485 21349  4748 I MiPlay MiPlay_RemoteClient: [onMultiDisplayInfo:153][DID8899:CMD_1551] onMultiDisplayInfo what:100003, index:1
06-27 15:21:14.552  2098  2188 I MiStcImpl: Dispatching command: 35 SET_HISTOGRAM
06-27 15:21:14.554  2098  2814 I vendor.qti.hardware.display.composer-service: FrameNotifyProcess Sensor: notify citsensorservice to trigger cwb
06-27 15:21:14.555  3542  4880 I libsensor-parseRGB: request dump start for mRequestDisplayId 0
06-27 15:21:14.555  3542  4880 D vendor.xiaomi.sensor.citsensorservice@2.0-service: handle id:22 wxh:1536x3200 uwxuh:1440x3200 size: 14745600 fd:16 fd_meta:17 flags:0x228 usage:0x33  format:0x3 layer_count: 1 reserved_size = 0
06-27 15:21:14.556  2098  2825 W SDM     : HWCSession::GetDisplayIndex: Display index not found for display 3.
06-27 15:21:14.556  2098  2825 D SDM     : HWCSession::SetCWBOutputBuffer: CWB config passed by cwb_client : tappoint 1  CWB_ROI : (473.000000 173.000000 714.000000 414.000000). Display 0
06-27 15:21:14.571  2098  2236 D SDM     : HWDeviceDRM::SetupConcurrentWriteback: Tear down the Concurrent Writeback topology
06-27 15:21:14.573  2850  6372 W ActivityManagerServiceImpl: Sending non-protected broadcast com.modemenhance.ACTION_MODEMWIFI_RSSI_POLL from system 5847:com.android.phone/1001 pkg com.android.phone. Callers=
06-27 15:21:14.578  5847  5847 W libc    : Access denied finding property "persist.vendor.wlan.disable.eht"
06-27 15:21:14.578  5847  5847 D SlaveWifiManager: getWifiSlaveConnectionInfo
06-27 15:21:14.571  5847  5847 W m.android.phone: type=1400 audit(0.0:1559599): avc:  denied  { read } for  name="u:object_r:vendor_wlan_eht_prop:s0" dev="tmpfs" ino=632 scontext=u:r:radio:s0 tcontext=u:object_r:vendor_wlan_eht_prop:s0 tclass=file permissive=0
06-27 15:21:14.585  2098  4902 D SDM     : HWCSession::NotifyCWBStatus: Notify the client about buffer status 0. Display: 0
06-27 15:21:14.586  2098  4902 I SDM     : HWCSession::ProcessCWBStatus: CWB queue is empty. display_index: 0
06-27 15:21:14.593  3542  4881 D libsensor-parseRGB: the value of RGB [2.145471 2.143456 2.144115]
06-27 15:21:14.624 24123 24192 I SafeBinderCall: onPositionChange binder cost:0
06-27 15:21:14.624 24123 24123 D MiPlayDetailViewModel: onPositionChange(): position = 78088
06-27 15:21:14.626 21349  4787 D MiPlay ADebug: [msgToPrint:60]CMD_1551 AFps   num[469] fps[46.9] min[9302] max[32048] per[21333]
06-27 15:21:14.627 21349  4787 D MiPlay ADebug: [msgToPrint:73]CMD_1551 ARate  num[323799] per[258]kbps
06-27 15:21:14.654  3423  3423 I cnss-daemon: nl80211 response handler invoked
06-27 15:21:14.654  3423  3423 I cnss-daemon: nl80211_response_handler: cmd 103, vendorID 4980, subcmd 13  received
06-27 15:21:14.654  2027 18111 I WifiHAL : event received NL80211_CMD_VENDOR, vendor_id = 0x1374, subcmd = 0xd
06-27 15:21:14.676  3542  4887 I libsensor-displayalgo: the value of channelCali C:0.114300,R:0.003023,G:-0.001278,B:0.007533,scales C:1.094388,R:1.064690,G:1.151685,B:0.982580
06-27 15:21:14.676  3542  4887 D libsensor-displayalgo: brightness:25.000000,R:5.362284,G:5.351212,B:5.354834,EVENT C:2487.500000,R:1475.500000,G:917.000000,B:576.500000, lux: 32.744434,cct:6551.539551, irPara: 0
06-27 15:21:14.709 12996 21434 D JavaheapMonitor: Java heap used=6M max=256M, proc: com.miui.voicetrigger
06-27 15:21:14.709 12996 21434 V JavaheapMonitor: Check java heap usage finished! Next check delay: 300000
06-27 15:21:14.741 21349  4750 D MiPlay MiPlay_Session: [readMore:680][DID8899:CMD_1551] Session readMore [2]:[250] [250]
06-27 15:21:14.741 21349  4748 I MiPlay MiPlay_RemoteClient: [onMultiDisplayInfo:153][DID8899:CMD_1551] onMultiDisplayInfo what:100002, index:1
06-27 15:21:14.742 21349  4748 I MiPlay MiPlay_RemoteClient: [onMultiDisplayInfo:153][DID8899:CMD_1551] onMultiDisplayInfo what:100003, index:1
06-27 15:21:14.755  2098  2814 I vendor.qti.hardware.display.composer-service: FrameNotifyProcess Sensor: notify citsensorservice to trigger cwb
06-27 15:21:14.755  2098  2188 I MiStcImpl: Dispatching command: 35 SET_HISTOGRAM
06-27 15:21:14.756  3542  4880 I libsensor-parseRGB: request dump start for mRequestDisplayId 0
06-27 15:21:14.756  3542  4880 D vendor.xiaomi.sensor.citsensorservice@2.0-service: handle id:22 wxh:1536x3200 uwxuh:1440x3200 size: 14745600 fd:16 fd_meta:17 flags:0x228 usage:0x33  format:0x3 layer_count: 1 reserved_size = 0
06-27 15:21:14.756  2098  2823 W SDM     : HWCSession::GetDisplayIndex: Display index not found for display 3.
06-27 15:21:14.756  2098  2823 D SDM     : HWCSession::SetCWBOutputBuffer: CWB config passed by cwb_client : tappoint 1  CWB_ROI : (473.000000 173.000000 714.000000 414.000000). Display 0
06-27 15:21:14.771  2098  2236 D SDM     : HWDeviceDRM::SetupConcurrentWriteback: Tear down the Concurrent Writeback topology
06-27 15:21:14.785  2098  4902 D SDM     : HWCSession::NotifyCWBStatus: Notify the client about buffer status 0. Display: 0
06-27 15:21:14.785  2098  4902 I SDM     : HWCSession::ProcessCWBStatus: CWB queue is empty. display_index: 0
06-27 15:21:14.793  3542  4881 D libsensor-parseRGB: the value of RGB [2.145471 2.143456 2.144115]
06-27 15:21:14.826 30864 24118 D BufferPoolAccessor2.0: bufferpool2 0xb400007ac7d34108 : 5(40960 size) total buffers - 1(8192 size) used buffers - 3015/3020 (recycle/alloc) - 9/6036 (fetch/transfer)
06-27 15:21:14.878  3542  4887 I libsensor-displayalgo: the value of channelCali C:0.114313,R:0.003034,G:-0.001273,B:0.007556,scales C:1.094388,R:1.064690,G:1.151685,B:0.982580
06-27 15:21:14.878  3542  4887 D libsensor-displayalgo: brightness:25.000000,R:5.362284,G:5.351212,B:5.354834,EVENT C:2484.000000,R:1475.000000,G:917.000000,B:577.000000, lux: 32.680683,cct:6562.697754, irPara: 0
06-27 15:21:14.932  5759 13362 I QImsService: ImsRadioIndicationAidl : onServiceDomainChanged()[SUB1]
06-27 15:21:14.932  5759 13362 I QImsService: ImsSenderRxr : [UNSL]< UNSOL_SERVICE_DOMAIN_CHANGED 2[SUB1]
06-27 15:21:14.933  2850  4896 D AmlMiuiTcpSocketTracker: skip mismatch tcpInfo:TcpInfo{lost=0, retransmit=0, sent=16, dataSent=2, state=TCP_ESTABLISHED}
06-27 15:21:14.934  2850  4896 D AmlMiuiTcpSocketTracker: skip mismatch tcpInfo:TcpInfo{lost=0, retransmit=0, sent=16, dataSent=2, state=TCP_ESTABLISHED}
06-27 15:21:14.934  2850  4896 D AmlMiuiTcpSocketTracker: skip mismatch tcpInfo:TcpInfo{lost=0, retransmit=0, sent=11, dataSent=2, state=TCP_ESTABLISHED}
06-27 15:21:14.934  2850  4896 D AmlMiuiTcpSocketTracker: skip mismatch tcpInfo:TcpInfo{lost=0, retransmit=0, sent=11, dataSent=2, state=TCP_ESTABLISHED}
06-27 15:21:14.934  2850  4896 D AmlMiuiTcpSocketTracker: skip mismatch tcpInfo:TcpInfo{lost=0, retransmit=0, sent=9, dataSent=1, state=TCP_ESTABLISHED}
06-27 15:21:14.934  2850  4896 D AmlMiuiTcpSocketTracker: skip mismatch tcpInfo:TcpInfo{lost=0, retransmit=0, sent=9, dataSent=1, state=TCP_ESTABLISHED}
06-27 15:21:14.934  2850  4896 D AmlMiuiTcpSocketTracker: skip mismatch tcpInfo:TcpInfo{lost=0, retransmit=0, sent=12, dataSent=2, state=TCP_ESTABLISHED}
06-27 15:21:14.934  2850  4896 D AmlMiuiTcpSocketTracker: skip mismatch tcpInfo:TcpInfo{lost=0, retransmit=0, sent=12, dataSent=2, state=TCP_ESTABLISHED}
06-27 15:21:14.934  2850  4896 D AmlMiuiTcpSocketTracker: skip mismatch tcpInfo:TcpInfo{lost=0, retransmit=0, sent=22, dataSent=4, state=TCP_ESTABLISHED}
06-27 15:21:14.934  2850  4896 D AmlMiuiTcpSocketTracker: skip mismatch tcpInfo:TcpInfo{lost=0, retransmit=0, sent=22, dataSent=4, state=TCP_ESTABLISHED}
06-27 15:21:14.934  2850  4896 D AmlMiuiTcpSocketTracker: skip mismatch tcpInfo:TcpInfo{lost=0, retransmit=0, sent=12, dataSent=1, state=TCP_ESTABLISHED}
06-27 15:21:14.934  2850  4896 D AmlMiuiTcpSocketTracker: skip mismatch tcpInfo:TcpInfo{lost=0, retransmit=0, sent=12, dataSent=1, state=TCP_ESTABLISHED}
06-27 15:21:14.938  5759  5759 I QImsService: ImsRegistrationController : Message received: what = 5
06-27 15:21:14.938  5759  5759 I QImsService: ImsRegistrationController : handleSrvDomainChanged
06-27 15:21:14.950  3418 24120 D BufferPoolAccessor2.0: bufferpool2 0xb4000074c227dec8 : 4(18432 size) total buffers - 1(4608 size) used buffers - 3015/3023 (recycle/alloc) - 13/3022 (fetch/transfer)
06-27 15:21:14.952  5648  5742 W IWlanNetworkService: 49946 > Response Processed
06-27 15:21:14.956  2098  2188 I MiStcImpl: Dispatching command: 35 SET_HISTOGRAM
06-27 15:21:14.961  2098  2814 I vendor.qti.hardware.display.composer-service: FrameNotifyProcess Sensor: notify citsensorservice to trigger cwb
06-27 15:21:14.962  3542  4880 I libsensor-parseRGB: request dump start for mRequestDisplayId 0
06-27 15:21:14.962  3542  4880 D vendor.xiaomi.sensor.citsensorservice@2.0-service: handle id:22 wxh:1536x3200 uwxuh:1440x3200 size: 14745600 fd:16 fd_meta:17 flags:0x228 usage:0x33  format:0x3 layer_count: 1 reserved_size = 0
06-27 15:21:14.962  2098  2825 W SDM     : HWCSession::GetDisplayIndex: Display index not found for display 3.
06-27 15:21:14.962  2098  2825 D SDM     : HWCSession::SetCWBOutputBuffer: CWB config passed by cwb_client : tappoint 1  CWB_ROI : (473.000000 173.000000 714.000000 414.000000). Display 0
06-27 15:21:14.964  5847  5847 D SatelliteController: Satellite for carrier is not supported.
06-27 15:21:14.964  5847  5847 D SatelliteController: Satellite for carrier is not supported.
06-27 15:21:14.965  5847  5847 D SatelliteController: registerForSatelliteModemStateChanged: add Listeners for ModemState
06-27 15:21:14.965  5847  5847 E SatelliteController: registerForSatelliteModemStateChanged: mSatelliteSessionController is not initialized yet
06-27 15:21:14.965  5847  5847 E SatelliteController: unregisterForModemStateChanged: mSatelliteSessionController is not initialized yet
06-27 15:21:14.965  5847  5847 D SatelliteController: unregisterForModemStateChanged: remove Listeners for ModemState
06-27 15:21:14.967  5847  5847 D SatelliteController: registerForSatelliteModemStateChanged: add Listeners for ModemState
06-27 15:21:14.967  5847  5847 E SatelliteController: registerForSatelliteModemStateChanged: mSatelliteSessionController is not initialized yet
06-27 15:21:14.967  5847  5847 E SatelliteController: unregisterForModemStateChanged: mSatelliteSessionController is not initialized yet
06-27 15:21:14.967  5847  5847 D SatelliteController: unregisterForModemStateChanged: remove Listeners for ModemState
06-27 15:21:14.974  5847  6712 D SatelliteController: isCarrierRoamingNtnEligible: satellite access is not allowed
06-27 15:21:14.974  5847  6712 D SatelliteController: evaluateCarrierRoamingNtnEligibilityChange: isCarrierRoamingNtnEligible=false
06-27 15:21:14.974  5847  6712 D SatelliteController: getSelectedSatelliteSubId: subId=-1
06-27 15:21:14.974  5847  6712 D SatelliteController: notifyNtnEligibility: phoneId=0 currentNtnEligibility=false
06-27 15:21:14.974  5847  7123 D FivegOfflineStatistic: handleMessage msg : 4
06-27 15:21:14.974  5847  6712 V SatelliteController: getWwanIsInService: return true
06-27 15:21:14.975  5847  5847 D ServiceStateProvider: subId=2
06-27 15:21:14.975  5847  7123 D FivegOfflineStatistic: phoneId = 1, curRilRat = 20, mLastRilRat = 20
06-27 15:21:14.975  5847  6712 D SatelliteController: updateLastNotifiedNtnModeAndNotify: phone=0 subId=1 initialized=true lastNotifiedNtnMode=false currNtnMode=false
06-27 15:21:14.975  5847  6712 D SatelliteController: iisInCarrierRoamingNbIotNtn: satellite is disabled
06-27 15:21:14.975  5847  6712 V SatelliteController: getWwanIsInService: return true
06-27 15:21:14.976  5847  6712 D SatelliteController: updateLastNotifiedNtnModeAndNotify: phone=1 subId=2 initialized=true lastNotifiedNtnMode=false currNtnMode=false
06-27 15:21:14.976  5847  6712 D SatelliteController: iisInCarrierRoamingNbIotNtn: satellite is disabled
06-27 15:21:14.976  5847  5847 D SatelliteController: iisInCarrierRoamingNbIotNtn: satellite is disabled
06-27 15:21:14.976  5776  6052 D HyperComm_TelephonyMonitor: onServiceStateChanged[1]: {mVoiceRegState=0(IN_SERVICE), mDataRegState=0(IN_SERVICE), mChannelNumber=627264, duplexMode()=0, mCellBandwidths=[], mOperatorAlphaLong=CHN-CT, mOperatorAlphaShort=CT, isManualNetworkSelection=false(automatic), getRilVoiceRadioTechnology=20(NR_SA), getRilDataRadioTechnology=20(NR_SA), mCssIndicator=unsupported, mNetworkId=-1, mSystemId=-1, mCdmaRoamingIndicator=-1, mCdmaDefaultRoamingIndicator=-1, mIsEmergencyOnly=false, isUsingCarrierAggregation=false, mArfcnRsrpBoost=0, mNetworkRegistrationInfos=[NetworkRegistrationInfo{ domain=PS transportType=WLAN registrationState=HOME networkRegistrationState=HOME roamingType=NOT_ROAMING accessNetworkTechnology=IWLAN rejectCause=0 emergencyEnabled=false availableServices=[DATA] cellIdentity=null voiceSpecificInfo=null dataSpecificInfo=null nrState=**** rRplmn= isUsingCarrierAggregation=false isNonTerrestrialNetwork=TERRESTRIAL}, NetworkRegistrationInfo{ domain=CS transportType=WWAN registrationState=HOME networkRegistrationState=HOME roamingType=NOT_ROAMING accessNetworkTechnology=NR rejectCause=0 emergencyEnabled=false availableServices=[VOICE,SMS,VIDEO] cellIdentity=CellIdentityNr:{ mMcc = 460 mMnc = 01 mAlphaLong = CHN-UNICOM mAlphaShort = UNICOM mAdditionalPlmns = {} } voiceSpecificInfo=VoiceSpecificRegistrationInfo { mCssSupported=false mRoamingIndicator=0 mSystemIsInPrl=0 mDefaultRoamingIndicator=0} dataSpecificInfo=null nrState=**** rRplmn=46011 isUsingCarrierAggregation=false isNonTerrestrialNetwork=TERRESTRIAL}, NetworkRegistrationInfo{ domain=PS transportType=WWAN registrationState=HOME networkRegistrationState=HOME roamingType=NOT_ROAMING accessNetworkTechnology=NR rejectCause=0 emergencyEnabled=false availableServices=[DATA,MMS] cellIdentity=CellIdentityNr:{ mMcc = 460 mMnc = 01 mAlphaLong = CHN-UNICOM mAlphaShort = UNICOM mAdditionalPlmns = {} } voiceSpecificInfo=null dataSpecificInfo=android.telephony.DataSpecificRegistrationInfo :{ maxDataCalls = 16 isDcNrRestricted = false isNrAvailable = false isEnDcAvailable = false mLteAttachResultType = 0 mLteAttachExtraInfo = 0 NrVopsSupportInfo :  mVopsSupport = 1 mEmcSupport = 0 mEmfSupport = 1 } nrState=**** rRplmn=46011 isUsingCarrierAggregation=false isNonTerrestrialNetwork=TERRESTRIAL}], mNrFrequencyRange=0, mOperatorAlphaLongRaw=CHN-CT, mOperatorAlphaShortRaw=CT, mIsDataRoamingFromRegistration=false, mIsIwlanPreferred=false, mIsUsingNonTerrestrialNetwork=false}
06-27 15:21:14.977  5776  6052 I SceneObserver: notify event: EVENT_SERVICE_CELL_CHANGED
06-27 15:21:14.979  2098  2236 D SDM     : HWDeviceDRM::SetupConcurrentWriteback: Tear down the Concurrent Writeback topology
06-27 15:21:14.980  5847  5847 D SimStatistic: mReceiver action=android.intent.action.SERVICE_STATE
06-27 15:21:14.980  5847  5847 D SimStatistic: mReceiver action=android.intent.action.SERVICE_STATE
06-27 15:21:14.980  5847  6738 D SimStatistic: processSimNotRecognizedServiceStatus phoneId = 1; mServiceState = 0
06-27 15:21:14.981  5847  6738 D SimStatistic: processSimNotRecognizedServiceStatus phoneId = 1; mServiceState = 0
06-27 15:21:14.981  5847  5847 I MiuiPhoneUtils: do not support cellbroadcast, ignore switch
06-27 15:21:14.981  5847  5847 D FiveGPowerController: android.intent.action.SERVICE_STATE
06-27 15:21:14.982  5847  5847 D Modem_METelephony: sub=2    slot=1   service=0  rat=20
06-27 15:21:14.985 30814 30814 D AutoReg_RegistrationTracker: receive ACTION_SERVICE_STATE_CHANGED, service state:0
06-27 15:21:14.985 30814 30814 D AutoReg_RegistrationTracker: Try to register since non-FiveG service change
06-27 15:21:14.987 30814 30814 D AutoReg_RegistrationTracker: sim isChanged = false
06-27 15:21:14.988  5847  6833 D SelfStudyController: handleMessage msg.what is 1027
06-27 15:21:14.988  5847  6234 D CdmaDataOptimizeManager: onServiceStateChanged phoneId = 1, ServiceState{mVoiceRegState=0(IN_SERVICE), mDataRegState=0(IN_SERVICE), mChannelNumber=627264, duplexMode()=0, mCellBandwidths=[], mOperatorAlphaLong=CHN-CT, mOperatorAlphaShort=CT, isManualNetworkSelection=false(automatic), getRilVoiceRadioTechnology=20(NR_SA), getRilDataRadioTechnology=20(NR_SA), mCssIndicator=unsupported, mNetworkId=-1, mSystemId=-1, mCdmaRoamingIndicator=-1, mCdmaDefaultRoamingIndicator=-1, mIsEmergencyOnly=false, isUsingCarrierAggregation=false, mArfcnRsrpBoost=0, mNetworkRegistrationInfos=[NetworkRegistrationInfo{ domain=PS transportType=WLAN registrationState=HOME networkRegistrationState=HOME roamingType=NOT_ROAMING accessNetworkTechnology=IWLAN rejectCause=0 emergencyEnabled=false availableServices=[DATA] cellIdentity=null voiceSpecificInfo=null dataSpecificInfo=null nrState=**** rRplmn= isUsingCarrierAggregation=false isNonTerrestrialNetwork=TERRESTRIAL}, NetworkRegistrationInfo{ domain=CS transportType=WWAN registrationState=HOME networkRegistrationState=HOME roamingType=NOT_ROAMING accessNetworkTechnology=NR rejectCause=0 emergencyEnabled=false availableServices=[VOICE,SMS,VIDEO] cellIdentity=CellIdentityNr:{ mMcc = 460 mMnc = 01 mAlphaLong = CHN-UNICOM mAlphaShort = UNICOM mAdditionalPlmns = {} } voiceSpecificInfo=VoiceSpecificRegistrationInfo { mCssSupported=false mRoamingIndicator=0 mSystemIsInPrl=0 mDefaultRoamingIndicator=0} dataSpecificInfo=null nrState=**** rRplmn=46011 isUsingCarrierAggregation=false isNonTerrestrialNetwork=TERRESTRIAL}, NetworkRegistrationInfo{ domain=PS transportType=WWAN registrationState=HOME networkRegistrationState=HOME roamingType=NOT_ROAMING accessNetworkTechnology=NR rejectCause=0 emergencyEnabled=false availableServices=[DATA,MMS] cellIdentity=CellIdentityNr:{ mMcc = 460 mMnc = 01 mAlphaLong = CHN-UNICOM mAlphaShort = UNICOM mAdditionalPlmns = {} } voiceSpecificInfo=null dataSpecificInfo=android.telephony.DataSpecificRegistrationInfo :{ maxDataCalls = 16 isDcNrRestricted = false isNrAvailable = false isEnDcAvailable = false mLteAttachResultType = 0 mLteAttachExtraInfo = 0 NrVopsSupportInfo :  mVopsSupport = 1 mEmcSupport = 0 mEmfSupport = 1 } nrState=**** rRplmn=46011 isUsingCarrierAggregation=false isNonTerrestrialNetwork=TERRESTRIAL}], mNrFrequencyRange=0, mOperatorAlphaLongRaw=CHN-CT, mOperatorAlphaShortRaw=CT, mIsDataRoamingFromRegistration=false, mIsIwlanPreferred=false, mIsUsingNonTerrestrialNetwork=false}
06-27 15:21:14.988  5847  6812 D ModemDFS: processServiceStateChangeEvent phoneId=1
06-27 15:21:14.988  5847  6782 D NetworkMetricsController: processServiceStateChangeEvent phoneId=1
06-27 15:21:14.988 23156 23156 D MiuiSettingsReceiver: Receive ACTION_SERVICE_STATE_CHANGED
06-27 15:21:14.988  5847  6810 D MiuiTelephonyDFS: msg.what = 1
06-27 15:21:14.988  5847  6782 D NetworkMetricsController: newRat:20,oldRat:20,mIsFeatureEnable:true
06-27 15:21:14.988  5901  5901 D MiuiCarrierTextController: updateCarrierText: 2,air=false, [中国电信, 中国电信]
06-27 15:21:14.988  5847  7507 D SignalMapSubwayController: msg.what = 5
06-27 15:21:14.989  5847  7507 D SignalMapSubwayController: processServiceStateChangeEvent phoneId=1
06-27 15:21:14.989  5847  6866 D ServiceStateMonitor: handleMessage=5
06-27 15:21:14.989 23156 23156 D OperatorFactory: opIndex = -1
06-27 15:21:14.989  5847  6785 D NetworkSpeedTracker: processServiceStateChangeEvent phoneId=1
06-27 15:21:14.989 23156 23156 D OperatorFactory: countryCode index = -1
06-27 15:21:14.989  5847  6866 D ServiceStateMonitor: processServiceStateChangeEvent phoneId=1
06-27 15:21:14.989  5847  6866 D ServiceStateMonitor: newRat:20,oldRat:20
06-27 15:21:14.989 23156 23156 D OperatorFactory: operator index = -1
06-27 15:21:14.989  5847  6812 D ModemDFS: newVoiceReg:0,oldVoiceReg=0
06-27 15:21:14.990  5847  6819 D SpecialSimManager: [dataState][1]=0 [voiceState][1]=0 [mIsInValidSim][1]=false [mIsOosTimerWorking][1]=false
06-27 15:21:14.990  5847  6707 E PhoneAdapter: get ntnphones failed, exception: java.lang.IllegalStateException: not support satellite!
06-27 15:21:14.990  5847  6819 D SpecialSimManager: isLteNrNwType rst=true
06-27 15:21:14.990  5847  6805 D HighSpeedTrainModeController: msg.what = 11
06-27 15:21:14.990  5847  6805 D HighSpeedTrainModeController: processServiceStateChangeEvent phoneId=1
06-27 15:21:14.991  5847  6234 D NetworkSelfRecovery: processServiceStateChangeEvent phoneId=1
06-27 15:21:14.991  5847  6810 D MiSight::  constructEvent id=915100002
06-27 15:21:14.992  5847  6810 D MiSight::  sendEvent id=915100002
06-27 15:21:14.992  5847  6810 D MiSightJni: MiSight: Java_com_miui_misight_MiSight_nativeSendEvent enter called. '{"fromRAT":20,"toRAT":20}'
06-27 15:21:14.992  5847  6810 D MiEvent : MiEvent: this 0x78e8200e30, paylod=0xb4000079b7d3e770
06-27 15:21:14.992  5847  6810 D MiEvent : flatten EventId 915100002 -t 1782544874 -paraList {"fromRAT":20,"toRAT":20}
06-27 15:21:14.992  5847  6810 D MiEvent : report:EventId 915100002 -t 1782544874 -paraList {"fromRAT":20,"toRAT":20} success
06-27 15:21:14.992  5847  6810 D MiEvent : ~MiEvent: this 0x78e8200e30, paylod=0xb4000079b7d3e770
06-27 15:21:14.992  5847  6782 D NetworkMetricsController: processCellLocationChangeEvent phoneId=1
06-27 15:21:14.992  5847  6833 D SelfStudyController: handleMessage msg.what is 1028
06-27 15:21:14.992  5847  7507 D SignalMapSubwayController: msg.what = 7
06-27 15:21:14.992  3312  3792 I misight : OnEvent EventPrivacyCompliance event=915100002
06-27 15:21:14.992  5847  6707 E PhoneAdapter: get ntnphones failed, exception: java.lang.IllegalStateException: not support satellite!
06-27 15:21:14.992  5847  6782 D NetworkMetricsController: processCellLocationChangeEvent invalid networkType20
06-27 15:21:14.992  5776  6052 D HyperComm_TelephonyMonitor: onCellLocationChanged[1], cellLocation = GsmCellLocation:[...]
06-27 15:21:14.992  3312  3792 I misight : OnEvent EventStorageManager event=915100002,3
06-27 15:21:14.993  3312  3792 I misight : DetectDropEvent event 915100002 over hour cnt drop it, hourCnt=4 halfCnt=3, maxCnt=200 punishSecond=432,space=408
06-27 15:21:14.993  5847  6234 I RoamingManager: processServiceState phoneId: 1 simOperatorNumeric:46011 networkOperatorNumeric:46011 isHome:true
06-27 15:21:14.993  5847  6234 I RoamingManager: processServiceState lastRoamingMode: 0 newRoamingMode:0
06-27 15:21:14.993  2098  4902 D SDM     : HWCSession::NotifyCWBStatus: Notify the client about buffer status 0. Display: 0
06-27 15:21:14.993  2098  4902 I SDM     : HWCSession::ProcessCWBStatus: CWB queue is empty. display_index: 0
06-27 15:21:14.994  3312  3792 I misight : OnEvent HighProbFaultDetect 915100002
06-27 15:21:14.994  3312  3792 I misight : OnEvent EventLogProcessor event=915100002,3
06-27 15:21:14.994  3312  3792 I misight : OnEvent EventInfoPack event 915100002
06-27 15:21:14.996 21349  4750 D MiPlay MiPlay_Session: [readMore:680][DID8899:CMD_1551] Session readMore [2]:[250] [250]
06-27 15:21:14.996 21349  4748 I MiPlay MiPlay_RemoteClient: [onMultiDisplayInfo:153][DID8899:CMD_1551] onMultiDisplayInfo what:100002, index:1
06-27 15:21:14.996  3542  4881 D libsensor-parseRGB: the value of RGB [2.145471 2.143456 2.144115]
06-27 15:21:14.997 21349  4748 I MiPlay MiPlay_RemoteClient: [onMultiDisplayInfo:153][DID8899:CMD_1551] onMultiDisplayInfo what:100003, index:1
06-27 15:21:15.013  3281  3791 D qcrilNrd: SUB[0][xiaomi_qcril_qmi_nas.cpp:4725] xiaomi_qcril_nas_unsolicited_indication_cb_helper: function entry ------------->
06-27 15:21:15.013  3281  3791 D qcrilNrd: SUB[0][xiaomi_qcril_qmi_nas.cpp:4643] xiaomi_qcril_qmi_nas_msim_sub_mode_ind_hdlr: function entry ------------->
06-27 15:21:15.013  3281  3791 D qcrilNrd: SUB[0][xiaomi_qcril_qmi_nas.cpp:4655] xiaomi_qcril_qmi_nas_msim_sub_mode_ind_hdlr: xiaomi_qcril_qmi_nas_msim_sub_mode_ind_hdlr sub_mode = 1.
06-27 15:21:15.013  3281  3791 D qcrilNrd: SUB[0][xiaomi_qcril_qmi_nas.cpp:4662] xiaomi_qcril_qmi_nas_msim_sub_mode_ind_hdlr: function exit <-------------
06-27 15:21:15.013  3281  3791 D qcrilNrd: SUB[0][xiaomi_qcril_ind.cpp:404] xiaomi_qcril_ind: function entry ------------->
06-27 15:21:15.013  3281  3791 D qcrilNrd: SUB[0][xiaomi_qcril_ind.cpp:412] xiaomi_qcril_ind: This broadcast bc_type: 11, app_type: 0, bc_send 1, ind_buf_len = 24, ind_buf = 0x79967c60
06-27 15:21:15.013  3281  3791 D qcrilNrd: SUB[0][xiaomi_qcril_ind.cpp:459] xiaomi_qcril_ind: max all_len = 185
06-27 15:21:15.014  3281  3791 D qcrilNrd: SUB[0][xiaomi_qcril_ind.cpp:571] xiaomi_qcril_ind: Successed to send this broadcast, name: qualcomm.intent.action.ACTION_MSIM_SUB_MODE_IND, name_len: 47, sub: 0, pk all_len = 81
06-27 15:21:15.014  3281  3791 D qcrilNrd: SUB[0][xiaomi_qcril_ind.cpp:586] xiaomi_qcril_ind: function exit <-------------
06-27 15:21:15.014  3281  3791 D qcrilNrd: SUB[0][xiaomi_qcril_qmi_nas.cpp:4746] xiaomi_qcril_nas_unsolicited_indication_cb_helper: function exit <-------------
06-27 15:21:15.016  5679  7430 D QtiOemHookAidl: oemHookRawIndication length=101
06-27 15:21:15.016  5679  7430 D ModemIpcCallbackAgent(com.qti.phone): verInd(100), bPackageNameValid = 0, packageNameLen = 0, packageName = null, bBcSend = 1, dataNew.length = 75, data.length = 81, cnt = 6, lenLeft = 75
06-27 15:21:15.017  5679  7430 D ModemIpcCallbackAgent(com.qti.phone): Broadcasting: broadcastNameLen = 47, strBroadCastName = qualcomm.intent.action.ACTION_MSIM_SUB_MODE_IND, sub = 0, bc len = 24, packageName = null, mContext = android.app.ContextImpl@8f1506a
06-27 15:21:15.018  2850  6372 W ActivityManagerServiceImpl: Sending non-protected broadcast qualcomm.intent.action.ACTION_MSIM_SUB_MODE_IND from system 5679:com.qti.phone/u0a219 pkg com.qualcomm.qti.telephonyservice. Callers=
06-27 15:21:15.020  5679  7430 D MirilOemhookMsgTunnel: mUnsolOemHookMiDataIndRegistrant.notifyRegistrant
06-27 15:21:15.021  5847  5847 D Modem_ModemEnhanceMain: sendMsgToHandler, Message = 59, arg1 = 1
06-27 15:21:15.021  5679  5679 D QcrilMsgTunnelIfaceManager: handleMessage what = 100
06-27 15:21:15.021  5679  5679 D ModemIpcCallbackAgent(com.qti.phone): callModemIpcCallbackForRild, bcName = qualcomm.intent.action.ACTION_MSIM_SUB_MODE_IND, mapForOemHookCallback = {}, dataInd.length = 75, sub = 0, mapForOemHookCallback.size = 0, phone count = 2, lenLeft = 24
06-27 15:21:15.021  5679  5679 D ModemIpcCallbackAgent(com.qti.phone): callModemIpcCallbackForRild, bcName = qualcomm.intent.action.ACTION_MSIM_SUB_MODE_IND, mapForOemHookCallback = {com.xiaomi.modem.modemipc.ModemIpcCallbackAgentQcom@85ac5df=com.xiaomi.modem.modemipc.ModemIpcCallbackInfo@ef85448, com.xiaomi.modem.modemipc.ModemIpcCallbackAgentQcom@b6df9d8=com.xiaomi.modem.modemipc.ModemIpcCallbackInfo@d9f87a2, com.xiaomi.modem.modemipc.ModemIpcCallbackAgentQcom@6b8e99f=com.xiaomi.modem.modemipc.ModemIpcCallbackInfo@18c4c33, com.xiaomi.modem.modemipc.ModemIpcCallbackAgentQcom@fb51f0b=com.xiaomi.modem.modemipc.ModemIpcCallbackInfo@11a02e1}, dataInd.length = 75, sub = 0, mapForOemHookCallback.size = 4, phone count = 2, lenLeft = 24
06-27 15:21:15.021  5679  5679 D ModemIpcCallbackAgent(com.qti.phone): bcName is not needed, continue, bcName = qualcomm.intent.action.ACTION_MSIM_SUB_MODE_IND, bcNameNeed = qualcomm.intent.action.ACTION_MODEM_ENHANCE_IND
06-27 15:21:15.021  5679  5679 D ModemIpcCallbackAgent(com.qti.phone): bcName is not needed, continue, bcName = qualcomm.intent.action.ACTION_MSIM_SUB_MODE_IND, bcNameNeed = qualcomm.intent.action.ACTION_HYDRA_DATA_IND
06-27 15:21:15.021  5679  5679 D ModemIpcCallbackAgent(com.qti.phone): bcName is not needed, continue, bcName = qualcomm.intent.action.ACTION_MSIM_SUB_MODE_IND, bcNameNeed = qualcomm.intent.action.ACTION_HYDRA_READY_IND
06-27 15:21:15.021  5679  5679 D ModemIpcCallbackAgent(com.qti.phone): bcName is not needed, continue, bcName = qualcomm.intent.action.ACTION_MSIM_SUB_MODE_IND, bcNameNeed = xiaomi.intent.action.ACTION_MODEM_DATA_COLLECTOR
06-27 15:21:15.021  5847  7186 D Modem_ModemEnhanceMain: handleMessage msg id: 59
06-27 15:21:15.021  5847  7186 D Modem_ModemEnhanceMain: [HW35046] handleMessage msg id: 59 value=1
06-27 15:21:15.021  5847  7186 D Modem_MEModuleSignal: onStateChanged: type = 59, value = 1
