06-27 15:21:12.015  2224 13477 D StNfcHal: (#05C05) Rx 6f 02 3a 21 20 00 a2 0a 01 01 00 20 00 08 3e d3 e0 10 a2 0a 02 03 ff 99 ff 3e 3e d3 e6 57 14 05 
06-27 15:21:12.015  2224 13477 D StNfcHal: (#05C05) rx 01 3e d3 e6 5a a2 0a 06 03 ff 89 ff 30 3e d3 e6 5f a2 0a 07 03 ff a9 ff 4c 3e d3 e6 61 
06-27 15:21:12.016  2224 13476 D StNfcHal: HalStopTimer 
06-27 15:21:12.016 10059 11671 D libnfc_nci: vendor_nfc_handle_event: Enter event: 12
06-27 15:21:12.020  5716 13821 D StNfcOemExtension: StNfcVendorNciCallback.onVendorNciNotification: PROP:ST_NCI_MSG_PROP:212000A20A0101002000083ED3E010A20A0203FF99FF3E3ED3E6571405013ED3E65AA20A0603FF89FF303ED3E65FA20A0703FFA9FF4C3ED3E661
06-27 15:21:12.020  5716 13821 D StNfcOemExtension: StNfcVendorNciCallback.onVendorNciNotification: unexpected
06-27 15:21:12.021  5716 13821 D StNfcExtensionService: srvStNfcOemExtensionVendorNtfCallback:  g=f, o=2, payload=212000A20A0101002000083ED3E010A20A0203FF99FF3E3ED3E6571405013ED3E65AA20A0603FF89FF303ED3E65FA20A0703FFA9FF4C3ED3E661
06-27 15:21:12.026 30864 24118 D PipelineWatcher: [0xb400007b57daa900] pipelineFull: too many frames in pipeline (4)
06-27 15:21:12.077  2098  2814 I vendor.qti.hardware.display.composer-service: FrameNotifyProcess Sensor: notify citsensorservice to trigger cwb
06-27 15:21:12.077  3542  4887 I libsensor-displayalgo: the value of channelCali C:73.524222,R:17.058672,G:8.947738,B:1.674880,scales C:1.094388,R:1.064690,G:1.151685,B:0.982580
06-27 15:21:12.077  3542  4887 D libsensor-displayalgo: brightness:1010.000000,R:45.281056,G:45.189892,B:45.221186,EVENT C:2592.500000,R:1540.500000,G:954.500000,B:594.000000, lux: 33.041927,cct:6335.993652, irPara: 1
06-27 15:21:12.078  3542  4880 I libsensor-parseRGB: request dump start for mRequestDisplayId 0
06-27 15:21:12.078  3542  4880 D vendor.xiaomi.sensor.citsensorservice@2.0-service: handle id:22 wxh:1536x3200 uwxuh:1440x3200 size: 14745600 fd:16 fd_meta:17 flags:0x228 usage:0x33  format:0x3 layer_count: 1 reserved_size = 0
06-27 15:21:12.078  2098  2823 W SDM     : HWCSession::GetDisplayIndex: Display index not found for display 3.
06-27 15:21:12.078  2098  2823 D SDM     : HWCSession::SetCWBOutputBuffer: CWB config passed by cwb_client : tappoint 1  CWB_ROI : (473.000000 173.000000 714.000000 414.000000). Display 0
06-27 15:21:12.086  2850  6851 D MediaSessionService: onSessionPlaybackStateChanged: record=com.netease.cloudmusic.iot/androidx.media3.session.id./952 (userId=0) playbackState=PlaybackState {state=PLAYING(3), position=75550, buffered position=131030, speed=1.0, updated=1130376130, actions=7340031, custom actions=[], active item id=43, error=null}
06-27 15:21:12.087  5901  7182 I ActiveSessionRecord_export-api: onPlaybackStateChanged: PlaybackState {state=PLAYING(3), position=75550, buffered position=131030, speed=1.0, updated=1130376130, actions=7340031, custom actions=[], active item id=43, error=null}
06-27 15:21:12.087 21349 21349 I Cir_Miplay_ActiveSessionRecord: onPlaybackStateChanged:3,packageName = com.netease.cloudmusic.iot
06-27 15:21:12.087 21349 21349 I Cir_Miplay_ActiveSessionRecordStack: onPlaybackStateChange.
06-27 15:21:12.088  5901  7182 I SafeBinderCall: onPlaybackStateChange binder cost:0
06-27 15:21:12.088  5901  5901 D MiPlayDetailViewModel: onPlaybackStateChange(): state = 3
06-27 15:21:12.088 21349 21349 I Cir_Miplay_ActiveAudioSessionManager: onActiveSessionPlaybackStateChange isTopSessionChanged:false,packageName = com.netease.cloudmusic.iot
06-27 15:21:12.088 21349 21349 I Cir_Miplay_ActiveSessionRecord: TopAudioSession play change
06-27 15:21:12.088 21349 21349 I Cir_Miplay_MiPlayAudioService: dispatchPlaybackStateChange:PlaybackState {state=PLAYING(3), position=75550, buffered position=131030, speed=1.0, updated=1130376130, actions=7340031, custom actions=[], active item id=43, error=null}
06-27 15:21:12.088 21349 21349 I Cir_Miplay_MiPlayAudioService: localPlayStateChange state:PlaybackState {state=PLAYING(3), position=75550, buffered position=131030, speed=1.0, updated=1130376130, actions=7340031, custom actions=[], active item id=43, error=null}
06-27 15:21:12.088 21349 21349 I Cir_Miplay_MiplayClientCallBackProxy: playStateNotify state:3  ,id:,uuid:local_device_id ,mirrorMode:0
06-27 15:21:12.088 21349 21349 I Cir_Miplay_MiplayClientCallBackProxy: playStateNotify callback:com.milink.service
06-27 15:21:12.088 21349 21349 I Cir_Miplay_MiplayClientCallBackProxy: localPositionChange:75550
06-27 15:21:12.088 21349 21349 I MiPlay MiPlay_CmdControl-JNI: [Java_com_xiaomi_miplay_mylibrary_mirror_CmdSessionControl_resumeDevice:600]resumeDevice
06-27 15:21:12.088 21349 21349 D MiPlay CmdControl: [resumeDevice:526][DID8899:CMD_1551] resumeDevice
06-27 15:21:12.088 21349 21349 I MiPlay CmdControl: [getCmdData:342][send] cmd :Resume, seq: 2077, length: 25
06-27 15:21:12.088 21349 21349 I Cir_Miplay_MiPlayAudioService: canrevctrl: verifysameaccount:false
06-27 15:21:12.088 21349 21349 I ActiveSessionRecord: onPlaybackStateChanged: PlaybackState {state=PLAYING(3), position=75550, buffered position=131030, speed=1.0, updated=1130376130, actions=7340031, custom actions=[], active item id=43, error=null}
06-27 15:21:12.089  5606  6963 V MediaPlayerWrapper: onPlaybackStateChanged(): com.netease.cloudmusic.iot : PlaybackState {state=PLAYING(3), position=75550, buffered position=131030, speed=1.0, updated=1130376130, actions=7340031, custom actions=[], active item id=43, error=null}
06-27 15:21:12.089 21349 21349 I MiPlayProxyDeviceManager: getOutputDeviceCount: audioOutputDevices:1
06-27 15:21:12.089 21349 21349 I MiPlayProxyDeviceManager: getOutputDeviceCount: videoOutputDevices:0
06-27 15:21:12.089 21349 21349 I AbsDevice: LocalSpeaker,getDeviceSelectStatus: 0, mediaType: 0
06-27 15:21:12.089 21349 21349 I AbsDevice: getDeviceSelectStatus current absDevice in memory: c4ee07b, current connectionStateMap in memory: 1d3e98, deviceState in memory: 71626f1
06-27 15:21:12.089 21349 21349 I AbsDevice: LocalSpeaker,getDeviceSelectStatus: 0, mediaType: 0
06-27 15:21:12.089 21349 21349 I AbsDevice: getDeviceSelectStatus current absDevice in memory: c4ee07b, current connectionStateMap in memory: 1d3e98, deviceState in memory: 71626f1
06-27 15:21:12.089 21349 21349 I AbsDevice: 7bf16,getDeviceSelectStatus: 1, mediaType: 0
06-27 15:21:12.089 21349 21349 I AbsDevice: getDeviceSelectStatus current absDevice in memory: 7f3b474, current connectionStateMap in memory: 9775d9d, deviceState in memory: ac6e212
06-27 15:21:12.089 21349 21349 I AbsDevice: 7bf16,getDeviceSelectStatus: 1, mediaType: 0
06-27 15:21:12.089 21349 21349 I AbsDevice: getDeviceSelectStatus current absDevice in memory: 7f3b474, current connectionStateMap in memory: 9775d9d, deviceState in memory: ac6e212
06-27 15:21:12.089 21349 21349 I AbsDevice: 7bf16,getDeviceConnectionState: 1, mediaType: 0
06-27 15:21:12.089 24123 24171 I ActiveSessionRecord_export-api: onPlaybackStateChanged: PlaybackState {state=PLAYING(3), position=75550, buffered position=131030, speed=1.0, updated=1130376130, actions=7340031, custom actions=[], active item id=43, error=null}
06-27 15:21:12.089 21349 21349 I MiPlay  : call play
06-27 15:21:12.089 21349 21349 I MiPlayClientSDK: resume, 1b9ca5c44014471db70383acb347bf16
06-27 15:21:12.089 21349 21349 I Cir_Miplay_SmartPlayClient:: handleMessage type:6 ,callback:252641152
06-27 15:21:12.089 21349 21349 I MiPlayClientSDK: =======================================================================
06-27 15:21:12.089 21349 21349 I MiPlayClientSDK: onPlayStateChange start
06-27 15:21:12.089 21349 21349 I MiPlayClientSDK: local_device_id, state:3
06-27 15:21:12.089 21349 21349 I MiPlayClientSDK: onPlayStateChange end
06-27 15:21:12.089 21349 21349 I MiPlayClientSDK: =======================================================================
06-27 15:21:12.089 21349 21349 I MiPlayProxyDeviceManager: onPlayStateChange
06-27 15:21:12.089 21349 21349 I MiPlay_DeviceManager: onPlaybackStateChanged,local_, state:pause
06-27 15:21:12.089 21349 21349 I Cir_Miplay_SmartPlayClient:: handleMessage type:23 ,callback:252641152
06-27 15:21:12.089 21349 21349 I Cir_Miplay_MiPlayAudioService: handleMessage type:42
06-27 15:21:12.089 21349 21349 I Cir_Miplay_MiPlayAudioService: rev msg_cmd_setboxresume cmd
06-27 15:21:12.089 21349 21349 I Cir_Miplay_DeviceManager: getDevices
06-27 15:21:12.089 21349 21349 I Cir_Miplay_DeviceManager: cast device:MiDevice{name='小爱音箱-7574', ip='683148', mac='1551', port=8899, bluetoothMac='30C4', p2pMac=', groupName='', roomName='卧室', miName='小米AI音箱（第二代）   ', deviceConnectState=1, uuid='1b9ca5c44014471db70383acb347bf16', deviceType=4, isMaster='0', needPos='', canRevCtrl='', idhash='6oQ', isSupportMpAbility='audio', haveSupportField=true, mCanAlonePlayCtrl=1, canHeadsetCtrl=0, deviceId='e8edf0c1-4b8e-4316-9519-f3c69cb0a8d1', mHasDeviceInfo=1, mCmdSessionState=1, lyraDeviceId='null', videoFlowCapacity='null'}
06-27 15:21:12.089 21349 21349 I MiPlay MiPlay_CmdControl-JNI: [Java_com_xiaomi_miplay_mylibrary_mirror_CmdSessionControl_resumeDevice:600]resumeDevice
06-27 15:21:12.089 21349 21349 D MiPlay CmdControl: [resumeDevice:526][DID8899:CMD_1551] resumeDevice
06-27 15:21:12.089 21349 21349 I MiPlay CmdControl: [getCmdData:342][send] cmd :Resume, seq: 2078, length: 25
06-27 15:21:12.090  5606  6963 D MediaPlayerWrapper: Metadata currently out of sync for com.netease.cloudmusic.iot
06-27 15:21:12.090  5606  6963 D MediaPlayerWrapper:   └ Current queueItem: { mediaId="NowPlayingId43" title="阿刁" artist="赵雷" album="无法长大" genre="" duration=0 trackPosition=1/1 image=null }
06-27 15:21:12.090  5606  6963 D MediaPlayerWrapper:   └ Current metadata : { mediaId="currsong" title="阿刁" artist="赵雷" album="无法长大" genre="" duration=377939 trackPosition=1/1 image=null }
06-27 15:21:12.090  5606  6963 D MediaPlayerWrapper: com.netease.cloudmusic.iot Only Title and Artist info sync for metadata
06-27 15:21:12.090 24123 24171 I ActiveAudioSessionManager_export-api: dispatchTopActiveSessionChangeCallbackLocked, size:1
06-27 15:21:12.091  5606  6963 V MediaPlayerWrapper: trySendMediaUpdate(): Metadata has been updated for com.netease.cloudmusic.iot
06-27 15:21:12.091  5606  6963 D MediaPlayerList: sendMediaUpdate
06-27 15:21:12.092  5606  6963 D MediaPlayerList: sendMediaUpdate state=PlaybackState {state=PLAYING(3), position=75555, buffered position=131030, speed=1.0, updated=1130376135, actions=7340031, custom actions=[], active item id=43, error=null}
06-27 15:21:12.092  5606  6963 D AvrcpTargetService: onMediaUpdated: track_changed=false state=true queue=false
06-27 15:21:12.092  5606  6963 D AvrcpNativeInterface: sendMediaUpdate: metadata=false playStatus=true queue=false
06-27 15:21:12.092  5606  6963 I bluetooth: system/btif/avrcp/avrcp_service.cc:676 SendMediaUpdate: track_changed=false :  play_state=true :  queue=false
06-27 15:21:12.093  2098  2236 D SDM     : HWDeviceDRM::SetupConcurrentWriteback: Tear down the Concurrent Writeback topology
06-27 15:21:12.093 24123 24171 I SafeBinderCall: queryActiveAudioSession binder cost:2
06-27 15:21:12.094 24123 24171 I ActiveAudioSessionManager_export-api: startPositionCallbackTask
06-27 15:21:12.094 24123 24171 I SafeBinderCall: onPlaybackStateChange binder cost:0
06-27 15:21:12.094 24123 24123 D MiPlayDetailViewModel: onActiveAudioSessionChange(): audioSessionList?.size = 1
06-27 15:21:12.094 24123 24123 I SafeBinderCall: call getMediaMetaData binder cost:0
06-27 15:21:12.095 24123 24123 I SafeBinderCall: call getPosition binder cost:0
06-27 15:21:12.095 24123 24123 I SafeBinderCall: call getPlaybackState binder cost:0
06-27 15:21:12.107  2098  4902 D SDM     : HWCSession::NotifyCWBStatus: Notify the client about buffer status 0. Display: 0
06-27 15:21:12.107  2098  4902 I SDM     : HWCSession::ProcessCWBStatus: CWB queue is empty. display_index: 0
06-27 15:21:12.111  3542  4881 D libsensor-parseRGB: the value of RGB [5.658344 5.653163 5.654942]
06-27 15:21:12.135  2098  2188 I MiStcImpl: Dispatching command: 35 SET_HISTOGRAM
06-27 15:21:12.137 30864 24118 D PipelineWatcher: [0xb400007b57daa900] pipelineFull: too many frames in pipeline (4)
06-27 15:21:12.180 21349  4750 D MiPlay MiPlay_Session: [readMore:680][DID8899:CMD_1551] Session readMore [2]:[250] [250]
06-27 15:21:12.180 21349  4748 I MiPlay MiPlay_RemoteClient: [onMultiDisplayInfo:153][DID8899:CMD_1551] onMultiDisplayInfo what:100002, index:1
06-27 15:21:12.181 21349  4748 I MiPlay MiPlay_RemoteClient: [onMultiDisplayInfo:153][DID8899:CMD_1551] onMultiDisplayInfo what:100003, index:1
06-27 15:21:12.276  3542  4887 I libsensor-displayalgo: the value of channelCali C:73.407589,R:17.036967,G:8.939393,B:1.670630,scales C:1.094388,R:1.064690,G:1.151685,B:0.982580
06-27 15:21:12.276  3542  4887 D libsensor-displayalgo: brightness:1010.000000,R:45.281056,G:45.189892,B:45.221186,EVENT C:2593.500000,R:1538.500000,G:954.000000,B:593.500000, lux: 33.090870,cct:6359.189453, irPara: 1
06-27 15:21:12.284  2098  2814 I vendor.qti.hardware.display.composer-service: FrameNotifyProcess Sensor: notify citsensorservice to trigger cwb
06-27 15:21:12.284  3542  4880 I libsensor-parseRGB: request dump start for mRequestDisplayId 0
06-27 15:21:12.285  3542  4880 D vendor.xiaomi.sensor.citsensorservice@2.0-service: handle id:22 wxh:1536x3200 uwxuh:1440x3200 size: 14745600 fd:16 fd_meta:17 flags:0x228 usage:0x33  format:0x3 layer_count: 1 reserved_size = 0
06-27 15:21:12.285  2098  2825 W SDM     : HWCSession::GetDisplayIndex: Display index not found for display 3.
06-27 15:21:12.285  2098  2825 D SDM     : HWCSession::SetCWBOutputBuffer: CWB config passed by cwb_client : tappoint 1  CWB_ROI : (473.000000 173.000000 714.000000 414.000000). Display 0
06-27 15:21:12.301  2098  2236 D SDM     : HWDeviceDRM::SetupConcurrentWriteback: Tear down the Concurrent Writeback topology
06-27 15:21:12.308 30864  2615 D AudioTrackImpl: [audioTrackData][fine] 15s(f:15008 m:0 s:0 k:0 z:0) : pid 30864 uid 10453 sessionId 26017 sr 44100 ch 2 fmt 1 maxAmplitude 3628
06-27 15:21:12.318 21349  4789 I MediaCodec: [mId: 1] [audio-debug-enc] state 6 mFlags 3328 Stats 5015ms:Client:com.milink.service,Component:c2.android.aac.encoder,Qin:235,DQin:0/0,Render:0,encode:235,DQout:0/0
06-27 15:21:12.316  2098  4902 D SDM     : HWCSession::NotifyCWBStatus: Notify the client about buffer status 0. Display: 0
06-27 15:21:12.319  2098  4902 I SDM     : HWCSession::ProcessCWBStatus: CWB queue is empty. display_index: 0
06-27 15:21:12.323  3542  4881 D libsensor-parseRGB: the value of RGB [5.658344 5.653163 5.654942]
06-27 15:21:12.336  2098  2188 I MiStcImpl: Dispatching command: 35 SET_HISTOGRAM
06-27 15:21:12.350 30864 24118 D PipelineWatcher: [0xb400007b57daa900] pipelineFull: too many frames in pipeline (4)
06-27 15:21:12.397  5901 24122 I SafeBinderCall: onPositionChange binder cost:1
06-27 15:21:12.397  5901  5901 D MiPlayDetailViewModel: onPositionChangeSelf position = 75861
06-27 15:21:12.436 21349  4750 D MiPlay MiPlay_Session: [readMore:680][DID8899:CMD_1551] Session readMore [2]:[250] [250]
06-27 15:21:12.437 21349  4748 I MiPlay MiPlay_RemoteClient: [onMultiDisplayInfo:153][DID8899:CMD_1551] onMultiDisplayInfo what:100002, index:1
06-27 15:21:12.437 21349  4748 I MiPlay MiPlay_RemoteClient: [onMultiDisplayInfo:153][DID8899:CMD_1551] onMultiDisplayInfo what:100003, index:1
06-27 15:21:12.448  2346  2346 D MI-SF   : isTpIdleScene ,mAverageFrameRate is 120, 0 
06-27 15:21:12.448  2346  2346 D MI-SF   : modeGroup0 mIsSupportAutomodeForMaxFpsSetting is 1(0), getCurrentBrightness() = 4042(528), mIsKeepAutoMode 0 isAutoModeAllowed() 1
06-27 15:21:12.448  2346  2346 D RefreshRateSelector: fixedMode_group: 0, isFindModeGroup 0
06-27 15:21:12.448  2346  2346 D RefreshRateSelector: find max refresh rate:120, mode Group:0
06-27 15:21:12.463 10622 16920 D JavaheapMonitor: Java heap used=36M max=512M, proc: com.sohu.inputmethod.sogou.xiaomi
06-27 15:21:12.463 10622 16920 V JavaheapMonitor: Check java heap usage finished! Next check delay: 300000
06-27 15:21:12.476  3542  4887 I libsensor-displayalgo: the value of channelCali C:72.827098,R:16.890650,G:8.963166,B:1.645141,scales C:1.094388,R:1.064690,G:1.151685,B:0.982580
06-27 15:21:12.476  3542  4887 D libsensor-displayalgo: brightness:1010.000000,R:45.281056,G:45.189892,B:45.221186,EVENT C:2591.000000,R:1536.000000,G:954.000000,B:593.500000, lux: 33.098804,cct:6373.839844, irPara: 1
06-27 15:21:12.492  2098  2814 I vendor.qti.hardware.display.composer-service: FrameNotifyProcess Sensor: notify citsensorservice to trigger cwb
06-27 15:21:12.492  3542  4880 I libsensor-parseRGB: request dump start for mRequestDisplayId 0
06-27 15:21:12.493  3542  4880 D vendor.xiaomi.sensor.citsensorservice@2.0-service: handle id:22 wxh:1536x3200 uwxuh:1440x3200 size: 14745600 fd:16 fd_meta:17 flags:0x228 usage:0x33  format:0x3 layer_count: 1 reserved_size = 0
06-27 15:21:12.493  2098  2823 W SDM     : HWCSession::GetDisplayIndex: Display index not found for display 3.
06-27 15:21:12.493  2098  2823 D SDM     : HWCSession::SetCWBOutputBuffer: CWB config passed by cwb_client : tappoint 1  CWB_ROI : (473.000000 173.000000 714.000000 414.000000). Display 0
06-27 15:21:12.508  2098  2236 D SDM     : HWDeviceDRM::SetupConcurrentWriteback: Tear down the Concurrent Writeback topology
06-27 15:21:12.523  2098  4902 D SDM     : HWCSession::NotifyCWBStatus: Notify the client about buffer status 0. Display: 0
06-27 15:21:12.523  2098  4902 I SDM     : HWCSession::ProcessCWBStatus: CWB queue is empty. display_index: 0
06-27 15:21:12.528  3542  4881 D libsensor-parseRGB: the value of RGB [5.658344 5.653163 5.654942]
06-27 15:21:12.536  2098  2188 I MiStcImpl: Dispatching command: 35 SET_HISTOGRAM
06-27 15:21:12.546 30864 24118 D PipelineWatcher: [0xb400007b57daa900] pipelineFull: too many frames in pipeline (4)
06-27 15:21:12.592 10173 10413 E music   : MediaInfo{currVol=30, maxVol=150, artist='赵雷', album='无法长大', title='阿刁', duration=377939, pos=75550, state=3, mediaPlayerName='', playerHasGone=0, stateChangeTimeMs=1782544872085, speed=1.0}
06-27 15:21:12.600  2224 13477 D StNfcHal: (#05C06) Rx 6f 02 0f 21 20 00 a2 0a 08 06 ff ad ff 2d 3e d5 d7 9b 
06-27 15:21:12.601  2224 13476 D StNfcHal: HalStopTimer 
06-27 15:21:12.601 10059 11671 D libnfc_nci: vendor_nfc_handle_event: Enter event: 12
06-27 15:21:12.602  5716 13821 D StNfcOemExtension: StNfcVendorNciCallback.onVendorNciNotification: PROP:ST_NCI_MSG_PROP:212000A20A0806FFADFF2D3ED5D79B
06-27 15:21:12.602  5716 13821 D StNfcOemExtension: StNfcVendorNciCallback.onVendorNciNotification: unexpected
06-27 15:21:12.603  5716 13821 D StNfcExtensionService: srvStNfcOemExtensionVendorNtfCallback:  g=f, o=2, payload=212000A20A0806FFADFF2D3ED5D79B
06-27 15:21:12.603  2850  6919 I NetworkAccelerateSwitchService: EVENT_RSSI_POLL. mRssiPoll=true
06-27 15:21:12.603  2850  6919 I NetworkAccelerateSwitchService: checkWifiRssiAndLinkSpeed rssi:37
06-27 15:21:12.603  2850  6919 I NetworkAccelerateSwitchService: checkWifiRssiAndLinkSpeed mWifiFastFade:false mWifiFastFadeAdjustThreshold:false
06-27 15:21:12.604  2850  6919 I NetworkAccelerateSwitchService: getAverageWifiRssi:35
06-27 15:21:12.604  2850  6919 D NetworkAccelerateSwitchService: checkIntervalModeChange mMovementState:false mIntervalMode:0 mIsBadLinkLayerQoE:false mBadLinkLayerQoETimes = 0
06-27 15:21:12.609  2224 13477 D StNfcHal: (#05C07) Rx 6f 02 3f 21 20 00 a2 0a 09 06 ff a5 ff 35 3e d5 dd 15 a2 0a 0b 06 ff a5 ff 35 3e d5 dd 1d a2 0a 
06-27 15:21:12.609  2224 13477 D StNfcHal: (#05C07) rx 02 06 ff a5 ff 35 3e d5 dd 1f a2 0a 06 06 ff 95 ff 27 3e d5 dd 21 a2 0a 07 06 ff b5 ff 43 3e d5 
06-27 15:21:12.609  2224 13477 D StNfcHal: (#05C07) rx dd 23 
06-27 15:21:12.610  2224 13476 D StNfcHal: HalStopTimer 
06-27 15:21:12.610 10059 11671 D libnfc_nci: vendor_nfc_handle_event: Enter event: 12
06-27 15:21:12.612  5716 13821 D StNfcOemExtension: StNfcVendorNciCallback.onVendorNciNotification: PROP:ST_NCI_MSG_PROP:212000A20A0906FFA5FF353ED5DD15A20A0B06FFA5FF353ED5DD1DA20A0206FFA5FF353ED5DD1FA20A0606FF95FF273ED5DD21A20A0706FFB5FF433ED5DD23
06-27 15:21:12.612  5716 13821 D StNfcOemExtension: StNfcVendorNciCallback.onVendorNciNotification: unexpected
06-27 15:21:12.612  5716 13821 D StNfcExtensionService: srvStNfcOemExtensionVendorNtfCallback:  g=f, o=2, payload=212000A20A0906FFA5FF353ED5DD15A20A0B06FFA5FF353ED5DD1DA20A0206FFA5FF353ED5DD1FA20A0606FF95FF273ED5DD21A20A0706FFB5FF433ED5DD23
06-27 15:21:12.624 24123 24192 I SafeBinderCall: onPositionChange binder cost:0
06-27 15:21:12.624 24123 24123 D MiPlayDetailViewModel: onPositionChange(): position = 76088
06-27 15:21:12.630 21349  4750 D MiPlay MiPlay_Session: [readMore:680][DID8899:CMD_1551] Session readMore [2]:[172] [172]
06-27 15:21:12.631 21349  4748 I MiPlay MiPlay_WifiDisplaySource: [onReceiveClientData:2576][DID8899:CMD_1551] session 2 received GET_PARAMETER rtsp://localhost/wfd1.0 RTSP/1.0
06-27 15:21:12.631 21349  4748 I MiPlay MiPlay_WifiDisplaySource: cseq: 10637
06-27 15:21:12.631 21349  4748 I MiPlay MiPlay_WifiDisplaySource: date: Sat, 27 Jun 2026 7:21:12 +0
06-27 15:21:12.631 21349  4748 I MiPlay MiPlay_WifiDisplaySource: session: 1804289383
06-27 15:21:12.631 21349  4748 I MiPlay MiPlay_WifiDisplaySource: user-agent: stagefright/1.1 (Linux;Android 4.1)
06-27 15:21:12.631 21349  4748 I MiPlay MiPlay_WifiDisplaySource: 
06-27 15:21:12.631 21349  4750 D MiPlay MiPlay_Session: [writeMore:772][DID8899:CMD_1551] Session writeMore [2]:[113] [113]
06-27 15:21:12.650  3423  3423 I cnss-daemon: nl80211 response handler invoked
06-27 15:21:12.650  3423  3423 I cnss-daemon: nl80211_response_handler: cmd 103, vendorID 4980, subcmd 13  received
06-27 15:21:12.650  2027 18111 I WifiHAL : event received NL80211_CMD_VENDOR, vendor_id = 0x1374, subcmd = 0xd
06-27 15:21:12.676  3542  4887 I libsensor-displayalgo: the value of channelCali C:72.870574,R:16.736026,G:9.192951,B:1.634028,scales C:1.094388,R:1.064690,G:1.151685,B:0.982580
06-27 15:21:12.676  3542  4887 D libsensor-displayalgo: brightness:1010.000000,R:45.281056,G:45.189892,B:45.221186,EVENT C:2597.000000,R:1538.500000,G:957.500000,B:592.000000, lux: 33.320679,cct:6405.573242, irPara: 1
06-27 15:21:12.692 21349  4750 D MiPlay MiPlay_Session: [readMore:680][DID8899:CMD_1551] Session readMore [2]:[250] [250]
06-27 15:21:12.693 21349  4748 I MiPlay MiPlay_RemoteClient: [onMultiDisplayInfo:153][DID8899:CMD_1551] onMultiDisplayInfo what:100002, index:1
06-27 15:21:12.693 21349  4748 I MiPlay MiPlay_RemoteClient: [onMultiDisplayInfo:153][DID8899:CMD_1551] onMultiDisplayInfo what:100003, index:1
06-27 15:21:12.700  2098  2814 I vendor.qti.hardware.display.composer-service: FrameNotifyProcess Sensor: notify citsensorservice to trigger cwb
06-27 15:21:12.700  3542  4880 I libsensor-parseRGB: request dump start for mRequestDisplayId 0
06-27 15:21:12.700  3542  4880 D vendor.xiaomi.sensor.citsensorservice@2.0-service: handle id:22 wxh:1536x3200 uwxuh:1440x3200 size: 14745600 fd:16 fd_meta:17 flags:0x228 usage:0x33  format:0x3 layer_count: 1 reserved_size = 0
06-27 15:21:12.701  2098  2825 W SDM     : HWCSession::GetDisplayIndex: Display index not found for display 3.
06-27 15:21:12.701  2098  2825 D SDM     : HWCSession::SetCWBOutputBuffer: CWB config passed by cwb_client : tappoint 1  CWB_ROI : (473.000000 173.000000 714.000000 414.000000). Display 0
06-27 15:21:12.717  2098  2236 D SDM     : HWDeviceDRM::SetupConcurrentWriteback: Tear down the Concurrent Writeback topology
06-27 15:21:12.731  2098  4902 D SDM     : HWCSession::NotifyCWBStatus: Notify the client about buffer status 0. Display: 0
06-27 15:21:12.731  2098  4902 I SDM     : HWCSession::ProcessCWBStatus: CWB queue is empty. display_index: 0
06-27 15:21:12.735  3542  4881 D libsensor-parseRGB: the value of RGB [5.658344 5.653163 5.654942]
06-27 15:21:12.737  2098  2188 I MiStcImpl: Dispatching command: 35 SET_HISTOGRAM
06-27 15:21:12.747 30864 24118 D PipelineWatcher: [0xb400007b57daa900] pipelineFull: too many frames in pipeline (4)
06-27 15:21:12.768  2850  4888 D WifiStaIfaceHidlImpl: getCachedScanData is not implemented by HIDL
06-27 15:21:12.768 21349  4748 I MiPlay MiPlay_WifiDisplaySource: [sendM16:1690][DID8899:CMD_1551] session 2 send GET_PARAMETER rtsp://localhost/wfd1.0 RTSP/1.0
06-27 15:21:12.768 21349  4748 I MiPlay MiPlay_WifiDisplaySource: Date: Sat, 27 Jun 2026 7:21:12 +0
06-27 15:21:12.768 21349  4748 I MiPlay MiPlay_WifiDisplaySource: Server: 
06-27 15:21:12.768 21349  4748 I MiPlay MiPlay_WifiDisplaySource: CSeq: 264
06-27 15:21:12.768 21349  4748 I MiPlay MiPlay_WifiDisplaySource: Session: 1804289383
06-27 15:21:12.768 21349  4748 I MiPlay MiPlay_WifiDisplaySource: 
06-27 15:21:12.769  2850  4888 D MiuiWifiCommonBase: band: 1, compensate: 0
06-27 15:21:12.770 21349  4750 D MiPlay MiPlay_Session: [writeMore:772][DID8899:CMD_1551] Session writeMore [2]:[131] [131]
06-27 15:21:12.776 21349  4750 D MiPlay MiPlay_Session: [readMore:680][DID8899:CMD_1551] Session readMore [2]:[168] [168]
06-27 15:21:12.777 21349  4748 I MiPlay MiPlay_WifiDisplaySource: [onReceiveClientData:2576][DID8899:CMD_1551] session 2 received RTSP/1.0 200 OK
06-27 15:21:12.777 21349  4748 I MiPlay MiPlay_WifiDisplaySource: content-length: 0
06-27 15:21:12.777 21349  4748 I MiPlay MiPlay_WifiDisplaySource: content-type: text/parameters
06-27 15:21:12.777 21349  4748 I MiPlay MiPlay_WifiDisplaySource: cseq: 264
06-27 15:21:12.777 21349  4748 I MiPlay MiPlay_WifiDisplaySource: date: Sat, 27 Jun 2026 7:21:12 +0
06-27 15:21:12.777 21349  4748 I MiPlay MiPlay_WifiDisplaySource: user-agent: stagefright/1.1 (Linux;Android 4.1)
06-27 15:21:12.777 21349  4748 I MiPlay MiPlay_WifiDisplaySource: 
06-27 15:21:12.782  5847  7229 E PhoneAdapter: get ntnphones failed, exception: java.lang.IllegalStateException: not support satellite!
06-27 15:21:12.782  2850  4896 D AmlWifiScoreReportInjector: isMobileDataSignalPoor cellNrSignalRsrp = -105
06-27 15:21:12.859 30864 24118 D PipelineWatcher: [0xb400007b57daa900] pipelineFull: too many frames in pipeline (4)
06-27 15:21:12.876  3542  4887 I libsensor-displayalgo: the value of channelCali C:73.195784,R:16.809300,G:9.195864,B:1.647116,scales C:1.094388,R:1.064690,G:1.151685,B:0.982580
06-27 15:21:12.876  3542  4887 D libsensor-displayalgo: brightness:1010.000000,R:45.281056,G:45.189892,B:45.221186,EVENT C:2596.500000,R:1539.000000,G:957.000000,B:593.500000, lux: 33.235382,cct:6386.416504, irPara: 1
06-27 15:21:12.907  2098  2814 I vendor.qti.hardware.display.composer-service: FrameNotifyProcess Sensor: notify citsensorservice to trigger cwb
06-27 15:21:12.909  3542  4880 I libsensor-parseRGB: request dump start for mRequestDisplayId 0
06-27 15:21:12.909  3542  4880 D vendor.xiaomi.sensor.citsensorservice@2.0-service: handle id:22 wxh:1536x3200 uwxuh:1440x3200 size: 14745600 fd:16 fd_meta:17 flags:0x228 usage:0x33  format:0x3 layer_count: 1 reserved_size = 0
06-27 15:21:12.909  2098  2823 W SDM     : HWCSession::GetDisplayIndex: Display index not found for display 3.
06-27 15:21:12.909  2098  2823 D SDM     : HWCSession::SetCWBOutputBuffer: CWB config passed by cwb_client : tappoint 1  CWB_ROI : (473.000000 173.000000 714.000000 414.000000). Display 0
06-27 15:21:12.924  2098  2236 D SDM     : HWDeviceDRM::SetupConcurrentWriteback: Tear down the Concurrent Writeback topology
06-27 15:21:12.935  2850  4879 I MiuiNetworkPolicy: bandwidth: 6 KB/s, Max bandwidth: 3622 KB/s
06-27 15:21:12.939  2098  2188 I MiStcImpl: Dispatching command: 35 SET_HISTOGRAM
06-27 15:21:12.939  2098  4902 D SDM     : HWCSession::NotifyCWBStatus: Notify the client about buffer status 0. Display: 0
06-27 15:21:12.939  2098  4902 I SDM     : HWCSession::ProcessCWBStatus: CWB queue is empty. display_index: 0
06-27 15:21:12.942  3542  4881 D libsensor-parseRGB: the value of RGB [5.658344 5.653163 5.654942]
06-27 15:21:12.949 21349  4750 D MiPlay MiPlay_Session: [readMore:680][DID8899:CMD_1551] Session readMore [2]:[250] [250]
06-27 15:21:12.949 21349  4748 I MiPlay MiPlay_RemoteClient: [onMultiDisplayInfo:153][DID8899:CMD_1551] onMultiDisplayInfo what:100002, index:1
06-27 15:21:12.951 21349  4748 I MiPlay MiPlay_RemoteClient: [onMultiDisplayInfo:153][DID8899:CMD_1551] onMultiDisplayInfo what:100003, index:1
06-27 15:21:13.076  3542  4887 I libsensor-displayalgo: the value of channelCali C:73.603072,R:17.141348,G:8.870622,B:1.682955,scales C:1.094388,R:1.064690,G:1.151685,B:0.982580
06-27 15:21:13.076  3542  4887 D libsensor-displayalgo: brightness:1010.000000,R:45.281056,G:45.189892,B:45.221186,EVENT C:2598.500000,R:1541.000000,G:956.000000,B:592.000000, lux: 33.252983,cct:6379.562012, irPara: 1
06-27 15:21:13.103 18505 18610 D JavaheapMonitor: Java heap used=2M max=256M, proc: com.xiaomi.xmsf:privacy
06-27 15:21:13.103 18505 18610 V JavaheapMonitor: Check java heap usage finished! Next check delay: 300000
06-27 15:21:13.116  2098  2814 I vendor.qti.hardware.display.composer-service: FrameNotifyProcess Sensor: notify citsensorservice to trigger cwb
06-27 15:21:13.117  3542  4880 I libsensor-parseRGB: request dump start for mRequestDisplayId 0
06-27 15:21:13.117  3542  4880 D vendor.xiaomi.sensor.citsensorservice@2.0-service: handle id:22 wxh:1536x3200 uwxuh:1440x3200 size: 14745600 fd:16 fd_meta:17 flags:0x228 usage:0x33  format:0x3 layer_count: 1 reserved_size = 0
06-27 15:21:13.117  2098  2825 W SDM     : HWCSession::GetDisplayIndex: Display index not found for display 3.
06-27 15:21:13.117  2098  2825 D SDM     : HWCSession::SetCWBOutputBuffer: CWB config passed by cwb_client : tappoint 1  CWB_ROI : (473.000000 173.000000 714.000000 414.000000). Display 0
06-27 15:21:13.133  2098  2236 D SDM     : HWDeviceDRM::SetupConcurrentWriteback: Tear down the Concurrent Writeback topology
06-27 15:21:13.142  2098  2188 I MiStcImpl: Dispatching command: 35 SET_HISTOGRAM
06-27 15:21:13.147  2098  4902 D SDM     : HWCSession::NotifyCWBStatus: Notify the client about buffer status 0. Display: 0
06-27 15:21:13.147  2098  4902 I SDM     : HWCSession::ProcessCWBStatus: CWB queue is empty. display_index: 0
06-27 15:21:13.151  3542  4881 D libsensor-parseRGB: the value of RGB [5.658344 5.653163 5.654942]
06-27 15:21:13.204 21349  4750 D MiPlay MiPlay_Session: [readMore:680][DID8899:CMD_1551] Session readMore [2]:[250] [250]
06-27 15:21:13.205 21349  4748 I MiPlay MiPlay_RemoteClient: [onMultiDisplayInfo:153][DID8899:CMD_1551] onMultiDisplayInfo what:100002, index:1
06-27 15:21:13.205 21349  4748 I MiPlay MiPlay_RemoteClient: [onMultiDisplayInfo:153][DID8899:CMD_1551] onMultiDisplayInfo what:100003, index:1
06-27 15:21:13.216  2850  2924 I MiInputDispatcher: set display0 dim state 1
06-27 15:21:13.226  2098  2823 D SDM     : DisplayBuiltIn::SetPanelBrightness: Primary: Display Setting brightness to level 3922 (23.936754 percent)
06-27 15:21:13.226  2346  2535 D MI-SF   : callback LOCKFPS value 1
06-27 15:21:13.226  2346  2535 D MI-SF   : isIdleTimerSkip is 1,mSetIdleForceFlag = 0
06-27 15:21:13.233  2098  2823 D SDM     : DisplayBuiltIn::SetPanelBrightness: Primary: Display Setting brightness to level 3768 (22.996780 percent)
06-27 15:21:13.241  2098  2823 D SDM     : DisplayBuiltIn::SetPanelBrightness: Primary: Display Setting brightness to level 3620 (22.093708 percent)
06-27 15:21:13.249  2098  2823 D SDM     : DisplayBuiltIn::SetPanelBrightness: Primary: Display Setting brightness to level 3478 (21.226097 percent)
06-27 15:21:13.258  2098  2823 D SDM     : DisplayBuiltIn::SetPanelBrightness: Primary: Display Setting brightness to level 3342 (20.392548 percent)
06-27 15:21:13.266  2098  2823 D SDM     : DisplayBuiltIn::SetPanelBrightness: Primary: Display Setting brightness to level 3211 (19.591730 percent)
06-27 15:21:13.275  2098  2823 D SDM     : DisplayBuiltIn::SetPanelBrightness: Primary: Display Setting brightness to level 3084 (18.822399 percent)
06-27 15:21:13.276  3542  4887 I libsensor-displayalgo: the value of channelCali C:73.850219,R:17.306966,G:8.722441,B:1.703209,scales C:1.094388,R:1.064690,G:1.151685,B:0.982580
06-27 15:21:13.276  3542  4887 D libsensor-displayalgo: brightness:1010.000000,R:45.281056,G:45.189892,B:45.221186,EVENT C:2599.500000,R:1544.000000,G:959.000000,B:593.500000, lux: 33.291897,cct:6370.876465, irPara: 1
06-27 15:21:13.276  2850  6789 D SLM-SRV-SLAService: checktemp temperature = 34590 temperature_average = 34240 isPerformanceMode = false thermal_enable_slm = true
06-27 15:21:13.284  2098  2823 D SDM     : DisplayBuiltIn::SetPanelBrightness: Primary: Display Setting brightness to level 2963 (18.083323 percent)
06-27 15:21:13.288 30864 24118 D PipelineWatcher: [0xb400007b57daa900] pipelineFull: too many frames in pipeline (4)
06-27 15:21:13.291  2098  2823 D SDM     : DisplayBuiltIn::SetPanelBrightness: Primary: Display Setting brightness to level 2847 (17.373270 percent)
06-27 15:21:13.300  2098  2823 D SDM     : DisplayBuiltIn::SetPanelBrightness: Primary: Display Setting brightness to level 2735 (16.691133 percent)
06-27 15:21:13.308  2098  2823 D SDM     : DisplayBuiltIn::SetPanelBrightness: Primary: Display Setting brightness to level 2628 (16.035797 percent)
06-27 15:21:13.316  2098  2823 D SDM     : DisplayBuiltIn::SetPanelBrightness: Primary: Display Setting brightness to level 2525 (15.406169 percent)
06-27 15:21:13.324  2098  2814 I vendor.qti.hardware.display.composer-service: FrameNotifyProcess Sensor: notify citsensorservice to trigger cwb
06-27 15:21:13.324  2098  2823 D SDM     : DisplayBuiltIn::SetPanelBrightness: Primary: Display Setting brightness to level 2426 (14.801232 percent)
06-27 15:21:13.324  3542  4880 I libsensor-parseRGB: request dump start for mRequestDisplayId 0
06-27 15:21:13.325  3542  4880 D vendor.xiaomi.sensor.citsensorservice@2.0-service: handle id:22 wxh:1536x3200 uwxuh:1440x3200 size: 14745600 fd:16 fd_meta:17 flags:0x228 usage:0x33  format:0x3 layer_count: 1 reserved_size = 0
06-27 15:21:13.325  2098  2823 W SDM     : HWCSession::GetDisplayIndex: Display index not found for display 3.
06-27 15:21:13.325  2098  2823 D SDM     : HWCSession::SetCWBOutputBuffer: CWB config passed by cwb_client : tappoint 1  CWB_ROI : (473.000000 173.000000 714.000000 414.000000). Display 0
06-27 15:21:13.334  2098  2825 D SDM     : DisplayBuiltIn::SetPanelBrightness: Primary: Display Setting brightness to level 2331 (14.220047 percent)
06-27 15:21:13.341  2098  2236 D SDM     : HWDeviceDRM::SetupConcurrentWriteback: Tear down the Concurrent Writeback topology
06-27 15:21:13.341  2098  2825 D SDM     : DisplayBuiltIn::SetPanelBrightness: Primary: Display Setting brightness to level 2239 (13.661678 percent)
06-27 15:21:13.343  2098  2188 I MiStcImpl: Dispatching command: 35 SET_HISTOGRAM
06-27 15:21:13.345  6891  9743 D JavaheapMonitor: Java heap used=8M max=256M, proc: com.xiaomi.bluetooth
06-27 15:21:13.346  6891  9743 V JavaheapMonitor: Check java heap usage finished! Next check delay: 300000
06-27 15:21:13.350  2098  2825 D SDM     : DisplayBuiltIn::SetPanelBrightness: Primary: Display Setting brightness to level 2151 (13.125211 percent)
06-27 15:21:13.358  2098  4902 D SDM     : HWCSession::NotifyCWBStatus: Notify the client about buffer status 0. Display: 0
06-27 15:21:13.358  2098  4902 I SDM     : HWCSession::ProcessCWBStatus: CWB queue is empty. display_index: 0
06-27 15:21:13.358  2098  2825 D SDM     : DisplayBuiltIn::SetPanelBrightness: Primary: Display Setting brightness to level 2067 (12.609770 percent)
06-27 15:21:13.361  3542  4881 D libsensor-parseRGB: the value of RGB [4.733634 4.730695 4.731692]
06-27 15:21:13.366  2098  2825 D SDM     : DisplayBuiltIn::SetPanelBrightness: Primary: Display Setting brightness to level 1986 (12.114561 percent)
06-27 15:21:13.374  2098  2825 D SDM     : DisplayBuiltIn::SetPanelBrightness: Primary: Display Setting brightness to level 1908 (11.638786 percent)
06-27 15:21:13.383  2098  2825 D SDM     : DisplayBuiltIn::SetPanelBrightness: Primary: Display Setting brightness to level 1833 (11.181677 percent)
06-27 15:21:13.388 30864 24118 D PipelineWatcher: [0xb400007b57daa900] pipelineFull: too many frames in pipeline (4)
06-27 15:21:13.391  2098  2825 D SDM     : DisplayBuiltIn::SetPanelBrightness: Primary: Display Setting brightness to level 1761 (10.742502 percent)
06-27 15:21:13.396  5901 24122 I SafeBinderCall: onPositionChange binder cost:0
06-27 15:21:13.396  5901  5901 D MiPlayDetailViewModel: onPositionChangeSelf position = 76860
06-27 15:21:13.400  2098  2825 D SDM     : DisplayBuiltIn::SetPanelBrightness: Primary: Display Setting brightness to level 1692 (10.320601 percent)
06-27 15:21:13.408  2098  2825 D SDM     : DisplayBuiltIn::SetPanelBrightness: Primary: Display Setting brightness to level 1625 (9.915269 percent)
06-27 15:21:13.416  2098  2825 D SDM     : DisplayBuiltIn::SetPanelBrightness: Primary: Display Setting brightness to level 1562 (9.525866 percent)
06-27 15:21:13.425  2098  2825 D SDM     : DisplayBuiltIn::SetPanelBrightness: Primary: Display Setting brightness to level 1500 (9.151771 percent)
06-27 15:21:13.432  2098  2825 D SDM     : DisplayBuiltIn::SetPanelBrightness: Primary: Display Setting brightness to level 1441 (8.792372 percent)
06-27 15:21:13.442  2098  2825 D SDM     : DisplayBuiltIn::SetPanelBrightness: Primary: Display Setting brightness to level 1385 (8.447107 percent)
06-27 15:21:13.449  2098  2825 D SDM     : DisplayBuiltIn::SetPanelBrightness: Primary: Display Setting brightness to level 1330 (8.115435 percent)
06-27 15:21:13.458  2098  2825 D SDM     : DisplayBuiltIn::SetPanelBrightness: Primary: Display Setting brightness to level 1278 (7.796798 percent)
06-27 15:21:13.461 21349  4750 D MiPlay MiPlay_Session: [readMore:680][DID8899:CMD_1551] Session readMore [2]:[250] [250]
06-27 15:21:13.461 21349  4748 I MiPlay MiPlay_RemoteClient: [onMultiDisplayInfo:153][DID8899:CMD_1551] onMultiDisplayInfo what:100002, index:1
06-27 15:21:13.461 21349  4748 I MiPlay MiPlay_RemoteClient: [onMultiDisplayInfo:153][DID8899:CMD_1551] onMultiDisplayInfo what:100003, index:1
06-27 15:21:13.467  2098  2825 D SDM     : DisplayBuiltIn::SetPanelBrightness: Primary: Display Setting brightness to level 1228 (7.490688 percent)
06-27 15:21:13.475  2098  2825 D SDM     : DisplayBuiltIn::SetPanelBrightness: Primary: Display Setting brightness to level 1180 (7.196606 percent)
06-27 15:21:13.476  3542  4887 I libsensor-displayalgo: the value of channelCali C:29.232781,R:11.156272,G:5.315447,B:2.078338,scales C:1.094388,R:1.064690,G:1.151685,B:0.982580
06-27 15:21:13.476  3542  4887 D libsensor-displayalgo: brightness:631.000000,R:30.579351,G:30.537595,B:30.551765,EVENT C:2557.000000,R:1516.000000,G:940.000000,B:585.500000, lux: 33.362865,cct:6525.732910, irPara: 1
06-27 15:21:13.483  2098  2825 D SDM     : DisplayBuiltIn::SetPanelBrightness: Primary: Display Setting brightness to level 1134 (6.914063 percent)
06-27 15:21:13.491  2098  2825 D SDM     : DisplayBuiltIn::SetPanelBrightness: Primary: Display Setting brightness to level 1089 (6.642611 percent)
06-27 15:21:13.499 30864 24118 D PipelineWatcher: [0xb400007b57daa900] pipelineFull: too many frames in pipeline (4)
06-27 15:21:13.501  2098  2825 D SDM     : DisplayBuiltIn::SetPanelBrightness: Primary: Display Setting brightness to level 1046 (6.381811 percent)
06-27 15:21:13.508  2098  2825 D SDM     : DisplayBuiltIn::SetPanelBrightness: Primary: Display Setting brightness to level 1005 (6.131243 percent)
06-27 15:21:13.518  2098  2825 D SDM     : DisplayBuiltIn::SetPanelBrightness: Primary: Display Setting brightness to level 966 (5.890505 percent)
06-27 15:21:13.524  2098  2825 D SDM     : DisplayBuiltIn::SetPanelBrightness: Primary: Display Setting brightness to level 928 (5.659211 percent)
06-27 15:21:13.531  2098  2814 I vendor.qti.hardware.display.composer-service: FrameNotifyProcess Sensor: notify citsensorservice to trigger cwb
06-27 15:21:13.532  3542  4880 I libsensor-parseRGB: request dump start for mRequestDisplayId 0
06-27 15:21:13.532  3542  4880 D vendor.xiaomi.sensor.citsensorservice@2.0-service: handle id:22 wxh:1536x3200 uwxuh:1440x3200 size: 14745600 fd:16 fd_meta:17 flags:0x228 usage:0x33  format:0x3 layer_count: 1 reserved_size = 0
06-27 15:21:13.533  2098  2825 D SDM     : DisplayBuiltIn::SetPanelBrightness: Primary: Display Setting brightness to level 892 (5.436997 percent)
06-27 15:21:13.533  2098  2823 W SDM     : HWCSession::GetDisplayIndex: Display index not found for display 3.
06-27 15:21:13.533  2098  2823 D SDM     : HWCSession::SetCWBOutputBuffer: CWB config passed by cwb_client : tappoint 1  CWB_ROI : (473.000000 173.000000 714.000000 414.000000). Display 0
06-27 15:21:13.542  2098  2825 D SDM     : DisplayBuiltIn::SetPanelBrightness: Primary: Display Setting brightness to level 857 (5.223500 percent)
06-27 15:21:13.544  2098  2188 I MiStcImpl: Dispatching command: 35 SET_HISTOGRAM
06-27 15:21:13.548  2098  2236 D SDM     : HWDeviceDRM::SetupConcurrentWriteback: Tear down the Concurrent Writeback topology
06-27 15:21:13.550  2098  2825 D SDM     : DisplayBuiltIn::SetPanelBrightness: Primary: Display Setting brightness to level 823 (5.018379 percent)
06-27 15:21:13.558  2098  2825 D SDM     : DisplayBuiltIn::SetPanelBrightness: Primary: Display Setting brightness to level 791 (4.821302 percent)
06-27 15:21:13.563  2098  4902 D SDM     : HWCSession::NotifyCWBStatus: Notify the client about buffer status 0. Display: 0
06-27 15:21:13.563  2098  4902 I SDM     : HWCSession::ProcessCWBStatus: CWB queue is empty. display_index: 0
06-27 15:21:13.567  2098  2825 D SDM     : DisplayBuiltIn::SetPanelBrightness: Primary: Display Setting brightness to level 760 (4.631958 percent)
06-27 15:21:13.567  3542  4881 D libsensor-parseRGB: the value of RGB [4.197891 4.195962 4.196611]
06-27 15:21:13.574  2098  2825 D SDM     : DisplayBuiltIn::SetPanelBrightness: Primary: Display Setting brightness to level 730 (4.450052 percent)
06-27 15:21:13.583  2098  2825 D SDM     : DisplayBuiltIn::SetPanelBrightness: Primary: Display Setting brightness to level 701 (4.275287 percent)
06-27 15:21:13.591  2098  2825 D SDM     : DisplayBuiltIn::SetPanelBrightness: Primary: Display Setting brightness to level 674 (4.107394 percent)
06-27 15:21:13.602  2098  2825 D SDM     : DisplayBuiltIn::SetPanelBrightness: Primary: Display Setting brightness to level 647 (3.946096 percent)
06-27 15:21:13.603 30864 24118 D PipelineWatcher: [0xb400007b57daa900] pipelineFull: too many frames in pipeline (4)
06-27 15:21:13.607  2098  2825 D SDM     : DisplayBuiltIn::SetPanelBrightness: Primary: Display Setting brightness to level 622 (3.791132 percent)
06-27 15:21:13.616  2098  2825 D SDM     : DisplayBuiltIn::SetPanelBrightness: Primary: Display Setting brightness to level 598 (3.642259 percent)
06-27 15:21:13.624  2098  2825 D SDM     : DisplayBuiltIn::SetPanelBrightness: Primary: Display Setting brightness to level 574 (3.499233 percent)
06-27 15:21:13.624 24123 24192 I SafeBinderCall: onPositionChange binder cost:0
06-27 15:21:13.624 24123 24123 D MiPlayDetailViewModel: onPositionChange(): position = 77088
06-27 15:21:13.632  2098  2825 D SDM     : DisplayBuiltIn::SetPanelBrightness: Primary: Display Setting brightness to level 552 (3.361829 percent)
06-27 15:21:13.641  2098  2825 D SDM     : DisplayBuiltIn::SetPanelBrightness: Primary: Display Setting brightness to level 530 (3.229818 percent)
06-27 15:21:13.649  2098  2825 D SDM     : DisplayBuiltIn::SetPanelBrightness: Primary: Display Setting brightness to level 509 (3.102987 percent)
06-27 15:21:13.649  2346  2798 E MI-SF   : Force skip idle timer[true]
06-27 15:21:13.649  2346  2798 D MI-SF   : isIdleTimerSkip is 1,mSetIdleForceFlag = 0
06-27 15:21:13.649  2346  2798 D MI-SF   : isTpIdleScene ,mAverageFrameRate is 124, 0 
06-27 15:21:13.649  2346  2798 D MI-SF   : modeGroup0 mIsSupportAutomodeForMaxFpsSetting is 1(0), getCurrentBrightness() = 509(528), mIsKeepAutoMode 0 isAutoModeAllowed() 1
06-27 15:21:13.649  2346  2798 D RefreshRateSelector: fixedMode_group: 0, isFindModeGroup 0
06-27 15:21:13.649  2346  2798 D RefreshRateSelector: find max refresh rate:120, mode Group:0
06-27 15:21:13.658  2098  2825 D SDM     : DisplayBuiltIn::SetPanelBrightness: Primary: Display Setting brightness to level 489 (2.981138 percent)
06-27 15:21:13.666  2098  2825 D SDM     : DisplayBuiltIn::SetPanelBrightness: Primary: Display Setting brightness to level 470 (2.864069 percent)
06-27 15:21:13.674  2098  2825 D SDM     : DisplayBuiltIn::SetPanelBrightness: Primary: Display Setting brightness to level 452 (2.751593 percent)
06-27 15:21:13.676  3542  4887 I libsensor-displayalgo: the value of channelCali C:10.144061,R:10.637573,G:0.519729,B:0.045891,scales C:1.094388,R:1.064690,G:1.151685,B:0.982580
06-27 15:21:13.676  3542  4887 D libsensor-displayalgo: brightness:231.000000,R:23.478403,G:23.454673,B:23.462657,EVENT C:2505.500000,R:1487.000000,G:923.000000,B:579.500000, lux: 32.980511,cct:6601.917480, irPara: 1
06-27 15:21:13.683  2098  2825 D SDM     : DisplayBuiltIn::SetPanelBrightness: Primary: Display Setting brightness to level 434 (2.643528 percent)
06-27 15:21:13.691  2098  2825 D SDM     : DisplayBuiltIn::SetPanelBrightness: Primary: Display Setting brightness to level 417 (2.539706 percent)
06-27 15:21:13.699  2098  2825 D SDM     : DisplayBuiltIn::SetPanelBrightness: Primary: Display Setting brightness to level 401 (2.439961 percent)
06-27 15:21:13.708  2098  2825 D SDM     : DisplayBuiltIn::SetPanelBrightness: Primary: Display Setting brightness to level 385 (2.344133 percent)
06-27 15:21:13.708  2098  2188 I MiStcImpl: Dispatching command: 3 PCC
06-27 15:21:13.717 21349  4750 D MiPlay MiPlay_Session: [readMore:680][DID8899:CMD_1551] Session readMore [2]:[250] [250]
06-27 15:21:13.717  2098  2825 D SDM     : DisplayBuiltIn::SetPanelBrightness: Primary: Display Setting brightness to level 370 (2.252065 percent)
06-27 15:21:13.718 21349  4748 I MiPlay MiPlay_RemoteClient: [onMultiDisplayInfo:153][DID8899:CMD_1551] onMultiDisplayInfo what:100002, index:1
06-27 15:21:13.718 21349  4748 I MiPlay MiPlay_RemoteClient: [onMultiDisplayInfo:153][DID8899:CMD_1551] onMultiDisplayInfo what:100003, index:1
06-27 15:21:13.718  2098  2188 I MiStcImpl: Dispatching command: 3 PCC
06-27 15:21:13.725  2098  2825 D SDM     : DisplayBuiltIn::SetPanelBrightness: Primary: Display Setting brightness to level 355 (2.163608 percent)
06-27 15:21:13.727  2098  2188 I MiStcImpl: Dispatching command: 3 PCC
06-27 15:21:13.732  2098  2814 I vendor.qti.hardware.display.composer-service: FrameNotifyProcess Sensor: notify citsensorservice to trigger cwb
06-27 15:21:13.733  3542  4880 I libsensor-parseRGB: request dump start for mRequestDisplayId 0
06-27 15:21:13.733  3542  4880 D vendor.xiaomi.sensor.citsensorservice@2.0-service: handle id:22 wxh:1536x3200 uwxuh:1440x3200 size: 14745600 fd:16 fd_meta:17 flags:0x228 usage:0x33  format:0x3 layer_count: 1 reserved_size = 0
06-27 15:21:13.733  2098  2825 W SDM     : HWCSession::GetDisplayIndex: Display index not found for display 3.
06-27 15:21:13.733  2098  2825 D SDM     : HWCSession::SetCWBOutputBuffer: CWB config passed by cwb_client : tappoint 1  CWB_ROI : (473.000000 173.000000 714.000000 414.000000). Display 0
06-27 15:21:13.733  2098  2823 D SDM     : DisplayBuiltIn::SetPanelBrightness: Primary: Display Setting brightness to level 342 (2.078622 percent)
06-27 15:21:13.734  2098  2188 I MiStcImpl: Dispatching command: 3 PCC
06-27 15:21:13.742  2098  2825 D SDM     : DisplayBuiltIn::SetPanelBrightness: Primary: Display Setting brightness to level 328 (1.996976 percent)
06-27 15:21:13.745  2098  2188 I MiStcImpl: Dispatching command: 35 SET_HISTOGRAM
06-27 15:21:13.748  2098  2188 I MiStcImpl: Dispatching command: 3 PCC
06-27 15:21:13.749  2098  2236 D SDM     : HWDeviceDRM::SetupConcurrentWriteback: Tear down the Concurrent Writeback topology
06-27 15:21:13.750  2098  2825 D SDM     : DisplayBuiltIn::SetPanelBrightness: Primary: Display Setting brightness to level 315 (1.918541 percent)
06-27 15:21:13.756  2098  2188 I MiStcImpl: Dispatching command: 3 PCC
06-27 15:21:13.762  2098  2825 D SDM     : DisplayBuiltIn::SetPanelBrightness: Primary: Display Setting brightness to level 303 (1.843190 percent)
06-27 15:21:13.762  2098  4902 D SDM     : HWCSession::NotifyCWBStatus: Notify the client about buffer status 0. Display: 0
06-27 15:21:13.763  2098  4902 I SDM     : HWCSession::ProcessCWBStatus: CWB queue is empty. display_index: 0
06-27 15:21:13.763  2098  2188 I MiStcImpl: Dispatching command: 3 PCC
06-27 15:21:13.768  3542  4881 D libsensor-parseRGB: the value of RGB [4.010647 4.009011 4.009602]
06-27 15:21:13.770  2098  2825 D SDM     : DisplayBuiltIn::SetPanelBrightness: Primary: Display Setting brightness to level 291 (1.770804 percent)
06-27 15:21:13.772  2098  2188 I MiStcImpl: Dispatching command: 3 PCC
06-27 15:21:13.779  2098  2825 D SDM     : DisplayBuiltIn::SetPanelBrightness: Primary: Display Setting brightness to level 280 (1.701265 percent)
06-27 15:21:13.780  2098  2188 I MiStcImpl: Dispatching command: 3 PCC
06-27 15:21:13.783  2098  2823 D SDM     : DisplayBuiltIn::SetPanelBrightness: Primary: Display Setting brightness to level 269 (1.634459 percent)
06-27 15:21:13.788  2098  2188 I MiStcImpl: Dispatching command: 3 PCC
06-27 15:21:13.795  2098  2823 D SDM     : DisplayBuiltIn::SetPanelBrightness: Primary: Display Setting brightness to level 258 (1.570281 percent)
06-27 15:21:13.796  2098  2188 I MiStcImpl: Dispatching command: 3 PCC
06-27 15:21:13.803  2098  2825 D SDM     : DisplayBuiltIn::SetPanelBrightness: Primary: Display Setting brightness to level 248 (1.508625 percent)
06-27 15:21:13.804  2098  2188 I MiStcImpl: Dispatching command: 3 PCC
06-27 15:21:13.808  2098  2825 D SDM     : DisplayBuiltIn::SetPanelBrightness: Primary: Display Setting brightness to level 238 (1.449392 percent)
06-27 15:21:13.808  2098  2188 I MiStcImpl: Dispatching command: 3 PCC
