06-27 15:21:17.520 11299 16602 D JavaheapMonitor: Java heap used=5M max=256M, proc: com.lbe.security.miui
06-27 15:21:17.521 11299 16602 V JavaheapMonitor: Check java heap usage finished! Next check delay: 300000
06-27 15:21:17.556 21349  4750 D MiPlay MiPlay_Session: [readMore:680][DID8899:CMD_1551] Session readMore [2]:[250] [250]
06-27 15:21:17.558 21349  4748 I MiPlay MiPlay_RemoteClient: [onMultiDisplayInfo:153][DID8899:CMD_1551] onMultiDisplayInfo what:100002, index:1
06-27 15:21:17.559 21349  4748 I MiPlay MiPlay_RemoteClient: [onMultiDisplayInfo:153][DID8899:CMD_1551] onMultiDisplayInfo what:100003, index:1
06-27 15:21:17.586  2098  2188 I MiStcImpl: Dispatching command: 35 SET_HISTOGRAM
06-27 15:21:17.624 24123 24192 I SafeBinderCall: onPositionChange binder cost:0
06-27 15:21:17.624 24123 24123 D MiPlayDetailViewModel: onPositionChange(): position = 81082
06-27 15:21:17.625  2098  2814 I vendor.qti.hardware.display.composer-service: FrameNotifyProcess Sensor: notify citsensorservice to trigger cwb
06-27 15:21:17.625  3542  4880 I libsensor-parseRGB: request dump start for mRequestDisplayId 0
06-27 15:21:17.625  3542  4880 D vendor.xiaomi.sensor.citsensorservice@2.0-service: handle id:22 wxh:1536x3200 uwxuh:1440x3200 size: 14745600 fd:16 fd_meta:17 flags:0x228 usage:0x33  format:0x3 layer_count: 1 reserved_size = 0
06-27 15:21:17.626  2098  2823 W SDM     : HWCSession::GetDisplayIndex: Display index not found for display 3.
06-27 15:21:17.626  2098  2823 D SDM     : HWCSession::SetCWBOutputBuffer: CWB config passed by cwb_client : tappoint 1  CWB_ROI : (473.000000 173.000000 714.000000 414.000000). Display 0
06-27 15:21:17.628  2850  6835 W ActivityManagerServiceImpl: Sending non-protected broadcast com.modemenhance.ACTION_MODEMWIFI_RSSI_POLL from system 5847:com.android.phone/1001 pkg com.android.phone. Callers=
06-27 15:21:17.633 21349  4750 D MiPlay MiPlay_Session: [readMore:680][DID8899:CMD_1551] Session readMore [2]:[172] [172]
06-27 15:21:17.634 21349  4748 I MiPlay MiPlay_WifiDisplaySource: [onReceiveClientData:2576][DID8899:CMD_1551] session 2 received GET_PARAMETER rtsp://localhost/wfd1.0 RTSP/1.0
06-27 15:21:17.634 21349  4748 I MiPlay MiPlay_WifiDisplaySource: cseq: 10658
06-27 15:21:17.634 21349  4748 I MiPlay MiPlay_WifiDisplaySource: date: Sat, 27 Jun 2026 7:21:17 +0
06-27 15:21:17.634 21349  4748 I MiPlay MiPlay_WifiDisplaySource: session: 1804289383
06-27 15:21:17.634 21349  4748 I MiPlay MiPlay_WifiDisplaySource: user-agent: stagefright/1.1 (Linux;Android 4.1)
06-27 15:21:17.634 21349  4748 I MiPlay MiPlay_WifiDisplaySource: 
06-27 15:21:17.631  5847  5847 W m.android.phone: type=1400 audit(0.0:1559600): avc:  denied  { read } for  name="u:object_r:vendor_wlan_eht_prop:s0" dev="tmpfs" ino=632 scontext=u:r:radio:s0 tcontext=u:object_r:vendor_wlan_eht_prop:s0 tclass=file permissive=0
06-27 15:21:17.636  5847  5847 W libc    : Access denied finding property "persist.vendor.wlan.disable.eht"
06-27 15:21:17.636  5847  5847 D SlaveWifiManager: getWifiSlaveConnectionInfo
06-27 15:21:17.637 21349  4750 D MiPlay MiPlay_Session: [writeMore:772][DID8899:CMD_1551] Session writeMore [2]:[113] [113]
06-27 15:21:17.642  2098  2236 D SDM     : HWDeviceDRM::SetupConcurrentWriteback: Tear down the Concurrent Writeback topology
06-27 15:21:17.655  2098  4902 D SDM     : HWCSession::NotifyCWBStatus: Notify the client about buffer status 0. Display: 0
06-27 15:21:17.655  2098  4902 I SDM     : HWCSession::ProcessCWBStatus: CWB queue is empty. display_index: 0
06-27 15:21:17.665  3542  4881 D libsensor-parseRGB: the value of RGB [2.145471 2.143456 2.144115]
06-27 15:21:17.678  3542  4887 I libsensor-displayalgo: the value of channelCali C:0.114407,R:0.003031,G:-0.001278,B:0.007532,scales C:1.094388,R:1.064690,G:1.151685,B:0.982580
06-27 15:21:17.678  3542  4887 D libsensor-displayalgo: brightness:25.000000,R:5.362284,G:5.351212,B:5.354834,EVENT C:2488.500000,R:1476.500000,G:917.000000,B:577.500000, lux: 32.713085,cct:6569.916016, irPara: 0
06-27 15:21:17.684 30864 24118 D PipelineWatcher: [0xb400007b57daa900] pipelineFull: too many frames in pipeline (4)
06-27 15:21:17.788  2098  2188 I MiStcImpl: Dispatching command: 35 SET_HISTOGRAM
06-27 15:21:17.812 21349  4750 D MiPlay MiPlay_Session: [readMore:680][DID8899:CMD_1551] Session readMore [2]:[250] [250]
06-27 15:21:17.813 21349  4748 I MiPlay MiPlay_RemoteClient: [onMultiDisplayInfo:153][DID8899:CMD_1551] onMultiDisplayInfo what:100002, index:1
06-27 15:21:17.814 21349  4748 I MiPlay MiPlay_RemoteClient: [onMultiDisplayInfo:153][DID8899:CMD_1551] onMultiDisplayInfo what:100003, index:1
06-27 15:21:17.832  2098  2814 I vendor.qti.hardware.display.composer-service: FrameNotifyProcess Sensor: notify citsensorservice to trigger cwb
06-27 15:21:17.833  3542  4880 I libsensor-parseRGB: request dump start for mRequestDisplayId 0
06-27 15:21:17.833  3542  4880 D vendor.xiaomi.sensor.citsensorservice@2.0-service: handle id:22 wxh:1536x3200 uwxuh:1440x3200 size: 14745600 fd:16 fd_meta:17 flags:0x228 usage:0x33  format:0x3 layer_count: 1 reserved_size = 0
06-27 15:21:17.834  2098  2823 W SDM     : HWCSession::GetDisplayIndex: Display index not found for display 3.
06-27 15:21:17.834  2098  2823 D SDM     : HWCSession::SetCWBOutputBuffer: CWB config passed by cwb_client : tappoint 1  CWB_ROI : (473.000000 173.000000 714.000000 414.000000). Display 0
06-27 15:21:17.850  2098  2236 D SDM     : HWDeviceDRM::SetupConcurrentWriteback: Tear down the Concurrent Writeback topology
06-27 15:21:17.863  2098  4902 D SDM     : HWCSession::NotifyCWBStatus: Notify the client about buffer status 0. Display: 0
06-27 15:21:17.863  2098  4902 I SDM     : HWCSession::ProcessCWBStatus: CWB queue is empty. display_index: 0
06-27 15:21:17.873  3542  4881 D libsensor-parseRGB: the value of RGB [2.145471 2.143456 2.144115]
06-27 15:21:17.877  3542  4887 I libsensor-displayalgo: the value of channelCali C:0.114421,R:0.003032,G:-0.001278,B:0.007531,scales C:1.094388,R:1.064690,G:1.151685,B:0.982580
06-27 15:21:17.877  3542  4887 D libsensor-displayalgo: brightness:25.000000,R:5.362284,G:5.351212,B:5.354834,EVENT C:2488.500000,R:1477.000000,G:916.500000,B:577.000000, lux: 32.700314,cct:6559.418457, irPara: 0
06-27 15:21:17.946  2850  4896 D AmlMiuiTcpSocketTracker: skip mismatch tcpInfo:TcpInfo{lost=0, retransmit=0, sent=16, dataSent=2, state=TCP_ESTABLISHED}
06-27 15:21:17.946  2850  4896 D AmlMiuiTcpSocketTracker: skip mismatch tcpInfo:TcpInfo{lost=0, retransmit=0, sent=16, dataSent=2, state=TCP_ESTABLISHED}
06-27 15:21:17.947  2850  4896 D AmlMiuiTcpSocketTracker: skip mismatch tcpInfo:TcpInfo{lost=0, retransmit=0, sent=11, dataSent=2, state=TCP_ESTABLISHED}
06-27 15:21:17.948  2850  4896 D AmlMiuiTcpSocketTracker: skip mismatch tcpInfo:TcpInfo{lost=0, retransmit=0, sent=11, dataSent=2, state=TCP_ESTABLISHED}
06-27 15:21:17.948  2850  4896 D AmlMiuiTcpSocketTracker: skip mismatch tcpInfo:TcpInfo{lost=0, retransmit=0, sent=9, dataSent=1, state=TCP_ESTABLISHED}
06-27 15:21:17.948  2850  4896 D AmlMiuiTcpSocketTracker: skip mismatch tcpInfo:TcpInfo{lost=0, retransmit=0, sent=9, dataSent=1, state=TCP_ESTABLISHED}
06-27 15:21:17.949  2850  4896 D AmlMiuiTcpSocketTracker: skip mismatch tcpInfo:TcpInfo{lost=0, retransmit=0, sent=12, dataSent=2, state=TCP_ESTABLISHED}
06-27 15:21:17.949  2850  4896 D AmlMiuiTcpSocketTracker: skip mismatch tcpInfo:TcpInfo{lost=0, retransmit=0, sent=12, dataSent=2, state=TCP_ESTABLISHED}
06-27 15:21:17.949  2850  4896 D AmlMiuiTcpSocketTracker: skip mismatch tcpInfo:TcpInfo{lost=0, retransmit=0, sent=22, dataSent=4, state=TCP_ESTABLISHED}
06-27 15:21:17.949  2850  4896 D AmlMiuiTcpSocketTracker: skip mismatch tcpInfo:TcpInfo{lost=0, retransmit=0, sent=22, dataSent=4, state=TCP_ESTABLISHED}
06-27 15:21:17.949  2850  4896 D AmlMiuiTcpSocketTracker: skip mismatch tcpInfo:TcpInfo{lost=0, retransmit=0, sent=12, dataSent=1, state=TCP_ESTABLISHED}
06-27 15:21:17.949  2850  4896 D AmlMiuiTcpSocketTracker: skip mismatch tcpInfo:TcpInfo{lost=0, retransmit=0, sent=12, dataSent=1, state=TCP_ESTABLISHED}
06-27 15:21:17.992  2098  2188 I MiStcImpl: Dispatching command: 35 SET_HISTOGRAM
06-27 15:21:18.040  2098  2814 I vendor.qti.hardware.display.composer-service: FrameNotifyProcess Sensor: notify citsensorservice to trigger cwb
06-27 15:21:18.041  3542  4880 I libsensor-parseRGB: request dump start for mRequestDisplayId 0
06-27 15:21:18.041  3542  4880 D vendor.xiaomi.sensor.citsensorservice@2.0-service: handle id:22 wxh:1536x3200 uwxuh:1440x3200 size: 14745600 fd:16 fd_meta:17 flags:0x228 usage:0x33  format:0x3 layer_count: 1 reserved_size = 0
06-27 15:21:18.041  2098  2825 W SDM     : HWCSession::GetDisplayIndex: Display index not found for display 3.
06-27 15:21:18.041  2098  2825 D SDM     : HWCSession::SetCWBOutputBuffer: CWB config passed by cwb_client : tappoint 1  CWB_ROI : (473.000000 173.000000 714.000000 414.000000). Display 0
06-27 15:21:18.057  2098  2236 D SDM     : HWDeviceDRM::SetupConcurrentWriteback: Tear down the Concurrent Writeback topology
06-27 15:21:18.068 21349  4750 D MiPlay MiPlay_Session: [readMore:680][DID8899:CMD_1551] Session readMore [2]:[250] [250]
06-27 15:21:18.069 21349  4748 I MiPlay MiPlay_RemoteClient: [onMultiDisplayInfo:153][DID8899:CMD_1551] onMultiDisplayInfo what:100002, index:1
06-27 15:21:18.069 21349  4748 I MiPlay MiPlay_RemoteClient: [onMultiDisplayInfo:153][DID8899:CMD_1551] onMultiDisplayInfo what:100003, index:1
06-27 15:21:18.073  2098  4902 D SDM     : HWCSession::NotifyCWBStatus: Notify the client about buffer status 0. Display: 0
06-27 15:21:18.074  2098  4902 I SDM     : HWCSession::ProcessCWBStatus: CWB queue is empty. display_index: 0
06-27 15:21:18.085  3542  4881 D libsensor-parseRGB: the value of RGB [2.145471 2.143456 2.144115]
06-27 15:21:18.091 10129 21474 D JavaheapMonitor: Java heap used=2M max=256M, proc: org.ifaa.aidl.manager
06-27 15:21:18.091 10129 21474 V JavaheapMonitor: Check java heap usage finished! Next check delay: 300000
06-27 15:21:18.132 16039 21685 D JavaheapMonitor: Java heap used=13M max=256M, proc: com.xiaomi.xmsf
06-27 15:21:18.133 16039 21685 V JavaheapMonitor: Check java heap usage finished! Next check delay: 300000
06-27 15:21:18.193  2098  2188 I MiStcImpl: Dispatching command: 35 SET_HISTOGRAM
06-27 15:21:18.201  2224 13477 D StNfcHal: (#05C08) Rx 6f 02 0f 21 20 00 a2 0a 08 06 ff b3 ff 1f 3e e8 a8 cf 
06-27 15:21:18.201  2224 13476 D StNfcHal: HalStopTimer 
06-27 15:21:18.201 10059 11671 D libnfc_nci: vendor_nfc_handle_event: Enter event: 12
06-27 15:21:18.203  5716 13821 D StNfcOemExtension: StNfcVendorNciCallback.onVendorNciNotification: PROP:ST_NCI_MSG_PROP:212000A20A0806FFB3FF1F3EE8A8CF
06-27 15:21:18.204  5716 13821 D StNfcOemExtension: StNfcVendorNciCallback.onVendorNciNotification: unexpected
06-27 15:21:18.204  5716 13821 D StNfcExtensionService: srvStNfcOemExtensionVendorNtfCallback:  g=f, o=2, payload=212000A20A0806FFB3FF1F3EE8A8CF
06-27 15:21:18.209  2224 13477 D StNfcHal: (#05C09) Rx 6f 02 34 21 20 00 a2 0a 09 06 ff b0 ff 2c 3e e8 ae 49 a2 0a 0b 06 ff a4 ff 25 3e e8 ae 51 a2 0a 
06-27 15:21:18.209  2224 13477 D StNfcHal: (#05C09) rx 0b 07 ff a4 ff 25 3e e8 ae 54 15 05 03 3e e8 ae 5d 12 04 3e e8 af 20 
06-27 15:21:18.210  2224 13476 D StNfcHal: HalStopTimer 
06-27 15:21:18.210 10059 11671 D libnfc_nci: vendor_nfc_handle_event: Enter event: 12
06-27 15:21:18.212  5716 13821 D StNfcOemExtension: StNfcVendorNciCallback.onVendorNciNotification: PROP:ST_NCI_MSG_PROP:212000A20A0906FFB0FF2C3EE8AE49A20A0B06FFA4FF253EE8AE51A20A0B07FFA4FF253EE8AE541505033EE8AE5D12043EE8AF20
06-27 15:21:18.212  5716 13821 D StNfcOemExtension: StNfcVendorNciCallback.onVendorNciNotification: unexpected
06-27 15:21:18.213  5716 13821 D StNfcExtensionService: srvStNfcOemExtensionVendorNtfCallback:  g=f, o=2, payload=212000A20A0906FFB0FF2C3EE8AE49A20A0B06FFA4FF253EE8AE51A20A0B07FFA4FF253EE8AE541505033EE8AE5D12043EE8AF20
06-27 15:21:18.219  2224 13477 D StNfcHal: (#05C0A) Rx 6f 02 19 21 20 00 0a 08 01 00 01 52 3e e8 b3 f5 0a 0a 07 00 03 05 00 08 3e e8 b9 67 
06-27 15:21:18.219  2224 13476 D StNfcHal: HalStopTimer 
06-27 15:21:18.219 10059 11671 D libnfc_nci: vendor_nfc_handle_event: Enter event: 12
06-27 15:21:18.223  5716 13821 D StNfcOemExtension: StNfcVendorNciCallback.onVendorNciNotification: PROP:ST_NCI_MSG_PROP:2120000A08010001523EE8B3F50A0A0700030500083EE8B967
06-27 15:21:18.224  5716 13821 D StNfcOemExtension: StNfcVendorNciCallback.onVendorNciNotification: unexpected
06-27 15:21:18.224  5716 13821 D StNfcExtensionService: srvStNfcOemExtensionVendorNtfCallback:  g=f, o=2, payload=2120000A08010001523EE8B3F50A0A0700030500083EE8B967
06-27 15:21:18.249  2098  2814 I vendor.qti.hardware.display.composer-service: FrameNotifyProcess Sensor: notify citsensorservice to trigger cwb
06-27 15:21:18.250  3542  4880 I libsensor-parseRGB: request dump start for mRequestDisplayId 0
06-27 15:21:18.250  3542  4880 D vendor.xiaomi.sensor.citsensorservice@2.0-service: handle id:22 wxh:1536x3200 uwxuh:1440x3200 size: 14745600 fd:16 fd_meta:17 flags:0x228 usage:0x33  format:0x3 layer_count: 1 reserved_size = 0
06-27 15:21:18.251  2098  2823 W SDM     : HWCSession::GetDisplayIndex: Display index not found for display 3.
06-27 15:21:18.251  2098  2823 D SDM     : HWCSession::SetCWBOutputBuffer: CWB config passed by cwb_client : tappoint 1  CWB_ROI : (473.000000 173.000000 714.000000 414.000000). Display 0
06-27 15:21:18.255  2224 13477 D StNfcHal: (#05C0B) Rx 6f 02 11 21 20 00 0a 0c 19 00 05 00 ff ff 00 03 3e e8 d6 ca 
06-27 15:21:18.255  2224 13476 D StNfcHal: HalStopTimer 
06-27 15:21:18.257 10059 11671 D libnfc_nci: vendor_nfc_handle_event: Enter event: 12
06-27 15:21:18.261  5716 13821 D StNfcOemExtension: StNfcVendorNciCallback.onVendorNciNotification: PROP:ST_NCI_MSG_PROP:2120000A0C19000500FFFF00033EE8D6CA
06-27 15:21:18.262  5716 13821 D StNfcOemExtension: StNfcVendorNciCallback.onVendorNciNotification: unexpected
06-27 15:21:18.262  5716 13821 D StNfcExtensionService: srvStNfcOemExtensionVendorNtfCallback:  g=f, o=2, payload=2120000A0C19000500FFFF00033EE8D6CA
06-27 15:21:18.265  2098  2236 D SDM     : HWDeviceDRM::SetupConcurrentWriteback: Tear down the Concurrent Writeback topology
06-27 15:21:18.267  2224 13477 D StNfcHal: (#05C0C) Rx 6f 02 0f 21 20 00 0a 0a 0a 00 03 26 01 00 3e e8 e2 44 
06-27 15:21:18.268  2224 13476 D StNfcHal: HalStopTimer 
06-27 15:21:18.268 10059 11671 D libnfc_nci: vendor_nfc_handle_event: Enter event: 12
06-27 15:21:18.269  5716 13821 D StNfcOemExtension: StNfcVendorNciCallback.onVendorNciNotification: PROP:ST_NCI_MSG_PROP:2120000A0A0A00032601003EE8E244
06-27 15:21:18.270  5716 13821 D StNfcOemExtension: StNfcVendorNciCallback.onVendorNciNotification: unexpected
06-27 15:21:18.270  5716 13821 D StNfcExtensionService: srvStNfcOemExtensionVendorNtfCallback:  g=f, o=2, payload=2120000A0A0A00032601003EE8E244
06-27 15:21:18.276  3542  4887 I libsensor-displayalgo: the value of channelCali C:0.114427,R:0.003032,G:-0.001278,B:0.007530,scales C:1.094388,R:1.064690,G:1.151685,B:0.982580
06-27 15:21:18.276  3542  4887 D libsensor-displayalgo: brightness:25.000000,R:5.362284,G:5.351212,B:5.354834,EVENT C:2487.000000,R:1476.500000,G:916.000000,B:578.500000, lux: 32.619846,cct:6599.788086, irPara: 0
06-27 15:21:18.276  2224 13477 D StNfcHal: (#05C0D) Rx 6f 02 09 21 20 00 13 04 3e e8 e4 7d 
06-27 15:21:18.276  2224 13476 D StNfcHal: HalStopTimer 
06-27 15:21:18.277 10059 11671 D libnfc_nci: vendor_nfc_handle_event: Enter event: 12
06-27 15:21:18.278  5716 13821 D StNfcOemExtension: StNfcVendorNciCallback.onVendorNciNotification: PROP:ST_NCI_MSG_PROP:21200013043EE8E47D
06-27 15:21:18.278  5716 13821 D StNfcOemExtension: StNfcVendorNciCallback.onVendorNciNotification: unexpected
06-27 15:21:18.278  5716 13821 D StNfcExtensionService: srvStNfcOemExtensionVendorNtfCallback:  g=f, o=2, payload=21200013043EE8E47D
06-27 15:21:18.279  2098  4902 D SDM     : HWCSession::NotifyCWBStatus: Notify the client about buffer status 0. Display: 0
06-27 15:21:18.279  2098  4902 I SDM     : HWCSession::ProcessCWBStatus: CWB queue is empty. display_index: 0
06-27 15:21:18.283 30864  2494 I .cloudmusic.iot: This is sticky GC, maxfree is 33554432 minfree is 8388608
06-27 15:21:18.284  3542  4881 D libsensor-parseRGB: the value of RGB [2.145471 2.143456 2.144115]
06-27 15:21:18.296 30864 24118 D PipelineWatcher: [0xb400007b57daa900] pipelineFull: too many frames in pipeline (4)
06-27 15:21:18.324 21349  4750 D MiPlay MiPlay_Session: [readMore:680][DID8899:CMD_1551] Session readMore [2]:[250] [250]
06-27 15:21:18.325 21349  4748 I MiPlay MiPlay_RemoteClient: [onMultiDisplayInfo:153][DID8899:CMD_1551] onMultiDisplayInfo what:100002, index:1
06-27 15:21:18.326 21349  4748 I MiPlay MiPlay_RemoteClient: [onMultiDisplayInfo:153][DID8899:CMD_1551] onMultiDisplayInfo what:100003, index:1
06-27 15:21:18.394  2098  2188 I MiStcImpl: Dispatching command: 35 SET_HISTOGRAM
06-27 15:21:18.397  5901 24122 I SafeBinderCall: onPositionChange binder cost:0
06-27 15:21:18.397  5901  5901 D MiPlayDetailViewModel: onPositionChangeSelf position = 81856
06-27 15:21:18.456  2098  2814 I vendor.qti.hardware.display.composer-service: FrameNotifyProcess Sensor: notify citsensorservice to trigger cwb
06-27 15:21:18.457  3542  4880 I libsensor-parseRGB: request dump start for mRequestDisplayId 0
06-27 15:21:18.457  3542  4880 D vendor.xiaomi.sensor.citsensorservice@2.0-service: handle id:22 wxh:1536x3200 uwxuh:1440x3200 size: 14745600 fd:16 fd_meta:17 flags:0x228 usage:0x33  format:0x3 layer_count: 1 reserved_size = 0
06-27 15:21:18.457  2098  2825 W SDM     : HWCSession::GetDisplayIndex: Display index not found for display 3.
06-27 15:21:18.457  2098  2825 D SDM     : HWCSession::SetCWBOutputBuffer: CWB config passed by cwb_client : tappoint 1  CWB_ROI : (473.000000 173.000000 714.000000 414.000000). Display 0
06-27 15:21:18.473  2098  2236 D SDM     : HWDeviceDRM::SetupConcurrentWriteback: Tear down the Concurrent Writeback topology
06-27 15:21:18.478  3542  4887 I libsensor-displayalgo: the value of channelCali C:0.114237,R:0.003012,G:-0.001278,B:0.007531,scales C:1.094388,R:1.064690,G:1.151685,B:0.982580
06-27 15:21:18.478  3542  4887 D libsensor-displayalgo: brightness:25.000000,R:5.362284,G:5.351212,B:5.354834,EVENT C:2480.500000,R:1476.000000,G:916.000000,B:577.000000, lux: 32.567524,cct:6561.611328, irPara: 0
06-27 15:21:18.487  2098  4902 D SDM     : HWCSession::NotifyCWBStatus: Notify the client about buffer status 0. Display: 0
06-27 15:21:18.487  2098  4902 I SDM     : HWCSession::ProcessCWBStatus: CWB queue is empty. display_index: 0
06-27 15:21:18.495  3542  4881 D libsensor-parseRGB: the value of RGB [2.145471 2.143456 2.144115]
06-27 15:21:18.517 30864 24118 D PipelineWatcher: [0xb400007b57daa900] pipelineFull: too many frames in pipeline (4)
06-27 15:21:18.573  3555  3555 I adbd    : in ShellService: export ANDROID_LOG_TAGS="''"; exec logcat '-d' '-b' 'main' '-t' '2000'
06-27 15:21:18.584 21349  4750 D MiPlay MiPlay_Session: [readMore:680][DID8899:CMD_1551] Session readMore [2]:[250] [250]
06-27 15:21:18.585 21349  4748 I MiPlay MiPlay_RemoteClient: [onMultiDisplayInfo:153][DID8899:CMD_1551] onMultiDisplayInfo what:100002, index:1
06-27 15:21:18.586 21349  4748 I MiPlay MiPlay_RemoteClient: [onMultiDisplayInfo:153][DID8899:CMD_1551] onMultiDisplayInfo what:100003, index:1
06-27 15:21:18.595  2098  2188 I MiStcImpl: Dispatching command: 35 SET_HISTOGRAM
06-27 15:21:18.603 30098 30335 I dist:vtcamera:PhoneTemperatureReader: onEvent: null
