06-27 15:21:15.021  5847  7186 D Modem_MEModuleSignalGesture: onStateChanged: type = 59, value = 1
06-27 15:21:15.021  5847  7186 D Modem_MEModuleSignalGesture: received dsda state change1
06-27 15:21:15.021  5847  7186 D Modem_MEModuleRfm: State changed: type=59, value=1
06-27 15:21:15.021  5847  7186 E Modem_MEModuleRfm: Unknown state type: type=59, value = 1
06-27 15:21:15.051 30864 24118 D PipelineWatcher: [0xb400007b57daa900] pipelineFull: too many frames in pipeline (4)
06-27 15:21:15.063  5759 25589 I QImsService: ImsRadioIndicationAidl : onServiceDomainChanged()[SUB1]
06-27 15:21:15.064  5759 25589 I QImsService: ImsSenderRxr : [UNSL]< UNSOL_SERVICE_DOMAIN_CHANGED 2[SUB1]
06-27 15:21:15.065  5759  5759 I QImsService: ImsRegistrationController : Message received: what = 5
06-27 15:21:15.065  5759  5759 I QImsService: ImsRegistrationController : handleSrvDomainChanged
06-27 15:21:15.070  5847  5873 I m.android.phone: This is non sticky GC, maxfree is 33554432 minfree is 8388608
06-27 15:21:15.071  5648  5742 W IWlanNetworkService: 49947 > Response Processed
06-27 15:21:15.075  5847  6234 D JavaheapMonitor: Java heap used=13M max=256M, proc: com.android.phone
06-27 15:21:15.075  5847  6234 V JavaheapMonitor: Check java heap usage finished! Next check delay: 300000
06-27 15:21:15.078  3542  4887 I libsensor-displayalgo: the value of channelCali C:0.114328,R:0.003046,G:-0.001267,B:0.007584,scales C:1.094388,R:1.064690,G:1.151685,B:0.982580
06-27 15:21:15.078  3542  4887 D libsensor-displayalgo: brightness:25.000000,R:5.362284,G:5.351212,B:5.354834,EVENT C:2486.000000,R:1477.000000,G:915.000000,B:576.500000, lux: 32.616932,cct:6557.344238, irPara: 0
06-27 15:21:15.080  5648  5742 W IWlanNetworkService: 49948 > Response Processed
06-27 15:21:15.087  2850  6372 D MediaSessionService: onSessionPlaybackStateChanged: record=com.netease.cloudmusic.iot/androidx.media3.session.id./952 (userId=0) playbackState=PlaybackState {state=PLAYING(3), position=78545, buffered position=131030, speed=1.0, updated=1130379130, actions=7340031, custom actions=[], active item id=43, error=null}
06-27 15:21:15.088 21349 21349 I ActiveSessionRecord: onPlaybackStateChanged: PlaybackState {state=PLAYING(3), position=78545, buffered position=131030, speed=1.0, updated=1130379130, actions=7340031, custom actions=[], active item id=43, error=null}
06-27 15:21:15.088 21349 21349 I MiPlayProxyDeviceManager: getOutputDeviceCount: audioOutputDevices:1
06-27 15:21:15.088 21349 21349 I MiPlayProxyDeviceManager: getOutputDeviceCount: videoOutputDevices:0
06-27 15:21:15.088 21349 21349 I AbsDevice: LocalSpeaker,getDeviceSelectStatus: 0, mediaType: 0
06-27 15:21:15.088 21349 21349 I AbsDevice: getDeviceSelectStatus current absDevice in memory: c4ee07b, current connectionStateMap in memory: 1d3e98, deviceState in memory: 71626f1
06-27 15:21:15.088 21349 21349 I AbsDevice: LocalSpeaker,getDeviceSelectStatus: 0, mediaType: 0
06-27 15:21:15.088 21349 21349 I AbsDevice: getDeviceSelectStatus current absDevice in memory: c4ee07b, current connectionStateMap in memory: 1d3e98, deviceState in memory: 71626f1
06-27 15:21:15.088 21349 21349 I AbsDevice: 7bf16,getDeviceSelectStatus: 1, mediaType: 0
06-27 15:21:15.088 21349 21349 I AbsDevice: getDeviceSelectStatus current absDevice in memory: 7f3b474, current connectionStateMap in memory: 9775d9d, deviceState in memory: ac6e212
06-27 15:21:15.088 21349 21349 I AbsDevice: 7bf16,getDeviceSelectStatus: 1, mediaType: 0
06-27 15:21:15.088 21349 21349 I AbsDevice: getDeviceSelectStatus current absDevice in memory: 7f3b474, current connectionStateMap in memory: 9775d9d, deviceState in memory: ac6e212
06-27 15:21:15.088 21349 21349 I AbsDevice: 7bf16,getDeviceConnectionState: 1, mediaType: 0
06-27 15:21:15.088 21349 21349 I MiPlay  : call play
06-27 15:21:15.088 21349 21349 I MiPlayClientSDK: resume, 1b9ca5c44014471db70383acb347bf16
06-27 15:21:15.089 21349 21349 I Cir_Miplay_MiPlayAudioService: handleMessage type:42
06-27 15:21:15.089 24123 24171 I ActiveSessionRecord_export-api: onPlaybackStateChanged: PlaybackState {state=PLAYING(3), position=78545, buffered position=131030, speed=1.0, updated=1130379130, actions=7340031, custom actions=[], active item id=43, error=null}
06-27 15:21:15.089 21349 21349 I Cir_Miplay_MiPlayAudioService: rev msg_cmd_setboxresume cmd
06-27 15:21:15.089 21349 21349 I Cir_Miplay_DeviceManager: getDevices
06-27 15:21:15.089 21349 21349 I Cir_Miplay_DeviceManager: cast device:MiDevice{name='小爱音箱-7574', ip='683148', mac='1551', port=8899, bluetoothMac='30C4', p2pMac=', groupName='', roomName='卧室', miName='小米AI音箱（第二代）   ', deviceConnectState=1, uuid='1b9ca5c44014471db70383acb347bf16', deviceType=4, isMaster='0', needPos='', canRevCtrl='', idhash='6oQ', isSupportMpAbility='audio', haveSupportField=true, mCanAlonePlayCtrl=1, canHeadsetCtrl=0, deviceId='e8edf0c1-4b8e-4316-9519-f3c69cb0a8d1', mHasDeviceInfo=1, mCmdSessionState=1, lyraDeviceId='null', videoFlowCapacity='null'}
06-27 15:21:15.089 21349 21349 I MiPlay MiPlay_CmdControl-JNI: [Java_com_xiaomi_miplay_mylibrary_mirror_CmdSessionControl_resumeDevice:600]resumeDevice
06-27 15:21:15.089 21349 21349 D MiPlay CmdControl: [resumeDevice:526][DID8899:CMD_1551] resumeDevice
06-27 15:21:15.089 21349 21349 I MiPlay CmdControl: [getCmdData:342][send] cmd :Resume, seq: 2079, length: 25
06-27 15:21:15.090 24123 24171 I ActiveAudioSessionManager_export-api: dispatchTopActiveSessionChangeCallbackLocked, size:1
06-27 15:21:15.090 24123 24171 I SafeBinderCall: queryActiveAudioSession binder cost:0
06-27 15:21:15.091 24123 24171 I ActiveAudioSessionManager_export-api: startPositionCallbackTask
06-27 15:21:15.091 24123 24171 I SafeBinderCall: onPlaybackStateChange binder cost:0
06-27 15:21:15.091 24123 24123 D MiPlayDetailViewModel: onActiveAudioSessionChange(): audioSessionList?.size = 1
06-27 15:21:15.091 24123 24123 I SafeBinderCall: call getMediaMetaData binder cost:0
06-27 15:21:15.091 24123 24123 I SafeBinderCall: call getPosition binder cost:0
06-27 15:21:15.091  5606  6963 V MediaPlayerWrapper: onPlaybackStateChanged(): com.netease.cloudmusic.iot : PlaybackState {state=PLAYING(3), position=78545, buffered position=131030, speed=1.0, updated=1130379130, actions=7340031, custom actions=[], active item id=43, error=null}
06-27 15:21:15.092 24123 24123 I SafeBinderCall: call getPlaybackState binder cost:1
06-27 15:21:15.092 21349 21349 I Cir_Miplay_ActiveSessionRecord: onPlaybackStateChanged:3,packageName = com.netease.cloudmusic.iot
06-27 15:21:15.092 21349 21349 I Cir_Miplay_ActiveSessionRecordStack: onPlaybackStateChange.
06-27 15:21:15.092  5901  7182 I ActiveSessionRecord_export-api: onPlaybackStateChanged: PlaybackState {state=PLAYING(3), position=78545, buffered position=131030, speed=1.0, updated=1130379130, actions=7340031, custom actions=[], active item id=43, error=null}
06-27 15:21:15.092 21349 21349 I Cir_Miplay_ActiveAudioSessionManager: onActiveSessionPlaybackStateChange isTopSessionChanged:false,packageName = com.netease.cloudmusic.iot
06-27 15:21:15.092 21349 21349 I Cir_Miplay_ActiveSessionRecord: TopAudioSession play change
06-27 15:21:15.092 21349 21349 I Cir_Miplay_MiPlayAudioService: dispatchPlaybackStateChange:PlaybackState {state=PLAYING(3), position=78545, buffered position=131030, speed=1.0, updated=1130379130, actions=7340031, custom actions=[], active item id=43, error=null}
06-27 15:21:15.092 21349 21349 I Cir_Miplay_MiPlayAudioService: localPlayStateChange state:PlaybackState {state=PLAYING(3), position=78545, buffered position=131030, speed=1.0, updated=1130379130, actions=7340031, custom actions=[], active item id=43, error=null}
06-27 15:21:15.092 21349 21349 I Cir_Miplay_MiplayClientCallBackProxy: playStateNotify state:3  ,id:,uuid:local_device_id ,mirrorMode:0
06-27 15:21:15.092 21349 21349 I Cir_Miplay_MiplayClientCallBackProxy: playStateNotify callback:com.milink.service
06-27 15:21:15.093 21349 21349 I Cir_Miplay_MiplayClientCallBackProxy: localPositionChange:78545
06-27 15:21:15.093  5901  7182 I SafeBinderCall: onPlaybackStateChange binder cost:0
06-27 15:21:15.093 21349 21349 I MiPlay MiPlay_CmdControl-JNI: [Java_com_xiaomi_miplay_mylibrary_mirror_CmdSessionControl_resumeDevice:600]resumeDevice
06-27 15:21:15.093 21349 21349 D MiPlay CmdControl: [resumeDevice:526][DID8899:CMD_1551] resumeDevice
06-27 15:21:15.093 21349 21349 I MiPlay CmdControl: [getCmdData:342][send] cmd :Resume, seq: 2080, length: 25
06-27 15:21:15.093 21349 21349 I Cir_Miplay_MiPlayAudioService: canrevctrl: verifysameaccount:false
06-27 15:21:15.093 21349 21349 I Cir_Miplay_SmartPlayClient:: handleMessage type:6 ,callback:252641152
06-27 15:21:15.093 21349 21349 I MiPlayClientSDK: =======================================================================
06-27 15:21:15.093 21349 21349 I MiPlayClientSDK: onPlayStateChange start
06-27 15:21:15.093 21349 21349 I MiPlayClientSDK: local_device_id, state:3
06-27 15:21:15.093 21349 21349 I MiPlayClientSDK: onPlayStateChange end
06-27 15:21:15.093 21349 21349 I MiPlayClientSDK: =======================================================================
06-27 15:21:15.093 21349 21349 I MiPlayProxyDeviceManager: onPlayStateChange
06-27 15:21:15.093 21349 21349 I MiPlay_DeviceManager: onPlaybackStateChanged,local_, state:pause
06-27 15:21:15.093 21349 21349 I Cir_Miplay_SmartPlayClient:: handleMessage type:23 ,callback:252641152
06-27 15:21:15.093  5606  6963 D MediaPlayerWrapper: Metadata currently out of sync for com.netease.cloudmusic.iot
06-27 15:21:15.093  5901  5901 D MiPlayDetailViewModel: onPlaybackStateChange(): state = 3
06-27 15:21:15.093  5606  6963 D MediaPlayerWrapper:   └ Current queueItem: { mediaId="NowPlayingId43" title="阿刁" artist="赵雷" album="无法长大" genre="" duration=0 trackPosition=1/1 image=null }
06-27 15:21:15.093  5606  6963 D MediaPlayerWrapper:   └ Current metadata : { mediaId="currsong" title="阿刁" artist="赵雷" album="无法长大" genre="" duration=377939 trackPosition=1/1 image=null }
06-27 15:21:15.093  5606  6963 D MediaPlayerWrapper: com.netease.cloudmusic.iot Only Title and Artist info sync for metadata
06-27 15:21:15.094  5606  6963 V MediaPlayerWrapper: trySendMediaUpdate(): Metadata has been updated for com.netease.cloudmusic.iot
06-27 15:21:15.095  5606  6963 D MediaPlayerList: sendMediaUpdate
06-27 15:21:15.095  5606  6963 D MediaPlayerList: sendMediaUpdate state=PlaybackState {state=PLAYING(3), position=78553, buffered position=131030, speed=1.0, updated=1130379138, actions=7340031, custom actions=[], active item id=43, error=null}
06-27 15:21:15.095  5606  6963 D AvrcpTargetService: onMediaUpdated: track_changed=false state=true queue=false
06-27 15:21:15.095  5606  6963 D AvrcpNativeInterface: sendMediaUpdate: metadata=false playStatus=true queue=false
06-27 15:21:15.095  5606  6963 I bluetooth: system/btif/avrcp/avrcp_service.cc:676 SendMediaUpdate: track_changed=false :  play_state=true :  queue=false
06-27 15:21:15.100  5847  5847 D SatelliteController: Satellite for carrier is not supported.
06-27 15:21:15.101  5847  5847 D SatelliteController: Satellite for carrier is not supported.
06-27 15:21:15.101  5847  5847 D SatelliteController: registerForSatelliteModemStateChanged: add Listeners for ModemState
06-27 15:21:15.101  5847  5847 E SatelliteController: registerForSatelliteModemStateChanged: mSatelliteSessionController is not initialized yet
06-27 15:21:15.101  5847  5847 E SatelliteController: unregisterForModemStateChanged: mSatelliteSessionController is not initialized yet
06-27 15:21:15.102  5847  5847 D SatelliteController: unregisterForModemStateChanged: remove Listeners for ModemState
06-27 15:21:15.155 30864 24118 D PipelineWatcher: [0xb400007b57daa900] pipelineFull: too many frames in pipeline (4)
06-27 15:21:15.157  2098  2188 I MiStcImpl: Dispatching command: 35 SET_HISTOGRAM
06-27 15:21:15.162  2098  2814 I vendor.qti.hardware.display.composer-service: FrameNotifyProcess Sensor: notify citsensorservice to trigger cwb
06-27 15:21:15.163  3542  4880 I libsensor-parseRGB: request dump start for mRequestDisplayId 0
06-27 15:21:15.164  3542  4880 D vendor.xiaomi.sensor.citsensorservice@2.0-service: handle id:22 wxh:1536x3200 uwxuh:1440x3200 size: 14745600 fd:16 fd_meta:17 flags:0x228 usage:0x33  format:0x3 layer_count: 1 reserved_size = 0
06-27 15:21:15.164  2098  2823 W SDM     : HWCSession::GetDisplayIndex: Display index not found for display 3.
06-27 15:21:15.164  2098  2823 D SDM     : HWCSession::SetCWBOutputBuffer: CWB config passed by cwb_client : tappoint 1  CWB_ROI : (473.000000 173.000000 714.000000 414.000000). Display 0
06-27 15:21:15.179  2098  2236 D SDM     : HWDeviceDRM::SetupConcurrentWriteback: Tear down the Concurrent Writeback topology
06-27 15:21:15.192  2098  4902 D SDM     : HWCSession::NotifyCWBStatus: Notify the client about buffer status 0. Display: 0
06-27 15:21:15.193  2098  4902 I SDM     : HWCSession::ProcessCWBStatus: CWB queue is empty. display_index: 0
06-27 15:21:15.202  3542  4881 D libsensor-parseRGB: the value of RGB [2.145471 2.143456 2.144115]
06-27 15:21:15.205  3281  3791 D qcrilNrd: SUB[0][xiaomi_qcril_qmi_nas.cpp:4725] xiaomi_qcril_nas_unsolicited_indication_cb_helper: function entry ------------->
06-27 15:21:15.205  3281  3791 D qcrilNrd: SUB[0][xiaomi_qcril_qmi_nas.cpp:4643] xiaomi_qcril_qmi_nas_msim_sub_mode_ind_hdlr: function entry ------------->
06-27 15:21:15.205  3281  3791 D qcrilNrd: SUB[0][xiaomi_qcril_qmi_nas.cpp:4655] xiaomi_qcril_qmi_nas_msim_sub_mode_ind_hdlr: xiaomi_qcril_qmi_nas_msim_sub_mode_ind_hdlr sub_mode = 1.
06-27 15:21:15.205  3281  3791 D qcrilNrd: SUB[0][xiaomi_qcril_qmi_nas.cpp:4662] xiaomi_qcril_qmi_nas_msim_sub_mode_ind_hdlr: function exit <-------------
06-27 15:21:15.205  3281  3791 D qcrilNrd: SUB[0][xiaomi_qcril_ind.cpp:404] xiaomi_qcril_ind: function entry ------------->
06-27 15:21:15.205  3281  3791 D qcrilNrd: SUB[0][xiaomi_qcril_ind.cpp:412] xiaomi_qcril_ind: This broadcast bc_type: 11, app_type: 0, bc_send 1, ind_buf_len = 24, ind_buf = 0x79968290
06-27 15:21:15.205  3281  3791 D qcrilNrd: SUB[0][xiaomi_qcril_ind.cpp:459] xiaomi_qcril_ind: max all_len = 185
06-27 15:21:15.206  3281  3791 D qcrilNrd: SUB[0][xiaomi_qcril_ind.cpp:571] xiaomi_qcril_ind: Successed to send this broadcast, name: qualcomm.intent.action.ACTION_MSIM_SUB_MODE_IND, name_len: 47, sub: 0, pk all_len = 81
06-27 15:21:15.206  3281  3791 D qcrilNrd: SUB[0][xiaomi_qcril_ind.cpp:586] xiaomi_qcril_ind: function exit <-------------
06-27 15:21:15.206  3281  3791 D qcrilNrd: SUB[0][xiaomi_qcril_qmi_nas.cpp:4746] xiaomi_qcril_nas_unsolicited_indication_cb_helper: function exit <-------------
06-27 15:21:15.206  5679  7430 D QtiOemHookAidl: oemHookRawIndication length=101
06-27 15:21:15.206  5679  7430 D ModemIpcCallbackAgent(com.qti.phone): verInd(100), bPackageNameValid = 0, packageNameLen = 0, packageName = null, bBcSend = 1, dataNew.length = 75, data.length = 81, cnt = 6, lenLeft = 75
06-27 15:21:15.206  5679  7430 D ModemIpcCallbackAgent(com.qti.phone): Broadcasting: broadcastNameLen = 47, strBroadCastName = qualcomm.intent.action.ACTION_MSIM_SUB_MODE_IND, sub = 0, bc len = 24, packageName = null, mContext = android.app.ContextImpl@8f1506a
06-27 15:21:15.208  2850  6835 W ActivityManagerServiceImpl: Sending non-protected broadcast qualcomm.intent.action.ACTION_MSIM_SUB_MODE_IND from system 5679:com.qti.phone/u0a219 pkg com.qualcomm.qti.telephonyservice. Callers=
06-27 15:21:15.210  5679  7430 D MirilOemhookMsgTunnel: mUnsolOemHookMiDataIndRegistrant.notifyRegistrant
06-27 15:21:15.213  5679  5679 D QcrilMsgTunnelIfaceManager: handleMessage what = 100
06-27 15:21:15.213  5847  5847 D Modem_ModemEnhanceMain: sendMsgToHandler, Message = 59, arg1 = 0
06-27 15:21:15.214  5847  7186 D Modem_ModemEnhanceMain: handleMessage msg id: 59
06-27 15:21:15.214  5847  7186 D Modem_ModemEnhanceMain: [HW35046] handleMessage msg id: 59 value=0
06-27 15:21:15.214  5847  7186 D Modem_MEModuleSignal: onStateChanged: type = 59, value = 0
06-27 15:21:15.214  5847  7186 D Modem_MEModuleSignalGesture: onStateChanged: type = 59, value = 0
06-27 15:21:15.215  5847  7186 D Modem_MEModuleSignalGesture: received dsda state change0
06-27 15:21:15.215  5847  7186 D Modem_MEModuleRfm: State changed: type=59, value=0
06-27 15:21:15.215  5847  7186 E Modem_MEModuleRfm: Unknown state type: type=59, value = 0
06-27 15:21:15.215  5679  5679 D ModemIpcCallbackAgent(com.qti.phone): callModemIpcCallbackForRild, bcName = qualcomm.intent.action.ACTION_MSIM_SUB_MODE_IND, mapForOemHookCallback = {}, dataInd.length = 75, sub = 0, mapForOemHookCallback.size = 0, phone count = 2, lenLeft = 24
06-27 15:21:15.215  5679  5679 D ModemIpcCallbackAgent(com.qti.phone): callModemIpcCallbackForRild, bcName = qualcomm.intent.action.ACTION_MSIM_SUB_MODE_IND, mapForOemHookCallback = {com.xiaomi.modem.modemipc.ModemIpcCallbackAgentQcom@85ac5df=com.xiaomi.modem.modemipc.ModemIpcCallbackInfo@ef85448, com.xiaomi.modem.modemipc.ModemIpcCallbackAgentQcom@b6df9d8=com.xiaomi.modem.modemipc.ModemIpcCallbackInfo@d9f87a2, com.xiaomi.modem.modemipc.ModemIpcCallbackAgentQcom@6b8e99f=com.xiaomi.modem.modemipc.ModemIpcCallbackInfo@18c4c33, com.xiaomi.modem.modemipc.ModemIpcCallbackAgentQcom@fb51f0b=com.xiaomi.modem.modemipc.ModemIpcCallbackInfo@11a02e1}, dataInd.length = 75, sub = 0, mapForOemHookCallback.size = 4, phone count = 2, lenLeft = 24
06-27 15:21:15.215  5679  5679 D ModemIpcCallbackAgent(com.qti.phone): bcName is not needed, continue, bcName = qualcomm.intent.action.ACTION_MSIM_SUB_MODE_IND, bcNameNeed = qualcomm.intent.action.ACTION_MODEM_ENHANCE_IND
06-27 15:21:15.215  5679  5679 D ModemIpcCallbackAgent(com.qti.phone): bcName is not needed, continue, bcName = qualcomm.intent.action.ACTION_MSIM_SUB_MODE_IND, bcNameNeed = qualcomm.intent.action.ACTION_HYDRA_DATA_IND
06-27 15:21:15.215  5679  5679 D ModemIpcCallbackAgent(com.qti.phone): bcName is not needed, continue, bcName = qualcomm.intent.action.ACTION_MSIM_SUB_MODE_IND, bcNameNeed = qualcomm.intent.action.ACTION_HYDRA_READY_IND
06-27 15:21:15.215  5679  5679 D ModemIpcCallbackAgent(com.qti.phone): bcName is not needed, continue, bcName = qualcomm.intent.action.ACTION_MSIM_SUB_MODE_IND, bcNameNeed = xiaomi.intent.action.ACTION_MODEM_DATA_COLLECTOR
06-27 15:21:15.229  5901  5901 D ControlCenterHeaderExpandController: onExpansionChanged: progress =  0.0
06-27 15:21:15.230  5901  5901 D ControlCenterHeaderExpandController: onExpansionChanged: progress =  0.0
06-27 15:21:15.245  5901  5901 D ControlCenterHeaderExpandController: onExpansionChanged: progress =  0.0
06-27 15:21:15.252  2346  2346 D MI-SF   : isTpIdleScene ,mAverageFrameRate is 120, 0 
06-27 15:21:15.252  2346  2346 D MI-SF   : modeGroup0 mIsSupportAutomodeForMaxFpsSetting is 1(0), getCurrentBrightness() = 15(528), mIsKeepAutoMode 0 isAutoModeAllowed() 1
06-27 15:21:15.252  2346  2346 D RefreshRateSelector: fixedMode_group: 0, isFindModeGroup 0
06-27 15:21:15.252  2346  2346 D RefreshRateSelector: find max refresh rate:120, mode Group:0
06-27 15:21:15.253 21349  4750 D MiPlay MiPlay_Session: [readMore:680][DID8899:CMD_1551] Session readMore [2]:[250] [250]
06-27 15:21:15.253 21349  4748 I MiPlay MiPlay_RemoteClient: [onMultiDisplayInfo:153][DID8899:CMD_1551] onMultiDisplayInfo what:100002, index:1
06-27 15:21:15.254 21349  4748 I MiPlay MiPlay_RemoteClient: [onMultiDisplayInfo:153][DID8899:CMD_1551] onMultiDisplayInfo what:100003, index:1
06-27 15:21:15.262  3418  4794 D BufferPoolAccessor2.0: bufferpool2 0xb4000074c2280ab8 : 2(12288 size) total buffers - 1(6144 size) used buffers - 121490/121533 (recycle/alloc) - 64/121532 (fetch/transfer)
06-27 15:21:15.279  3542  4887 I libsensor-displayalgo: the value of channelCali C:0.114372,R:0.003040,G:-0.001271,B:0.007565,scales C:1.094388,R:1.064690,G:1.151685,B:0.982580
06-27 15:21:15.280  3542  4887 D libsensor-displayalgo: brightness:25.000000,R:5.362284,G:5.351212,B:5.354834,EVENT C:2485.500000,R:1477.000000,G:914.000000,B:577.000000, lux: 32.555218,cct:6576.456055, irPara: 0
06-27 15:21:15.360  2098  2188 I MiStcImpl: Dispatching command: 35 SET_HISTOGRAM
06-27 15:21:15.371  2098  2814 I vendor.qti.hardware.display.composer-service: FrameNotifyProcess Sensor: notify citsensorservice to trigger cwb
06-27 15:21:15.373  3542  4880 I libsensor-parseRGB: request dump start for mRequestDisplayId 0
06-27 15:21:15.373  3542  4880 D vendor.xiaomi.sensor.citsensorservice@2.0-service: handle id:22 wxh:1536x3200 uwxuh:1440x3200 size: 14745600 fd:16 fd_meta:17 flags:0x228 usage:0x33  format:0x3 layer_count: 1 reserved_size = 0
06-27 15:21:15.373  2098  2825 W SDM     : HWCSession::GetDisplayIndex: Display index not found for display 3.
06-27 15:21:15.373  2098  2825 D SDM     : HWCSession::SetCWBOutputBuffer: CWB config passed by cwb_client : tappoint 1  CWB_ROI : (473.000000 173.000000 714.000000 414.000000). Display 0
06-27 15:21:15.387  2098  2236 D SDM     : HWDeviceDRM::SetupConcurrentWriteback: Tear down the Concurrent Writeback topology
06-27 15:21:15.397  5901  5901 D MiPlayDetailViewModel: onPositionChangeSelf position = 78856
06-27 15:21:15.397  5901 24122 I SafeBinderCall: onPositionChange binder cost:0
06-27 15:21:15.400  2098  4902 D SDM     : HWCSession::NotifyCWBStatus: Notify the client about buffer status 0. Display: 0
06-27 15:21:15.400  2098  4902 I SDM     : HWCSession::ProcessCWBStatus: CWB queue is empty. display_index: 0
06-27 15:21:15.411  3542  4881 D libsensor-parseRGB: the value of RGB [2.145471 2.143456 2.144115]
06-27 15:21:15.416  5847  6864 I MiuiDsdaStatistic: DSDA state from HOOK:010000000100000001000000000000000100000000000000
06-27 15:21:15.478  3542  4887 I libsensor-displayalgo: the value of channelCali C:0.114412,R:0.003037,G:-0.001276,B:0.007540,scales C:1.094388,R:1.064690,G:1.151685,B:0.982580
06-27 15:21:15.479  3542  4887 D libsensor-displayalgo: brightness:25.000000,R:5.362284,G:5.351212,B:5.354834,EVENT C:2487.000000,R:1478.000000,G:914.000000,B:577.500000, lux: 32.547199,cct:6583.776855, irPara: 0
06-27 15:21:15.509 21349  4750 D MiPlay MiPlay_Session: [readMore:680][DID8899:CMD_1551] Session readMore [2]:[250] [250]
06-27 15:21:15.509 21349  4748 I MiPlay MiPlay_RemoteClient: [onMultiDisplayInfo:153][DID8899:CMD_1551] onMultiDisplayInfo what:100002, index:1
06-27 15:21:15.511 21349  4748 I MiPlay MiPlay_RemoteClient: [onMultiDisplayInfo:153][DID8899:CMD_1551] onMultiDisplayInfo what:100003, index:1
06-27 15:21:15.548 21349  4544 I MiPlay CmdControl: [getCmdData:342][send] cmd :HeartBeat, seq: 2081, length: 25
06-27 15:21:15.549 18544 24460 W AOSP-MdnsDiscoveryManag: Error while decoding multicast packet (1980): 1 [CONTEXT service_id=168 ]
06-27 15:21:15.550 18544 24460 W AOSP-MdnsDiscoveryManag: Error while decoding multicast packet (1981): 1 [CONTEXT service_id=168 ]
06-27 15:21:15.551 18544 24460 W AOSP-MdnsDiscoveryManag: Error while decoding multicast packet (1982): 1 [CONTEXT service_id=168 ]
06-27 15:21:15.551 18544 24460 W AOSP-MdnsDiscoveryManag: Error while decoding multicast packet (1983): 1 [CONTEXT service_id=168 ]
06-27 15:21:15.556 21349  4544 I MiPlay CmdControl: [onRecvCmd:1232][DID8899:CMD_1551]CmdSource::onRecvCmd [recv seq]: 2081, type: HeartBeat_Ack, size: 0
06-27 15:21:15.562  2098  2188 I MiStcImpl: Dispatching command: 35 SET_HISTOGRAM
06-27 15:21:15.578  2098  2814 I vendor.qti.hardware.display.composer-service: FrameNotifyProcess Sensor: notify citsensorservice to trigger cwb
06-27 15:21:15.579  3542  4880 I libsensor-parseRGB: request dump start for mRequestDisplayId 0
06-27 15:21:15.579  3542  4880 D vendor.xiaomi.sensor.citsensorservice@2.0-service: handle id:22 wxh:1536x3200 uwxuh:1440x3200 size: 14745600 fd:16 fd_meta:17 flags:0x228 usage:0x33  format:0x3 layer_count: 1 reserved_size = 0
06-27 15:21:15.580  2098  2823 W SDM     : HWCSession::GetDisplayIndex: Display index not found for display 3.
06-27 15:21:15.580  2098  2823 D SDM     : HWCSession::SetCWBOutputBuffer: CWB config passed by cwb_client : tappoint 1  CWB_ROI : (473.000000 173.000000 714.000000 414.000000). Display 0
06-27 15:21:15.595  2098  2236 D SDM     : HWDeviceDRM::SetupConcurrentWriteback: Tear down the Concurrent Writeback topology
06-27 15:21:15.598 10173 10413 E music   : MediaInfo{currVol=30, maxVol=150, artist='赵雷', album='无法长大', title='阿刁', duration=377939, pos=78545, state=3, mediaPlayerName='', playerHasGone=0, stateChangeTimeMs=1782544875086, speed=1.0}
06-27 15:21:15.607  2850  6919 I NetworkAccelerateSwitchService: EVENT_RSSI_POLL. mRssiPoll=true
06-27 15:21:15.608  2850  6919 I NetworkAccelerateSwitchService: checkWifiRssiAndLinkSpeed rssi:38
06-27 15:21:15.608  2850  6919 I NetworkAccelerateSwitchService: checkWifiRssiAndLinkSpeed mWifiFastFade:false mWifiFastFadeAdjustThreshold:false
06-27 15:21:15.608  2850  6919 I NetworkAccelerateSwitchService: getAverageWifiRssi:36
06-27 15:21:15.608  2098  4902 D SDM     : HWCSession::NotifyCWBStatus: Notify the client about buffer status 0. Display: 0
06-27 15:21:15.609  2098  4902 I SDM     : HWCSession::ProcessCWBStatus: CWB queue is empty. display_index: 0
06-27 15:21:15.609  2850  6919 D NetworkAccelerateSwitchService: checkIntervalModeChange mMovementState:false mIntervalMode:0 mIsBadLinkLayerQoE:false mBadLinkLayerQoETimes = 0
06-27 15:21:15.618  3542  4881 D libsensor-parseRGB: the value of RGB [2.145471 2.143456 2.144115]
06-27 15:21:15.628 24123 24192 I SafeBinderCall: onPositionChange binder cost:1
06-27 15:21:15.628 24123 24123 D MiPlayDetailViewModel: onPositionChange(): position = 79085
06-27 15:21:15.679  3542  4887 I libsensor-displayalgo: the value of channelCali C:0.114401,R:0.003035,G:-0.001277,B:0.007536,scales C:1.094388,R:1.064690,G:1.151685,B:0.982580
06-27 15:21:15.679  3542  4887 D libsensor-displayalgo: brightness:25.000000,R:5.362284,G:5.351212,B:5.354834,EVENT C:2485.000000,R:1474.500000,G:916.000000,B:576.500000, lux: 32.682545,cct:6562.819336, irPara: 0
06-27 15:21:15.764  2098  2188 I MiStcImpl: Dispatching command: 35 SET_HISTOGRAM
06-27 15:21:15.765 21349  4750 D MiPlay MiPlay_Session: [readMore:680][DID8899:CMD_1551] Session readMore [2]:[250] [250]
06-27 15:21:15.765 21349  4748 I MiPlay MiPlay_RemoteClient: [onMultiDisplayInfo:153][DID8899:CMD_1551] onMultiDisplayInfo what:100002, index:1
06-27 15:21:15.766 21349  4748 I MiPlay MiPlay_RemoteClient: [onMultiDisplayInfo:153][DID8899:CMD_1551] onMultiDisplayInfo what:100003, index:1
06-27 15:21:15.779  2098  2814 I vendor.qti.hardware.display.composer-service: FrameNotifyProcess Sensor: notify citsensorservice to trigger cwb
06-27 15:21:15.780  3542  4880 I libsensor-parseRGB: request dump start for mRequestDisplayId 0
06-27 15:21:15.780  3542  4880 D vendor.xiaomi.sensor.citsensorservice@2.0-service: handle id:22 wxh:1536x3200 uwxuh:1440x3200 size: 14745600 fd:16 fd_meta:17 flags:0x228 usage:0x33  format:0x3 layer_count: 1 reserved_size = 0
06-27 15:21:15.781  2098  2825 W SDM     : HWCSession::GetDisplayIndex: Display index not found for display 3.
06-27 15:21:15.781  2098  2825 D SDM     : HWCSession::SetCWBOutputBuffer: CWB config passed by cwb_client : tappoint 1  CWB_ROI : (473.000000 173.000000 714.000000 414.000000). Display 0
06-27 15:21:15.793  2850  4888 D WifiStaIfaceHidlImpl: getCachedScanData is not implemented by HIDL
06-27 15:21:15.795  2850  4888 D MiuiWifiCommonBase: band: 1, compensate: 0
06-27 15:21:15.795  2098  2236 D SDM     : HWDeviceDRM::SetupConcurrentWriteback: Tear down the Concurrent Writeback topology
06-27 15:21:15.802  5847  7225 E PhoneAdapter: get ntnphones failed, exception: java.lang.IllegalStateException: not support satellite!
06-27 15:21:15.804  2850  4896 D AmlWifiScoreReportInjector: isMobileDataSignalPoor cellNrSignalRsrp = -105
06-27 15:21:15.808  2098  4902 D SDM     : HWCSession::NotifyCWBStatus: Notify the client about buffer status 0. Display: 0
06-27 15:21:15.809  2098  4902 I SDM     : HWCSession::ProcessCWBStatus: CWB queue is empty. display_index: 0
06-27 15:21:15.814 21349  4786 D AudioRecordImpl: [audioRecordData][fine] 5s(f:5013 m:7339 s:304) : pid 21349 uid 10170 sessionId 26025 sr 48000 ch 2 fmt 1
06-27 15:21:15.816  3542  4881 D libsensor-parseRGB: the value of RGB [2.145471 2.143456 2.144115]
06-27 15:21:15.879  3542  4887 I libsensor-displayalgo: the value of channelCali C:0.114379,R:0.003033,G:-0.001276,B:0.007539,scales C:1.094388,R:1.064690,G:1.151685,B:0.982580
06-27 15:21:15.879  3542  4887 D libsensor-displayalgo: brightness:25.000000,R:5.362284,G:5.351212,B:5.354834,EVENT C:2483.500000,R:1475.000000,G:916.000000,B:578.500000, lux: 32.588684,cct:6605.153320, irPara: 0
06-27 15:21:15.939  2850  4879 I MiuiNetworkPolicy: bandwidth: 3 KB/s, Max bandwidth: 3622 KB/s
06-27 15:21:15.966  2098  2188 I MiStcImpl: Dispatching command: 35 SET_HISTOGRAM
06-27 15:21:15.987  2098  2814 I vendor.qti.hardware.display.composer-service: FrameNotifyProcess Sensor: notify citsensorservice to trigger cwb
06-27 15:21:15.987  3542  4880 I libsensor-parseRGB: request dump start for mRequestDisplayId 0
06-27 15:21:15.988  3542  4880 D vendor.xiaomi.sensor.citsensorservice@2.0-service: handle id:22 wxh:1536x3200 uwxuh:1440x3200 size: 14745600 fd:16 fd_meta:17 flags:0x228 usage:0x33  format:0x3 layer_count: 1 reserved_size = 0
06-27 15:21:15.988  2098  2825 W SDM     : HWCSession::GetDisplayIndex: Display index not found for display 3.
06-27 15:21:15.988  2098  2825 D SDM     : HWCSession::SetCWBOutputBuffer: CWB config passed by cwb_client : tappoint 1  CWB_ROI : (473.000000 173.000000 714.000000 414.000000). Display 0
06-27 15:21:16.002  2098  2236 D SDM     : HWDeviceDRM::SetupConcurrentWriteback: Tear down the Concurrent Writeback topology
06-27 15:21:16.016  2098  4902 D SDM     : HWCSession::NotifyCWBStatus: Notify the client about buffer status 0. Display: 0
06-27 15:21:16.016  2098  4902 I SDM     : HWCSession::ProcessCWBStatus: CWB queue is empty. display_index: 0
06-27 15:21:16.020 21349  4750 D MiPlay MiPlay_Session: [readMore:680][DID8899:CMD_1551] Session readMore [2]:[250] [250]
06-27 15:21:16.020 21349  4748 I MiPlay MiPlay_RemoteClient: [onMultiDisplayInfo:153][DID8899:CMD_1551] onMultiDisplayInfo what:100002, index:1
06-27 15:21:16.021 21349  4748 I MiPlay MiPlay_RemoteClient: [onMultiDisplayInfo:153][DID8899:CMD_1551] onMultiDisplayInfo what:100003, index:1
06-27 15:21:16.025  3542  4881 D libsensor-parseRGB: the value of RGB [2.145471 2.143456 2.144115]
06-27 15:21:16.028 21349  4789 D BufferPoolAccessor2.0: bufferpool2 0xb400007ac7d1ba38 : 5(20480 size) total buffers - 4(16384 size) used buffers - 121568/121573 (recycle/alloc) - 285/243137 (fetch/transfer)
06-27 15:21:16.077  3542  4887 I libsensor-displayalgo: the value of channelCali C:0.114365,R:0.003034,G:-0.001274,B:0.007548,scales C:1.094388,R:1.064690,G:1.151685,B:0.982580
06-27 15:21:16.077  3542  4887 D libsensor-displayalgo: brightness:25.000000,R:5.362284,G:5.351212,B:5.354834,EVENT C:2482.000000,R:1472.500000,G:914.500000,B:575.500000, lux: 32.641003,cct:6560.143066, irPara: 0
06-27 15:21:16.170  2098  2188 I MiStcImpl: Dispatching command: 35 SET_HISTOGRAM
06-27 15:21:16.186  2098  2814 I vendor.qti.hardware.display.composer-service: FrameNotifyProcess Sensor: notify citsensorservice to trigger cwb
06-27 15:21:16.187  3542  4880 I libsensor-parseRGB: request dump start for mRequestDisplayId 0
06-27 15:21:16.187  3542  4880 D vendor.xiaomi.sensor.citsensorservice@2.0-service: handle id:22 wxh:1536x3200 uwxuh:1440x3200 size: 14745600 fd:16 fd_meta:17 flags:0x228 usage:0x33  format:0x3 layer_count: 1 reserved_size = 0
06-27 15:21:16.188  2098  2825 W SDM     : HWCSession::GetDisplayIndex: Display index not found for display 3.
06-27 15:21:16.188  2098  2825 D SDM     : HWCSession::SetCWBOutputBuffer: CWB config passed by cwb_client : tappoint 1  CWB_ROI : (473.000000 173.000000 714.000000 414.000000). Display 0
06-27 15:21:16.202  2098  2236 D SDM     : HWDeviceDRM::SetupConcurrentWriteback: Tear down the Concurrent Writeback topology
06-27 15:21:16.213 30864 24118 D PipelineWatcher: [0xb400007b57daa900] pipelineFull: too many frames in pipeline (4)
06-27 15:21:16.216  2098  4902 D SDM     : HWCSession::NotifyCWBStatus: Notify the client about buffer status 0. Display: 0
06-27 15:21:16.216  2098  4902 I SDM     : HWCSession::ProcessCWBStatus: CWB queue is empty. display_index: 0
06-27 15:21:16.223  3542  4881 D libsensor-parseRGB: the value of RGB [2.145471 2.143456 2.144115]
06-27 15:21:16.228  2098  2188 I MiStcImpl: Dispatching command: 18 Unknown
06-27 15:21:16.228  2346  2535 D MI-SF   : callback LOCKFPS value 0
06-27 15:21:16.278 21349  4750 D MiPlay MiPlay_Session: [readMore:680][DID8899:CMD_1551] Session readMore [2]:[250] [250]
06-27 15:21:16.279  3542  4887 I libsensor-displayalgo: the value of channelCali C:0.114318,R:0.003033,G:-0.001273,B:0.007558,scales C:1.094388,R:1.064690,G:1.151685,B:0.982580
06-27 15:21:16.279 21349  4748 I MiPlay MiPlay_RemoteClient: [onMultiDisplayInfo:153][DID8899:CMD_1551] onMultiDisplayInfo what:100002, index:1
06-27 15:21:16.280  3542  4887 D libsensor-displayalgo: brightness:25.000000,R:5.362284,G:5.351212,B:5.354834,EVENT C:2481.500000,R:1473.000000,G:912.500000,B:576.000000, lux: 32.532181,cct:6584.388672, irPara: 0
06-27 15:21:16.280 21349  4748 I MiPlay MiPlay_RemoteClient: [onMultiDisplayInfo:153][DID8899:CMD_1551] onMultiDisplayInfo what:100003, index:1
06-27 15:21:16.304 30864 24118 D PipelineWatcher: [0xb400007b57daa900] pipelineFull: too many frames in pipeline (4)
06-27 15:21:16.372  2098  2188 I MiStcImpl: Dispatching command: 35 SET_HISTOGRAM
06-27 15:21:16.394  2098  2814 I vendor.qti.hardware.display.composer-service: FrameNotifyProcess Sensor: notify citsensorservice to trigger cwb
06-27 15:21:16.395  3542  4880 I libsensor-parseRGB: request dump start for mRequestDisplayId 0
06-27 15:21:16.395  3542  4880 D vendor.xiaomi.sensor.citsensorservice@2.0-service: handle id:22 wxh:1536x3200 uwxuh:1440x3200 size: 14745600 fd:16 fd_meta:17 flags:0x228 usage:0x33  format:0x3 layer_count: 1 reserved_size = 0
06-27 15:21:16.396  2098  2823 W SDM     : HWCSession::GetDisplayIndex: Display index not found for display 3.
06-27 15:21:16.396  2098  2823 D SDM     : HWCSession::SetCWBOutputBuffer: CWB config passed by cwb_client : tappoint 1  CWB_ROI : (473.000000 173.000000 714.000000 414.000000). Display 0
06-27 15:21:16.398  5901  5901 D MiPlayDetailViewModel: onPositionChangeSelf position = 79856
06-27 15:21:16.398  5901 24122 I SafeBinderCall: onPositionChange binder cost:1
06-27 15:21:16.410  2098  2236 D SDM     : HWDeviceDRM::SetupConcurrentWriteback: Tear down the Concurrent Writeback topology
06-27 15:21:16.424  2098  4902 D SDM     : HWCSession::NotifyCWBStatus: Notify the client about buffer status 0. Display: 0
06-27 15:21:16.424  2098  4902 I SDM     : HWCSession::ProcessCWBStatus: CWB queue is empty. display_index: 0
06-27 15:21:16.432  3542  4881 D libsensor-parseRGB: the value of RGB [2.145471 2.143456 2.144115]
06-27 15:21:16.458  2346  2346 D MI-SF   : isTpIdleScene ,mAverageFrameRate is 120, 0 
06-27 15:21:16.458  2346  2346 D MI-SF   : modeGroup0 mIsSupportAutomodeForMaxFpsSetting is 1(0), getCurrentBrightness() = 15(528), mIsKeepAutoMode 0 isAutoModeAllowed() 1
06-27 15:21:16.458  2346  2346 D RefreshRateSelector: fixedMode_group: 0, isFindModeGroup 0
06-27 15:21:16.458  2346  2346 D RefreshRateSelector: find max refresh rate:120, mode Group:0
06-27 15:21:16.479  3542  4887 I libsensor-displayalgo: the value of channelCali C:0.114352,R:0.003039,G:-0.001272,B:0.007562,scales C:1.094388,R:1.064690,G:1.151685,B:0.982580
06-27 15:21:16.479  3542  4887 D libsensor-displayalgo: brightness:25.000000,R:5.362284,G:5.351212,B:5.354834,EVENT C:2485.000000,R:1475.500000,G:916.500000,B:577.500000, lux: 32.654007,cct:6576.345703, irPara: 0
06-27 15:21:16.531 30864 24118 D PipelineWatcher: [0xb400007b57daa900] pipelineFull: too many frames in pipeline (4)
06-27 15:21:16.534 21349  4750 D MiPlay MiPlay_Session: [readMore:680][DID8899:CMD_1551] Session readMore [2]:[250] [250]
06-27 15:21:16.535 21349  4748 I MiPlay MiPlay_RemoteClient: [onMultiDisplayInfo:153][DID8899:CMD_1551] onMultiDisplayInfo what:100002, index:1
06-27 15:21:16.537 21349  4748 I MiPlay MiPlay_RemoteClient: [onMultiDisplayInfo:153][DID8899:CMD_1551] onMultiDisplayInfo what:100003, index:1
06-27 15:21:16.573  2098  2188 I MiStcImpl: Dispatching command: 35 SET_HISTOGRAM
06-27 15:21:16.579 30864 24118 I MediaCodec: [mId: 9] [audio-debug-dec] state 6 mFlags 19456 Stats 5017ms:Client:com.netease.cloudmusic.iot,Component:c2.android.mp3.decoder,Qin:192,DQin:0/0,Render:0,Drop:192,DQout:0/0
06-27 15:21:16.601  2098  2814 I vendor.qti.hardware.display.composer-service: FrameNotifyProcess Sensor: notify citsensorservice to trigger cwb
06-27 15:21:16.601  3542  4880 I libsensor-parseRGB: request dump start for mRequestDisplayId 0
06-27 15:21:16.602  3542  4880 D vendor.xiaomi.sensor.citsensorservice@2.0-service: handle id:22 wxh:1536x3200 uwxuh:1440x3200 size: 14745600 fd:16 fd_meta:17 flags:0x228 usage:0x33  format:0x3 layer_count: 1 reserved_size = 0
06-27 15:21:16.602  2098  2825 W SDM     : HWCSession::GetDisplayIndex: Display index not found for display 3.
06-27 15:21:16.602  2098  2825 D SDM     : HWCSession::SetCWBOutputBuffer: CWB config passed by cwb_client : tappoint 1  CWB_ROI : (473.000000 173.000000 714.000000 414.000000). Display 0
06-27 15:21:16.618  2098  2236 D SDM     : HWDeviceDRM::SetupConcurrentWriteback: Tear down the Concurrent Writeback topology
06-27 15:21:16.623 24123 24192 I SafeBinderCall: onPositionChange binder cost:0
06-27 15:21:16.624 24123 24123 D MiPlayDetailViewModel: onPositionChange(): position = 80082
06-27 15:21:16.632  2098  4902 D SDM     : HWCSession::NotifyCWBStatus: Notify the client about buffer status 0. Display: 0
06-27 15:21:16.632  2098  4902 I SDM     : HWCSession::ProcessCWBStatus: CWB queue is empty. display_index: 0
06-27 15:21:16.641  3542  4881 D libsensor-parseRGB: the value of RGB [2.145471 2.143456 2.144115]
06-27 15:21:16.654  2027 18111 I WifiHAL : event received NL80211_CMD_VENDOR, vendor_id = 0x1374, subcmd = 0xd
06-27 15:21:16.655  3423  3423 I cnss-daemon: nl80211 response handler invoked
06-27 15:21:16.655  3423  3423 I cnss-daemon: nl80211_response_handler: cmd 103, vendorID 4980, subcmd 13  received
06-27 15:21:16.677  3542  4887 I libsensor-displayalgo: the value of channelCali C:0.114359,R:0.003037,G:-0.001274,B:0.007553,scales C:1.094388,R:1.064690,G:1.151685,B:0.982580
06-27 15:21:16.677  3542  4887 D libsensor-displayalgo: brightness:25.000000,R:5.362284,G:5.351212,B:5.354834,EVENT C:2486.500000,R:1477.000000,G:917.000000,B:578.000000, lux: 32.656464,cct:6576.790039, irPara: 0
06-27 15:21:16.734  2850  4424 W ActivityManagerServiceImpl: Sending non-protected broadcast miui.intent.action.CYCLE_CHECK from system uid 1000 pkg android. Callers=com.android.server.am.BroadcastController.checkBroadcastFromSystem:2218 com.android.server.am.BroadcastController.broadcastIntentLockedTraced:1703 com.android.server.am.BroadcastController.broadcastIntentLocked:857 com.android.server.am.BroadcastController.broadcastIntentInPackage:824 com.android.server.am.ActivityManagerService$LocalService.broadcastIntentInPackage:18839 
06-27 15:21:16.743  2850  2850 E AlarmManager: not align this alarm: Alarm{f774b9b type 2 origWhen 1130410785 whenElapsed 1130410785 android}, reason=0
06-27 15:21:16.745  2850  2869 I android_os_HwBinder: HwBinder: Starting thread pool for getting: vendor.xiaomi.hardware.micharge@1.0::IMiCharge/default
06-27 15:21:16.746  2155  7520 I vendor.xiaomi.hardware.micharge@1.0-service: ReadFilePathValue path = /sys/class/power_supply/battery/temp value = 329
06-27 15:21:16.750  2850  2869 I android_os_HwBinder: HwBinder: Starting thread pool for getting: vendor.xiaomi.hardware.micharge@1.0::IMiCharge/default
06-27 15:21:16.751  2155  7520 I vendor.xiaomi.hardware.micharge@1.0-service: ReadFilePathValue path = /sys/class/power_supply/battery/charge_control_limit value = 5
06-27 15:21:16.777  2098  2188 I MiStcImpl: Dispatching command: 35 SET_HISTOGRAM
06-27 15:21:16.788 21349  4750 D MiPlay MiPlay_Session: [readMore:680][DID8899:CMD_1551] Session readMore [2]:[250] [250]
06-27 15:21:16.788 21349  4748 I MiPlay MiPlay_RemoteClient: [onMultiDisplayInfo:153][DID8899:CMD_1551] onMultiDisplayInfo what:100002, index:1
06-27 15:21:16.789 21349  4748 I MiPlay MiPlay_RemoteClient: [onMultiDisplayInfo:153][DID8899:CMD_1551] onMultiDisplayInfo what:100003, index:1
06-27 15:21:16.802  2098  2814 I vendor.qti.hardware.display.composer-service: FrameNotifyProcess Sensor: notify citsensorservice to trigger cwb
06-27 15:21:16.802  3542  4880 I libsensor-parseRGB: request dump start for mRequestDisplayId 0
06-27 15:21:16.802  3542  4880 D vendor.xiaomi.sensor.citsensorservice@2.0-service: handle id:22 wxh:1536x3200 uwxuh:1440x3200 size: 14745600 fd:16 fd_meta:17 flags:0x228 usage:0x33  format:0x3 layer_count: 1 reserved_size = 0
06-27 15:21:16.803  2098  2823 W SDM     : HWCSession::GetDisplayIndex: Display index not found for display 3.
06-27 15:21:16.803  2098  2823 D SDM     : HWCSession::SetCWBOutputBuffer: CWB config passed by cwb_client : tappoint 1  CWB_ROI : (473.000000 173.000000 714.000000 414.000000). Display 0
06-27 15:21:16.817  2098  2236 D SDM     : HWDeviceDRM::SetupConcurrentWriteback: Tear down the Concurrent Writeback topology
06-27 15:21:16.832  2098  4902 D SDM     : HWCSession::NotifyCWBStatus: Notify the client about buffer status 0. Display: 0
06-27 15:21:16.832  2098  4902 I SDM     : HWCSession::ProcessCWBStatus: CWB queue is empty. display_index: 0
06-27 15:21:16.838 12808 17363 D JavaheapMonitor: Java heap used=4M max=256M, proc: com.xiaomi.mi_connect_service
06-27 15:21:16.838  3542  4881 D libsensor-parseRGB: the value of RGB [2.145471 2.143456 2.144115]
06-27 15:21:16.838 12808 17363 V JavaheapMonitor: Check java heap usage finished! Next check delay: 300000
06-27 15:21:16.879  3542  4887 I libsensor-displayalgo: the value of channelCali C:0.114356,R:0.003032,G:-0.001275,B:0.007545,scales C:1.094388,R:1.064690,G:1.151685,B:0.982580
06-27 15:21:16.879 18544 24460 W AOSP-MdnsDiscoveryManag: Error while decoding multicast packet (1984): 1 [CONTEXT service_id=168 ]
06-27 15:21:16.879  3542  4887 D libsensor-displayalgo: brightness:25.000000,R:5.362284,G:5.351212,B:5.354834,EVENT C:2492.500000,R:1478.500000,G:917.000000,B:578.500000, lux: 32.713436,cct:6585.437500, irPara: 0
06-27 15:21:16.880 18544 24460 W AOSP-MdnsDiscoveryManag: Error while decoding multicast packet (1985): 1 [CONTEXT service_id=168 ]
06-27 15:21:16.880 18544 24460 W AOSP-MdnsDiscoveryManag: Error while decoding multicast packet (1986): 1 [CONTEXT service_id=168 ]
06-27 15:21:16.919 30098 32044 D JavaheapMonitor: Java heap used=8M max=256M, proc: com.xiaomi.vtcamera
06-27 15:21:16.919 30098 32044 V JavaheapMonitor: Check java heap usage finished! Next check delay: 300000
06-27 15:21:16.979  2098  2188 I MiStcImpl: Dispatching command: 35 SET_HISTOGRAM
06-27 15:21:17.010  2098  2814 I vendor.qti.hardware.display.composer-service: FrameNotifyProcess Sensor: notify citsensorservice to trigger cwb
06-27 15:21:17.011  3542  4880 I libsensor-parseRGB: request dump start for mRequestDisplayId 0
06-27 15:21:17.011  3542  4880 D vendor.xiaomi.sensor.citsensorservice@2.0-service: handle id:22 wxh:1536x3200 uwxuh:1440x3200 size: 14745600 fd:16 fd_meta:17 flags:0x228 usage:0x33  format:0x3 layer_count: 1 reserved_size = 0
06-27 15:21:17.011  2098  2825 W SDM     : HWCSession::GetDisplayIndex: Display index not found for display 3.
06-27 15:21:17.011  2098  2825 D SDM     : HWCSession::SetCWBOutputBuffer: CWB config passed by cwb_client : tappoint 1  CWB_ROI : (473.000000 173.000000 714.000000 414.000000). Display 0
06-27 15:21:17.025  2098  2236 D SDM     : HWDeviceDRM::SetupConcurrentWriteback: Tear down the Concurrent Writeback topology
06-27 15:21:17.040  2098  4902 D SDM     : HWCSession::NotifyCWBStatus: Notify the client about buffer status 0. Display: 0
06-27 15:21:17.040  2098  4902 I SDM     : HWCSession::ProcessCWBStatus: CWB queue is empty. display_index: 0
06-27 15:21:17.045 21349  4750 D MiPlay MiPlay_Session: [readMore:680][DID8899:CMD_1551] Session readMore [2]:[250] [250]
06-27 15:21:17.045 21349  4748 I MiPlay MiPlay_RemoteClient: [onMultiDisplayInfo:153][DID8899:CMD_1551] onMultiDisplayInfo what:100002, index:1
06-27 15:21:17.046 21349  4748 I MiPlay MiPlay_RemoteClient: [onMultiDisplayInfo:153][DID8899:CMD_1551] onMultiDisplayInfo what:100003, index:1
06-27 15:21:17.052  3542  4881 D libsensor-parseRGB: the value of RGB [2.145471 2.143456 2.144115]
06-27 15:21:17.078  3542  4887 I libsensor-displayalgo: the value of channelCali C:0.114358,R:0.003033,G:-0.001275,B:0.007545,scales C:1.094388,R:1.064690,G:1.151685,B:0.982580
06-27 15:21:17.078  3542  4887 D libsensor-displayalgo: brightness:25.000000,R:5.362284,G:5.351212,B:5.354834,EVENT C:2490.500000,R:1479.000000,G:919.500000,B:578.500000, lux: 32.767910,cct:6560.878418, irPara: 0
06-27 15:21:17.182  2098  2188 I MiStcImpl: Dispatching command: 35 SET_HISTOGRAM
06-27 15:21:17.210  2098  2814 I vendor.qti.hardware.display.composer-service: FrameNotifyProcess Sensor: notify citsensorservice to trigger cwb
06-27 15:21:17.210  3542  4880 I libsensor-parseRGB: request dump start for mRequestDisplayId 0
06-27 15:21:17.211  3542  4880 D vendor.xiaomi.sensor.citsensorservice@2.0-service: handle id:22 wxh:1536x3200 uwxuh:1440x3200 size: 14745600 fd:16 fd_meta:17 flags:0x228 usage:0x33  format:0x3 layer_count: 1 reserved_size = 0
06-27 15:21:17.211  2098  2823 W SDM     : HWCSession::GetDisplayIndex: Display index not found for display 3.
06-27 15:21:17.211  2098  2823 D SDM     : HWCSession::SetCWBOutputBuffer: CWB config passed by cwb_client : tappoint 1  CWB_ROI : (473.000000 173.000000 714.000000 414.000000). Display 0
06-27 15:21:17.226  2098  2236 D SDM     : HWDeviceDRM::SetupConcurrentWriteback: Tear down the Concurrent Writeback topology
06-27 15:21:17.239  2098  4902 D SDM     : HWCSession::NotifyCWBStatus: Notify the client about buffer status 0. Display: 0
06-27 15:21:17.239  2098  4902 I SDM     : HWCSession::ProcessCWBStatus: CWB queue is empty. display_index: 0
06-27 15:21:17.250  3542  4881 D libsensor-parseRGB: the value of RGB [2.145471 2.143456 2.144115]
06-27 15:21:17.277  3542  4887 I libsensor-displayalgo: the value of channelCali C:0.114380,R:0.003034,G:-0.001275,B:0.007543,scales C:1.094388,R:1.064690,G:1.151685,B:0.982580
06-27 15:21:17.277  3542  4887 D libsensor-displayalgo: brightness:25.000000,R:5.362284,G:5.351212,B:5.354834,EVENT C:2489.500000,R:1477.000000,G:917.000000,B:579.500000, lux: 32.660175,cct:6614.631348, irPara: 0
06-27 15:21:17.301 21349  4750 D MiPlay MiPlay_Session: [readMore:680][DID8899:CMD_1551] Session readMore [2]:[250] [250]
06-27 15:21:17.301 21349  4748 I MiPlay MiPlay_RemoteClient: [onMultiDisplayInfo:153][DID8899:CMD_1551] onMultiDisplayInfo what:100002, index:1
06-27 15:21:17.302 21349  4748 I MiPlay MiPlay_RemoteClient: [onMultiDisplayInfo:153][DID8899:CMD_1551] onMultiDisplayInfo what:100003, index:1
06-27 15:21:17.321 30864  2615 D AudioTrackImpl: [audioTrackData][fine] 20s(f:20001 m:0 s:0 k:0 z:0) : pid 30864 uid 10453 sessionId 26017 sr 44100 ch 2 fmt 1 maxAmplitude 6897
06-27 15:21:17.329 21349  4789 I MediaCodec: [mId: 1] [audio-debug-enc] state 6 mFlags 3328 Stats 5011ms:Client:com.milink.service,Component:c2.android.aac.encoder,Qin:235,DQin:0/0,Render:0,encode:235,DQout:0/0
06-27 15:21:17.385  2098  2188 I MiStcImpl: Dispatching command: 35 SET_HISTOGRAM
06-27 15:21:17.397  5901 24122 I SafeBinderCall: onPositionChange binder cost:0
06-27 15:21:17.397  5901  5901 D MiPlayDetailViewModel: onPositionChangeSelf position = 80856
06-27 15:21:17.418  2098  2814 I vendor.qti.hardware.display.composer-service: FrameNotifyProcess Sensor: notify citsensorservice to trigger cwb
06-27 15:21:17.419  3542  4880 I libsensor-parseRGB: request dump start for mRequestDisplayId 0
06-27 15:21:17.419  3542  4880 D vendor.xiaomi.sensor.citsensorservice@2.0-service: handle id:22 wxh:1536x3200 uwxuh:1440x3200 size: 14745600 fd:16 fd_meta:17 flags:0x228 usage:0x33  format:0x3 layer_count: 1 reserved_size = 0
06-27 15:21:17.419  2098  2825 W SDM     : HWCSession::GetDisplayIndex: Display index not found for display 3.
06-27 15:21:17.419  2098  2825 D SDM     : HWCSession::SetCWBOutputBuffer: CWB config passed by cwb_client : tappoint 1  CWB_ROI : (473.000000 173.000000 714.000000 414.000000). Display 0
06-27 15:21:17.433  2098  2236 D SDM     : HWDeviceDRM::SetupConcurrentWriteback: Tear down the Concurrent Writeback topology
06-27 15:21:17.447  2098  4902 D SDM     : HWCSession::NotifyCWBStatus: Notify the client about buffer status 0. Display: 0
06-27 15:21:17.448  2098  4902 I SDM     : HWCSession::ProcessCWBStatus: CWB queue is empty. display_index: 0
06-27 15:21:17.456  3542  4881 D libsensor-parseRGB: the value of RGB [2.145471 2.143456 2.144115]
06-27 15:21:17.459  6051 11439 D JavaheapMonitor: Java heap used=4M max=256M, proc: android.ext.services
06-27 15:21:17.460  6051 11439 V JavaheapMonitor: Check java heap usage finished! Next check delay: 300000
06-27 15:21:17.477  3542  4887 I libsensor-displayalgo: the value of channelCali C:0.114407,R:0.003034,G:-0.001276,B:0.007538,scales C:1.094388,R:1.064690,G:1.151685,B:0.982580
06-27 15:21:17.477  3542  4887 D libsensor-displayalgo: brightness:25.000000,R:5.362284,G:5.351212,B:5.354834,EVENT C:2493.000000,R:1479.500000,G:918.500000,B:578.500000, lux: 32.761757,cct:6568.256836, irPara: 0
06-27 15:21:17.511 10901 21886 D JavaheapMonitor: Java heap used=7M max=256M, proc: com.xiaomi.metoknlp
06-27 15:21:17.511 10901 21886 V JavaheapMonitor: Check java heap usage finished! Next check delay: 300000
